=== 11:17:52 ===
               total        used        free      shared  buff/cache   available
Mem:           15996         848       14790           0         624       15148
Swap:              0           0           0
       619932 K swap cache
            0 K total swap
            0 K used swap
            0 K free swap
            0 pages swapped in
            0 pages swapped out
=== 11:17:57 ===
               total        used        free      shared  buff/cache   available
Mem:           15996        8985        6649          56         684        7011
Swap:              0           0           0
       680996 K swap cache
            0 K total swap
            0 K used swap
            0 K free swap
            0 pages swapped in
            0 pages swapped out
=== 11:18:02 ===
               total        used        free      shared  buff/cache   available
Mem:           15996        7956        7677          56         684        8040
Swap:              0           0           0
       681124 K swap cache
            0 K total swap
            0 K used swap
            0 K free swap
            0 pages swapped in
            0 pages swapped out
=== 11:18:07 ===
               total        used        free      shared  buff/cache   available
Mem:           15996        6457        9181          56         680        9539
Swap:              0           0           0
       678032 K swap cache
            0 K total swap
            0 K used swap
            0 K free swap
            0 pages swapped in
            0 pages swapped out
=== 11:18:12 ===
               total        used        free      shared  buff/cache   available
Mem:           15996       11270        4367          56         680        4726
Swap:              0           0           0
       678032 K swap cache
            0 K total swap
            0 K used swap
            0 K free swap
            0 pages swapped in
            0 pages swapped out
=== 11:18:17 ===
               total        used        free      shared  buff/cache   available
Mem:           15996       14211        1427          56         680        1785
Swap:              0           0           0
       678032 K swap cache
            0 K total swap
            0 K used swap
            0 K free swap
            0 pages swapped in
            0 pages swapped out
=== 11:18:22 ===
               total        used        free      shared  buff/cache   available
Mem:           15996       14219        1418          56         680        1777
Swap:              0           0           0
       678032 K swap cache
            0 K total swap
            0 K used swap
            0 K free swap
            0 pages swapped in
            0 pages swapped out
=== 11:18:28 ===
               total        used        free      shared  buff/cache   available
Mem:           15996       14219        1418          56         680        1777
Swap:              0           0           0
       678032 K swap cache
            0 K total swap
            0 K used swap
            0 K free swap
            0 pages swapped in
            0 pages swapped out
=== 11:18:33 ===
               total        used        free      shared  buff/cache   available
Mem:           15996       14219        1418          56         680        1777
Swap:              0           0           0
       678032 K swap cache
            0 K total swap
            0 K used swap
            0 K free swap
            0 pages swapped in
            0 pages swapped out
=== 11:18:38 ===
               total        used        free      shared  buff/cache   available
Mem:           15996       14219        1418          56         680        1777
Swap:              0           0           0
       678032 K swap cache
            0 K total swap
            0 K used swap
            0 K free swap
            0 pages swapped in
            0 pages swapped out
=== 11:18:43 ===
               total        used        free      shared  buff/cache   available
Mem:           15996       10908        4729          56         680        5088
Swap:              0           0           0
       678032 K swap cache
            0 K total swap
            0 K used swap
            0 K free swap
            0 pages swapped in
            0 pages swapped out
=== 11:18:48 ===
               total        used        free      shared  buff/cache   available
Mem:           15996       10992        4645          56         680        5003
Swap:              0           0           0
       678060 K swap cache
            0 K total swap
            0 K used swap
            0 K free swap
            0 pages swapped in
            0 pages swapped out
=== 11:18:53 ===
               total        used        free      shared  buff/cache   available
Mem:           15996       12277        3360          56         680        3719
Swap:              0           0           0
       678060 K swap cache
            0 K total swap
            0 K used swap
            0 K free swap
            0 pages swapped in
            0 pages swapped out
=== 11:18:58 ===
               total        used        free      shared  buff/cache   available
Mem:           15996       11275        4362          56         680        4721
Swap:              0           0           0
       678060 K swap cache
            0 K total swap
            0 K used swap
            0 K free swap
            0 pages swapped in
            0 pages swapped out
=== 11:19:03 ===
               total        used        free      shared  buff/cache   available
Mem:           15996       12219        3418          56         680        3776
Swap:              0           0           0
       678060 K swap cache
            0 K total swap
            0 K used swap
            0 K free swap
            0 pages swapped in
            0 pages swapped out
=== 11:19:08 ===
               total        used        free      shared  buff/cache   available
Mem:           15996       11753        3884          56         680        4243
Swap:              0           0           0
       678060 K swap cache
            0 K total swap
            0 K used swap
            0 K free swap
            0 pages swapped in
            0 pages swapped out
=== 11:19:13 ===
               total        used        free      shared  buff/cache   available
Mem:           15996        7978        7659          56         680        8018
Swap:              0           0           0
       678060 K swap cache
            0 K total swap
            0 K used swap
            0 K free swap
            0 pages swapped in
            0 pages swapped out
=== 11:19:18 ===
               total        used        free      shared  buff/cache   available
Mem:           15996       11010        4627          56         680        4985
Swap:              0           0           0
       678060 K swap cache
            0 K total swap
            0 K used swap
            0 K free swap
            0 pages swapped in
            0 pages swapped out
=== 11:19:23 ===
               total        used        free      shared  buff/cache   available
Mem:           15996       14296        1341          56         680        1700
Swap:              0           0           0
       678060 K swap cache
            0 K total swap
            0 K used swap
            0 K free swap
            0 pages swapped in
            0 pages swapped out
=== 11:19:28 ===
               total        used        free      shared  buff/cache   available
Mem:           15996       14472        1165          56         680        1524
Swap:              0           0           0
       678060 K swap cache
            0 K total swap
            0 K used swap
            0 K free swap
            0 pages swapped in
            0 pages swapped out
=== 11:19:33 ===
               total        used        free      shared  buff/cache   available
Mem:           15996       13925        1712          56         680        2071
Swap:              0           0           0
       678128 K swap cache
            0 K total swap
            0 K used swap
            0 K free swap
            0 pages swapped in
            0 pages swapped out
=== 11:19:38 ===
               total        used        free      shared  buff/cache   available
Mem:           15996       13784        1853          56         680        2212
Swap:              0           0           0
       678132 K swap cache
            0 K total swap
            0 K used swap
            0 K free swap
            0 pages swapped in
            0 pages swapped out
=== 11:19:43 ===
               total        used        free      shared  buff/cache   available
Mem:           15996       14382        1255          56         680        1614
Swap:              0           0           0
       678132 K swap cache
            0 K total swap
            0 K used swap
            0 K free swap
            0 pages swapped in
            0 pages swapped out
=== 11:19:48 ===
               total        used        free      shared  buff/cache   available
Mem:           15996       14330        1307          56         680        1666
Swap:              0           0           0
       678132 K swap cache
            0 K total swap
            0 K used swap
            0 K free swap
            0 pages swapped in
            0 pages swapped out
=== 11:19:53 ===
               total        used        free      shared  buff/cache   available
Mem:           15996       11129        4508          56         680        4867
Swap:              0           0           0
       678132 K swap cache
            0 K total swap
            0 K used swap
            0 K free swap
            0 pages swapped in
            0 pages swapped out
=== 11:19:58 ===
               total        used        free      shared  buff/cache   available
Mem:           15996       14395        1242          56         680        1601
Swap:              0           0           0
       678132 K swap cache
            0 K total swap
            0 K used swap
            0 K free swap
            0 pages swapped in
            0 pages swapped out
=== 11:20:03 ===
               total        used        free      shared  buff/cache   available
Mem:           15996       14367        1270          56         680        1629
Swap:              0           0           0
       678132 K swap cache
            0 K total swap
            0 K used swap
            0 K free swap
            0 pages swapped in
            0 pages swapped out
=== 11:20:08 ===
               total        used        free      shared  buff/cache   available
Mem:           15996       14294        1343          56         680        1702
Swap:              0           0           0
       678132 K swap cache
            0 K total swap
            0 K used swap
            0 K free swap
            0 pages swapped in
            0 pages swapped out
=== 11:20:13 ===
               total        used        free      shared  buff/cache   available
Mem:           15996       14255        1382          56         680        1741
Swap:              0           0           0
       678132 K swap cache
            0 K total swap
            0 K used swap
            0 K free swap
            0 pages swapped in
            0 pages swapped out
=== 11:20:18 ===
               total        used        free      shared  buff/cache   available
Mem:           15996       14234        1403          56         680        1762
Swap:              0           0           0
       678132 K swap cache
            0 K total swap
            0 K used swap
            0 K free swap
            0 pages swapped in
            0 pages swapped out
=== 11:20:23 ===
               total        used        free      shared  buff/cache   available
Mem:           15996       14234        1403          56         680        1762
Swap:              0           0           0
       678132 K swap cache
            0 K total swap
            0 K used swap
            0 K free swap
            0 pages swapped in
            0 pages swapped out
=== 11:20:28 ===
               total        used        free      shared  buff/cache   available
Mem:           15996       14234        1403          56         680        1762
Swap:              0           0           0
       678132 K swap cache
            0 K total swap
            0 K used swap
            0 K free swap
            0 pages swapped in
            0 pages swapped out
=== 11:20:33 ===
               total        used        free      shared  buff/cache   available
Mem:           15996       14234        1403          56         681        1762
Swap:              0           0           0
       678136 K swap cache
            0 K total swap
            0 K used swap
            0 K free swap
            0 pages swapped in
            0 pages swapped out
=== 11:20:38 ===
               total        used        free      shared  buff/cache   available
Mem:           15996       14234        1403          56         681        1762
Swap:              0           0           0
       678136 K swap cache
            0 K total swap
            0 K used swap
            0 K free swap
            0 pages swapped in
            0 pages swapped out
=== 11:20:43 ===
               total        used        free      shared  buff/cache   available
Mem:           15996       14234        1403          56         681        1762
Swap:              0           0           0
       678136 K swap cache
            0 K total swap
            0 K used swap
            0 K free swap
            0 pages swapped in
            0 pages swapped out
=== 11:20:48 ===
               total        used        free      shared  buff/cache   available
Mem:           15996       14234        1402          56         681        1761
Swap:              0           0           0
       678136 K swap cache
            0 K total swap
            0 K used swap
            0 K free swap
            0 pages swapped in
            0 pages swapped out
=== 11:20:53 ===
               total        used        free      shared  buff/cache   available
Mem:           15996       14234        1402          56         681        1761
Swap:              0           0           0
       678136 K swap cache
            0 K total swap
            0 K used swap
            0 K free swap
            0 pages swapped in
            0 pages swapped out
=== 11:20:58 ===
               total        used        free      shared  buff/cache   available
Mem:           15996       11903        3734          56         681        4093
Swap:              0           0           0
       678136 K swap cache
            0 K total swap
            0 K used swap
            0 K free swap
            0 pages swapped in
            0 pages swapped out
=== 11:21:03 ===
               total        used        free      shared  buff/cache   available
Mem:           15996       11936        3701          56         681        4060
Swap:              0           0           0
       678136 K swap cache
            0 K total swap
            0 K used swap
            0 K free swap
            0 pages swapped in
            0 pages swapped out
=== 11:21:08 ===
               total        used        free      shared  buff/cache   available
Mem:           15996       13904        1733          56         681        2092
Swap:              0           0           0
       678136 K swap cache
            0 K total swap
            0 K used swap
            0 K free swap
            0 pages swapped in
            0 pages swapped out
=== 11:21:13 ===
               total        used        free      shared  buff/cache   available
Mem:           15996       14214        1423          56         681        1782
Swap:              0           0           0
       678136 K swap cache
            0 K total swap
            0 K used swap
            0 K free swap
            0 pages swapped in
            0 pages swapped out
=== 11:21:18 ===
               total        used        free      shared  buff/cache   available
Mem:           15996       14214        1423          56         681        1782
Swap:              0           0           0
       678212 K swap cache
            0 K total swap
            0 K used swap
            0 K free swap
            0 pages swapped in
            0 pages swapped out
=== 11:21:23 ===
               total        used        free      shared  buff/cache   available
Mem:           15996        8039        7598          56         681        7957
Swap:              0           0           0
       678344 K swap cache
            0 K total swap
            0 K used swap
            0 K free swap
            0 pages swapped in
            0 pages swapped out
=== 11:21:28 ===
               total        used        free      shared  buff/cache   available
Mem:           15996        3076       12560          56         681       12919
Swap:              0           0           0
       678344 K swap cache
            0 K total swap
            0 K used swap
            0 K free swap
            0 pages swapped in
            0 pages swapped out
=== 11:21:34 ===
               total        used        free      shared  buff/cache   available
Mem:           15996        5270       10363          56         685       10726
Swap:              0           0           0
       682352 K swap cache
            0 K total swap
            0 K used swap
            0 K free swap
            0 pages swapped in
            0 pages swapped out
=== 11:21:39 ===
               total        used        free      shared  buff/cache   available
Mem:           15996        7481        8151          56         685        8514
Swap:              0           0           0
       682352 K swap cache
            0 K total swap
            0 K used swap
            0 K free swap
            0 pages swapped in
            0 pages swapped out
=== 11:21:44 ===
               total        used        free      shared  buff/cache   available
Mem:           15996        9673        5960          56         685        6323
Swap:              0           0           0
       682352 K swap cache
            0 K total swap
            0 K used swap
            0 K free swap
            0 pages swapped in
            0 pages swapped out
=== 11:21:49 ===
               total        used        free      shared  buff/cache   available
Mem:           15996       11871        3762          56         685        4125
Swap:              0           0           0
       682352 K swap cache
            0 K total swap
            0 K used swap
            0 K free swap
            0 pages swapped in
            0 pages swapped out
=== 11:21:54 ===
               total        used        free      shared  buff/cache   available
Mem:           15996       13647        1986          56         685        2349
Swap:              0           0           0
       682360 K swap cache
            0 K total swap
            0 K used swap
            0 K free swap
            0 pages swapped in
            0 pages swapped out
=== 11:21:59 ===
               total        used        free      shared  buff/cache   available
Mem:           15996       14215        1418          56         685        1781
Swap:              0           0           0
       682360 K swap cache
            0 K total swap
            0 K used swap
            0 K free swap
            0 pages swapped in
            0 pages swapped out
=== 11:22:04 ===
               total        used        free      shared  buff/cache   available
Mem:           15996       14215        1418          56         685        1781
Swap:              0           0           0
       682368 K swap cache
            0 K total swap
            0 K used swap
            0 K free swap
            0 pages swapped in
            0 pages swapped out
=== 11:22:09 ===
               total        used        free      shared  buff/cache   available
Mem:           15996       14215        1418          56         685        1781
Swap:              0           0           0
       682360 K swap cache
            0 K total swap
            0 K used swap
            0 K free swap
            0 pages swapped in
            0 pages swapped out
=== 11:22:14 ===
               total        used        free      shared  buff/cache   available
Mem:           15996       14215        1418          56         685        1781
Swap:              0           0           0
       682360 K swap cache
            0 K total swap
            0 K used swap
            0 K free swap
            0 pages swapped in
            0 pages swapped out
=== 11:22:19 ===
               total        used        free      shared  buff/cache   available
Mem:           15996       14215        1418          56         685        1781
Swap:              0           0           0
       682364 K swap cache
            0 K total swap
            0 K used swap
            0 K free swap
            0 pages swapped in
            0 pages swapped out
=== 11:22:24 ===
               total        used        free      shared  buff/cache   available
Mem:           15996       14215        1418          56         685        1781
Swap:              0           0           0
       682364 K swap cache
            0 K total swap
            0 K used swap
            0 K free swap
            0 pages swapped in
            0 pages swapped out
=== 11:22:29 ===
               total        used        free      shared  buff/cache   available
Mem:           15996       12650        2983          56         685        3346
Swap:              0           0           0
       682364 K swap cache
            0 K total swap
            0 K used swap
            0 K free swap
            0 pages swapped in
            0 pages swapped out
=== 11:22:34 ===
               total        used        free      shared  buff/cache   available
Mem:           15996       14207        1425          56         685        1788
Swap:              0           0           0
       682364 K swap cache
            0 K total swap
            0 K used swap
            0 K free swap
            0 pages swapped in
            0 pages swapped out
=== 11:22:39 ===
               total        used        free      shared  buff/cache   available
Mem:           15996       11525        4107          56         685        4471
Swap:              0           0           0
       682364 K swap cache
            0 K total swap
            0 K used swap
            0 K free swap
            0 pages swapped in
            0 pages swapped out
=== 11:22:44 ===
               total        used        free      shared  buff/cache   available
Mem:           15996       14029        1603          56         685        1967
Swap:              0           0           0
       682364 K swap cache
            0 K total swap
            0 K used swap
            0 K free swap
            0 pages swapped in
            0 pages swapped out
=== 11:22:49 ===
               total        used        free      shared  buff/cache   available
Mem:           15996       12523        3109          56         685        3472
Swap:              0           0           0
       682364 K swap cache
            0 K total swap
            0 K used swap
            0 K free swap
            0 pages swapped in
            0 pages swapped out
=== 11:22:54 ===
               total        used        free      shared  buff/cache   available
Mem:           15996        1163       14469           0         630       14832
Swap:              0           0           0
       625756 K swap cache
            0 K total swap
            0 K used swap
            0 K free swap
            0 pages swapped in
            0 pages swapped out
=== 11:22:59 ===
               total        used        free      shared  buff/cache   available
Mem:           15996         960       14672           0         630       15035
Swap:              0           0           0
       625748 K swap cache
            0 K total swap
            0 K used swap
            0 K free swap
            0 pages swapped in
            0 pages swapped out
=== 11:23:04 ===
               total        used        free      shared  buff/cache   available
Mem:           15996         853       14779           0         630       15143
Swap:              0           0           0
       625748 K swap cache
            0 K total swap
            0 K used swap
            0 K free swap
            0 pages swapped in
            0 pages swapped out
=== 11:23:09 ===
               total        used        free      shared  buff/cache   available
Mem:           15996         842       14790           0         630       15154
Swap:              0           0           0
       625752 K swap cache
            0 K total swap
            0 K used swap
            0 K free swap
            0 pages swapped in
            0 pages swapped out
=== 11:23:14 ===
               total        used        free      shared  buff/cache   available
Mem:           15996         819       14813           0         630       15177
Swap:              0           0           0
       625752 K swap cache
            0 K total swap
            0 K used swap
            0 K free swap
            0 pages swapped in
            0 pages swapped out
=== 11:23:19 ===
               total        used        free      shared  buff/cache   available
Mem:           15996         820       14812           0         630       15176
Swap:              0           0           0
       625752 K swap cache
            0 K total swap
            0 K used swap
            0 K free swap
            0 pages swapped in
            0 pages swapped out
