=== 12:03:10 ===
               total        used        free      shared  buff/cache   available
Mem:            7944         639        5477           0        2064        7305
Swap:              0           0           0
      2084784 K swap cache
            0 K total swap
            0 K used swap
            0 K free swap
            0 pages swapped in
            0 pages swapped out
=== 12:03:15 ===
               total        used        free      shared  buff/cache   available
Mem:            7944        4475        1637          55        2122        3469
Swap:              0           0           0
      2145120 K swap cache
            0 K total swap
            0 K used swap
            0 K free swap
            0 pages swapped in
            0 pages swapped out
=== 12:03:20 ===
               total        used        free      shared  buff/cache   available
Mem:            7944        5652         460          55        2122        2291
Swap:              0           0           0
      2145136 K swap cache
            0 K total swap
            0 K used swap
            0 K free swap
            0 pages swapped in
            0 pages swapped out
=== 12:03:25 ===
               total        used        free      shared  buff/cache   available
Mem:            7944        5650         462          55        2122        2293
Swap:              0           0           0
      2145128 K swap cache
            0 K total swap
            0 K used swap
            0 K free swap
            0 pages swapped in
            0 pages swapped out
=== 12:03:30 ===
               total        used        free      shared  buff/cache   available
Mem:            7944        4642        1471          55        2122        3302
Swap:              0           0           0
      2145128 K swap cache
            0 K total swap
            0 K used swap
            0 K free swap
            0 pages swapped in
            0 pages swapped out
=== 12:03:36 ===
               total        used        free      shared  buff/cache   available
Mem:            7944        3392        2720          55        2122        4552
Swap:              0           0           0
      2145128 K swap cache
            0 K total swap
            0 K used swap
            0 K free swap
            0 pages swapped in
            0 pages swapped out
=== 12:03:41 ===
               total        used        free      shared  buff/cache   available
Mem:            7944        3797        2315          55        2122        4146
Swap:              0           0           0
      2145128 K swap cache
            0 K total swap
            0 K used swap
            0 K free swap
            0 pages swapped in
            0 pages swapped out
=== 12:03:46 ===
               total        used        free      shared  buff/cache   available
Mem:            7944        5647         465          55        2122        2297
Swap:              0           0           0
      2145128 K swap cache
            0 K total swap
            0 K used swap
            0 K free swap
            0 pages swapped in
            0 pages swapped out
=== 12:03:51 ===
               total        used        free      shared  buff/cache   available
Mem:            7944        5668         444          55        2122        2276
Swap:              0           0           0
      2145128 K swap cache
            0 K total swap
            0 K used swap
            0 K free swap
            0 pages swapped in
            0 pages swapped out
=== 12:03:56 ===
               total        used        free      shared  buff/cache   available
Mem:            7944        4990        1123          55        2122        2954
Swap:              0           0           0
      2145128 K swap cache
            0 K total swap
            0 K used swap
            0 K free swap
            0 pages swapped in
            0 pages swapped out
=== 12:04:01 ===
               total        used        free      shared  buff/cache   available
Mem:            7944        5788         325          55        2122        2156
Swap:              0           0           0
      2145128 K swap cache
            0 K total swap
            0 K used swap
            0 K free swap
            0 pages swapped in
            0 pages swapped out
=== 12:04:06 ===
               total        used        free      shared  buff/cache   available
Mem:            7944        5705         407          55        2122        2239
Swap:              0           0           0
      2145132 K swap cache
            0 K total swap
            0 K used swap
            0 K free swap
            0 pages swapped in
            0 pages swapped out
=== 12:04:11 ===
               total        used        free      shared  buff/cache   available
Mem:            7944        5678         434          55        2122        2265
Swap:              0           0           0
      2145132 K swap cache
            0 K total swap
            0 K used swap
            0 K free swap
            0 pages swapped in
            0 pages swapped out
=== 12:04:16 ===
               total        used        free      shared  buff/cache   available
Mem:            7944        5662         450          55        2122        2281
Swap:              0           0           0
      2145132 K swap cache
            0 K total swap
            0 K used swap
            0 K free swap
            0 pages swapped in
            0 pages swapped out
=== 12:04:21 ===
               total        used        free      shared  buff/cache   available
Mem:            7944        4027        2085          55        2122        3917
Swap:              0           0           0
      2145132 K swap cache
            0 K total swap
            0 K used swap
            0 K free swap
            0 pages swapped in
            0 pages swapped out
=== 12:04:26 ===
               total        used        free      shared  buff/cache   available
Mem:            7944        5618         494          55        2122        2325
Swap:              0           0           0
      2145132 K swap cache
            0 K total swap
            0 K used swap
            0 K free swap
            0 pages swapped in
            0 pages swapped out
=== 12:04:31 ===
               total        used        free      shared  buff/cache   available
Mem:            7944        1549        4563          55        2122        6395
Swap:              0           0           0
      2145132 K swap cache
            0 K total swap
            0 K used swap
            0 K free swap
            0 pages swapped in
            0 pages swapped out
=== 12:04:36 ===
               total        used        free      shared  buff/cache   available
Mem:            7944        3653        2460          55        2122        4291
Swap:              0           0           0
      2145132 K swap cache
            0 K total swap
            0 K used swap
            0 K free swap
            0 pages swapped in
            0 pages swapped out
=== 12:04:41 ===
               total        used        free      shared  buff/cache   available
Mem:            7944        5469         644          55        2122        2475
Swap:              0           0           0
      2145132 K swap cache
            0 K total swap
            0 K used swap
            0 K free swap
            0 pages swapped in
            0 pages swapped out
=== 12:04:46 ===
               total        used        free      shared  buff/cache   available
Mem:            7944        5635         477          55        2122        2309
Swap:              0           0           0
      2145132 K swap cache
            0 K total swap
            0 K used swap
            0 K free swap
            0 pages swapped in
            0 pages swapped out
=== 12:04:51 ===
               total        used        free      shared  buff/cache   available
Mem:            7944        5634         478          55        2122        2310
Swap:              0           0           0
      2145132 K swap cache
            0 K total swap
            0 K used swap
            0 K free swap
            0 pages swapped in
            0 pages swapped out
=== 12:04:56 ===
               total        used        free      shared  buff/cache   available
Mem:            7944        5709         404          55        2122        2235
Swap:              0           0           0
      2145144 K swap cache
            0 K total swap
            0 K used swap
            0 K free swap
            0 pages swapped in
            0 pages swapped out
=== 12:05:01 ===
               total        used        free      shared  buff/cache   available
Mem:            7944        4654        1458          55        2122        3290
Swap:              0           0           0
      2145144 K swap cache
            0 K total swap
            0 K used swap
            0 K free swap
            0 pages swapped in
            0 pages swapped out
=== 12:05:06 ===
               total        used        free      shared  buff/cache   available
Mem:            7944        5623         490          55        2122        2321
Swap:              0           0           0
      2145136 K swap cache
            0 K total swap
            0 K used swap
            0 K free swap
            0 pages swapped in
            0 pages swapped out
=== 12:05:11 ===
               total        used        free      shared  buff/cache   available
Mem:            7944        5715         397          55        2122        2229
Swap:              0           0           0
      2145136 K swap cache
            0 K total swap
            0 K used swap
            0 K free swap
            0 pages swapped in
            0 pages swapped out
=== 12:05:16 ===
               total        used        free      shared  buff/cache   available
Mem:            7944        5743         369          55        2122        2200
Swap:              0           0           0
      2145136 K swap cache
            0 K total swap
            0 K used swap
            0 K free swap
            0 pages swapped in
            0 pages swapped out
=== 12:05:21 ===
               total        used        free      shared  buff/cache   available
Mem:            7944        5060        1053          55        2122        2884
Swap:              0           0           0
      2145136 K swap cache
            0 K total swap
            0 K used swap
            0 K free swap
            0 pages swapped in
            0 pages swapped out
=== 12:05:26 ===
               total        used        free      shared  buff/cache   available
Mem:            7944        6300         119          55        1815        1643
Swap:              0           0           0
      1837816 K swap cache
            0 K total swap
            0 K used swap
            0 K free swap
            0 pages swapped in
            0 pages swapped out
=== 12:05:31 ===
               total        used        free      shared  buff/cache   available
Mem:            7944        5326        1093          55        1815        2618
Swap:              0           0           0
      1837816 K swap cache
            0 K total swap
            0 K used swap
            0 K free swap
            0 pages swapped in
            0 pages swapped out
=== 12:05:36 ===
               total        used        free      shared  buff/cache   available
Mem:            7944        3961        2458          55        1815        3982
Swap:              0           0           0
      1837816 K swap cache
            0 K total swap
            0 K used swap
            0 K free swap
            0 pages swapped in
            0 pages swapped out
=== 12:05:41 ===
               total        used        free      shared  buff/cache   available
Mem:            7944        3708        2711          55        1815        4236
Swap:              0           0           0
      1837816 K swap cache
            0 K total swap
            0 K used swap
            0 K free swap
            0 pages swapped in
            0 pages swapped out
=== 12:05:46 ===
               total        used        free      shared  buff/cache   available
Mem:            7944        1972        4447          55        1815        5972
Swap:              0           0           0
      1837816 K swap cache
            0 K total swap
            0 K used swap
            0 K free swap
            0 pages swapped in
            0 pages swapped out
=== 12:05:51 ===
               total        used        free      shared  buff/cache   available
Mem:            7944        3450        2969          55        1815        4494
Swap:              0           0           0
      1837820 K swap cache
            0 K total swap
            0 K used swap
            0 K free swap
            0 pages swapped in
            0 pages swapped out
=== 12:05:56 ===
               total        used        free      shared  buff/cache   available
Mem:            7944        3336        3083          55        1815        4608
Swap:              0           0           0
      1837820 K swap cache
            0 K total swap
            0 K used swap
            0 K free swap
            0 pages swapped in
            0 pages swapped out
=== 12:06:01 ===
               total        used        free      shared  buff/cache   available
Mem:            7944        2043        4376          55        1815        5901
Swap:              0           0           0
      1837820 K swap cache
            0 K total swap
            0 K used swap
            0 K free swap
            0 pages swapped in
            0 pages swapped out
=== 12:06:06 ===
               total        used        free      shared  buff/cache   available
Mem:            7944        1993        4426          55        1815        5950
Swap:              0           0           0
      1837820 K swap cache
            0 K total swap
            0 K used swap
            0 K free swap
            0 pages swapped in
            0 pages swapped out
=== 12:06:11 ===
               total        used        free      shared  buff/cache   available
Mem:            7944        1962        4457          55        1815        5982
Swap:              0           0           0
      1837820 K swap cache
            0 K total swap
            0 K used swap
            0 K free swap
            0 pages swapped in
            0 pages swapped out
=== 12:06:16 ===
               total        used        free      shared  buff/cache   available
Mem:            7944        1960        4459          55        1815        5984
Swap:              0           0           0
      1837820 K swap cache
            0 K total swap
            0 K used swap
            0 K free swap
            0 pages swapped in
            0 pages swapped out
=== 12:06:21 ===
               total        used        free      shared  buff/cache   available
Mem:            7944        1967        4452          55        1815        5977
Swap:              0           0           0
      1837820 K swap cache
            0 K total swap
            0 K used swap
            0 K free swap
            0 pages swapped in
            0 pages swapped out
=== 12:06:26 ===
               total        used        free      shared  buff/cache   available
Mem:            7944        1981        4438          55        1815        5963
Swap:              0           0           0
      1837820 K swap cache
            0 K total swap
            0 K used swap
            0 K free swap
            0 pages swapped in
            0 pages swapped out
=== 12:06:31 ===
               total        used        free      shared  buff/cache   available
Mem:            7944        1992        4427          55        1815        5952
Swap:              0           0           0
      1837820 K swap cache
            0 K total swap
            0 K used swap
            0 K free swap
            0 pages swapped in
            0 pages swapped out
=== 12:06:36 ===
               total        used        free      shared  buff/cache   available
Mem:            7944        2001        4418          55        1815        5943
Swap:              0           0           0
      1837820 K swap cache
            0 K total swap
            0 K used swap
            0 K free swap
            0 pages swapped in
            0 pages swapped out
=== 12:06:41 ===
               total        used        free      shared  buff/cache   available
Mem:            7944        2015        4404          55        1815        5929
Swap:              0           0           0
      1837824 K swap cache
            0 K total swap
            0 K used swap
            0 K free swap
            0 pages swapped in
            0 pages swapped out
=== 12:06:47 ===
               total        used        free      shared  buff/cache   available
Mem:            7944        2023        4396          55        1815        5921
Swap:              0           0           0
      1837824 K swap cache
            0 K total swap
            0 K used swap
            0 K free swap
            0 pages swapped in
            0 pages swapped out
=== 12:06:52 ===
               total        used        free      shared  buff/cache   available
Mem:            7944        2035        4383          55        1815        5908
Swap:              0           0           0
      1837824 K swap cache
            0 K total swap
            0 K used swap
            0 K free swap
            0 pages swapped in
            0 pages swapped out
=== 12:06:57 ===
               total        used        free      shared  buff/cache   available
Mem:            7944        2048        4371          55        1815        5896
Swap:              0           0           0
      1837824 K swap cache
            0 K total swap
            0 K used swap
            0 K free swap
            0 pages swapped in
            0 pages swapped out
=== 12:07:02 ===
               total        used        free      shared  buff/cache   available
Mem:            7944        2060        4359          55        1815        5884
Swap:              0           0           0
      1837824 K swap cache
            0 K total swap
            0 K used swap
            0 K free swap
            0 pages swapped in
            0 pages swapped out
=== 12:07:07 ===
               total        used        free      shared  buff/cache   available
Mem:            7944        2067        4351          55        1815        5876
Swap:              0           0           0
      1837824 K swap cache
            0 K total swap
            0 K used swap
            0 K free swap
            0 pages swapped in
            0 pages swapped out
=== 12:07:12 ===
               total        used        free      shared  buff/cache   available
Mem:            7944        2075        4343          55        1815        5868
Swap:              0           0           0
      1837824 K swap cache
            0 K total swap
            0 K used swap
            0 K free swap
            0 pages swapped in
            0 pages swapped out
=== 12:07:17 ===
               total        used        free      shared  buff/cache   available
Mem:            7944        2087        4332          55        1815        5857
Swap:              0           0           0
      1837824 K swap cache
            0 K total swap
            0 K used swap
            0 K free swap
            0 pages swapped in
            0 pages swapped out
=== 12:07:22 ===
               total        used        free      shared  buff/cache   available
Mem:            7944        2099        4320          55        1815        5845
Swap:              0           0           0
      1837824 K swap cache
            0 K total swap
            0 K used swap
            0 K free swap
            0 pages swapped in
            0 pages swapped out
=== 12:07:27 ===
               total        used        free      shared  buff/cache   available
Mem:            7944        2107        4311          55        1815        5836
Swap:              0           0           0
      1837824 K swap cache
            0 K total swap
            0 K used swap
            0 K free swap
            0 pages swapped in
            0 pages swapped out
=== 12:07:32 ===
               total        used        free      shared  buff/cache   available
Mem:            7944        2116        4303          55        1815        5828
Swap:              0           0           0
      1837824 K swap cache
            0 K total swap
            0 K used swap
            0 K free swap
            0 pages swapped in
            0 pages swapped out
=== 12:07:37 ===
               total        used        free      shared  buff/cache   available
Mem:            7944        2127        4287          55        1819        5816
Swap:              0           0           0
      1841836 K swap cache
            0 K total swap
            0 K used swap
            0 K free swap
            0 pages swapped in
            0 pages swapped out
=== 12:07:42 ===
               total        used        free      shared  buff/cache   available
Mem:            7944        2139        4276          55        1820        5805
Swap:              0           0           0
      1842008 K swap cache
            0 K total swap
            0 K used swap
            0 K free swap
            0 pages swapped in
            0 pages swapped out
=== 12:07:47 ===
               total        used        free      shared  buff/cache   available
Mem:            7944        2151        4262          55        1821        5793
Swap:              0           0           0
      1843444 K swap cache
            0 K total swap
            0 K used swap
            0 K free swap
            0 pages swapped in
            0 pages swapped out
=== 12:07:52 ===
               total        used        free      shared  buff/cache   available
Mem:            7944        2159        4254          55        1821        5785
Swap:              0           0           0
      1843444 K swap cache
            0 K total swap
            0 K used swap
            0 K free swap
            0 pages swapped in
            0 pages swapped out
=== 12:07:57 ===
               total        used        free      shared  buff/cache   available
Mem:            7944        2171        4242          55        1821        5773
Swap:              0           0           0
      1843444 K swap cache
            0 K total swap
            0 K used swap
            0 K free swap
            0 pages swapped in
            0 pages swapped out
=== 12:08:02 ===
               total        used        free      shared  buff/cache   available
Mem:            7944        2183        4230          55        1821        5761
Swap:              0           0           0
      1843444 K swap cache
            0 K total swap
            0 K used swap
            0 K free swap
            0 pages swapped in
            0 pages swapped out
=== 12:08:07 ===
               total        used        free      shared  buff/cache   available
Mem:            7944        2195        4218          55        1821        5749
Swap:              0           0           0
      1843444 K swap cache
            0 K total swap
            0 K used swap
            0 K free swap
            0 pages swapped in
            0 pages swapped out
=== 12:08:12 ===
               total        used        free      shared  buff/cache   available
Mem:            7944         632        5781           0        1766        7312
Swap:              0           0           0
      1786808 K swap cache
            0 K total swap
            0 K used swap
            0 K free swap
            0 pages swapped in
            0 pages swapped out
=== 12:08:17 ===
               total        used        free      shared  buff/cache   available
Mem:            7944         636        5777           0        1766        7308
Swap:              0           0           0
      1786800 K swap cache
            0 K total swap
            0 K used swap
            0 K free swap
            0 pages swapped in
            0 pages swapped out
=== 12:08:22 ===
               total        used        free      shared  buff/cache   available
Mem:            7944         636        5777           0        1766        7308
Swap:              0           0           0
      1786800 K swap cache
            0 K total swap
            0 K used swap
            0 K free swap
            0 pages swapped in
            0 pages swapped out
=== 12:08:27 ===
               total        used        free      shared  buff/cache   available
Mem:            7944         641        5773           0        1766        7303
Swap:              0           0           0
      1786804 K swap cache
            0 K total swap
            0 K used swap
            0 K free swap
            0 pages swapped in
            0 pages swapped out
=== 12:08:32 ===
               total        used        free      shared  buff/cache   available
Mem:            7944         640        5773           0        1766        7304
Swap:              0           0           0
      1786808 K swap cache
            0 K total swap
            0 K used swap
            0 K free swap
            0 pages swapped in
            0 pages swapped out
=== 12:08:37 ===
               total        used        free      shared  buff/cache   available
Mem:            7944         640        5773           0        1766        7304
Swap:              0           0           0
      1786804 K swap cache
            0 K total swap
            0 K used swap
            0 K free swap
            0 pages swapped in
            0 pages swapped out
