[Thu Jul 16 11:37:18 2026] Linux version 6.12.95+deb13-cloud-amd64 (debian-kernel@lists.debian.org) (x86_64-linux-gnu-gcc-14 (Debian 14.2.0-19) 14.2.0, GNU ld (GNU Binutils for Debian) 2.44) #1 SMP PREEMPT_DYNAMIC Debian 6.12.95-1 (2026-07-04)
[Thu Jul 16 11:37:18 2026] Command line: BOOT_IMAGE=/boot/vmlinuz-6.12.95+deb13-cloud-amd64 root=PARTUUID=becee98a-a92f-428c-89f1-03050d2856e9 ro console=tty0 console=ttyS0,115200 earlyprintk=ttyS0,115200 consoleblank=0 intel_iommu=off
[Thu Jul 16 11:37:18 2026] BIOS-provided physical RAM map:
[Thu Jul 16 11:37:18 2026] BIOS-e820: [mem 0x0000000000000000-0x0000000000000fff] reserved
[Thu Jul 16 11:37:18 2026] BIOS-e820: [mem 0x0000000000001000-0x0000000000054fff] usable
[Thu Jul 16 11:37:18 2026] BIOS-e820: [mem 0x0000000000055000-0x000000000005ffff] reserved
[Thu Jul 16 11:37:18 2026] BIOS-e820: [mem 0x0000000000060000-0x0000000000097fff] usable
[Thu Jul 16 11:37:18 2026] BIOS-e820: [mem 0x0000000000098000-0x000000000009ffff] reserved
[Thu Jul 16 11:37:18 2026] BIOS-e820: [mem 0x0000000000100000-0x00000000bd2fcfff] usable
[Thu Jul 16 11:37:18 2026] BIOS-e820: [mem 0x00000000bd2fd000-0x00000000bd307fff] ACPI data
[Thu Jul 16 11:37:18 2026] BIOS-e820: [mem 0x00000000bd308000-0x00000000bf8ecfff] usable
[Thu Jul 16 11:37:18 2026] BIOS-e820: [mem 0x00000000bf8ed000-0x00000000bfb6cfff] reserved
[Thu Jul 16 11:37:18 2026] BIOS-e820: [mem 0x00000000bfb6d000-0x00000000bfb7efff] ACPI data
[Thu Jul 16 11:37:18 2026] BIOS-e820: [mem 0x00000000bfb7f000-0x00000000bfbfefff] ACPI NVS
[Thu Jul 16 11:37:18 2026] BIOS-e820: [mem 0x00000000bfbff000-0x00000000bffdffff] usable
[Thu Jul 16 11:37:18 2026] BIOS-e820: [mem 0x00000000bffe0000-0x00000000bfffffff] reserved
[Thu Jul 16 11:37:18 2026] BIOS-e820: [mem 0x0000000100000000-0x000000023fffffff] usable
[Thu Jul 16 11:37:18 2026] printk: legacy bootconsole [earlyser0] enabled
[Thu Jul 16 11:37:18 2026] NX (Execute Disable) protection: active
[Thu Jul 16 11:37:18 2026] APIC: Static calls initialized
[Thu Jul 16 11:37:18 2026] efi: EFI v2.7 by EDK II
[Thu Jul 16 11:37:18 2026] efi: TPMFinalLog=0xbfbf7000 ACPI=0xbfb7e000 ACPI 2.0=0xbfb7e014 SMBIOS=0xbf9ca000 MEMATTR=0xbd2fb018 MOKvar=0xbf9c0000 INITRD=0xbd314e98 RNG=0xbfb73018 TPMEventLog=0xbd2fd018 
[Thu Jul 16 11:37:18 2026] random: crng init done
[Thu Jul 16 11:37:18 2026] secureboot: Secure boot disabled
[Thu Jul 16 11:37:18 2026] SMBIOS 2.4 present.
[Thu Jul 16 11:37:18 2026] DMI: Google Google Compute Engine/Google Compute Engine, BIOS Google 05/09/2026
[Thu Jul 16 11:37:18 2026] DMI: Memory slots populated: 1/1
[Thu Jul 16 11:37:18 2026] Hypervisor detected: KVM
[Thu Jul 16 11:37:18 2026] last_pfn = 0xbffe0 max_arch_pfn = 0x400000000
[Thu Jul 16 11:37:18 2026] kvm-clock: Using msrs 4b564d01 and 4b564d00
[Thu Jul 16 11:37:18 2026] kvm-clock: using sched offset of 14248269653 cycles
[Thu Jul 16 11:37:18 2026] clocksource: kvm-clock: mask: 0xffffffffffffffff max_cycles: 0x1cd42e4dffb, max_idle_ns: 881590591483 ns
[Thu Jul 16 11:37:18 2026] tsc: Detected 2200.162 MHz processor
[Thu Jul 16 11:37:18 2026] e820: update [mem 0x00000000-0x00000fff] usable ==> reserved
[Thu Jul 16 11:37:18 2026] e820: remove [mem 0x000a0000-0x000fffff] usable
[Thu Jul 16 11:37:18 2026] last_pfn = 0x240000 max_arch_pfn = 0x400000000
[Thu Jul 16 11:37:18 2026] MTRR map: 3 entries (2 fixed + 1 variable; max 18), built from 8 variable MTRRs
[Thu Jul 16 11:37:18 2026] x86/PAT: Configuration [0-7]: WB  WC  UC- UC  WB  WP  UC- WT  
[Thu Jul 16 11:37:18 2026] last_pfn = 0xbffe0 max_arch_pfn = 0x400000000
[Thu Jul 16 11:37:18 2026] Using GB pages for direct mapping
[Thu Jul 16 11:37:18 2026] RAMDISK: [mem 0xb6f25000-0xb818afff]
[Thu Jul 16 11:37:18 2026] ACPI: Early table checksum verification disabled
[Thu Jul 16 11:37:18 2026] ACPI: RSDP 0x00000000BFB7E014 000024 (v02 Google)
[Thu Jul 16 11:37:18 2026] ACPI: XSDT 0x00000000BFB7D0E8 00005C (v01 Google GOOGFACP 00000001      01000013)
[Thu Jul 16 11:37:18 2026] ACPI: FACP 0x00000000BFB78000 000114 (v06 Google GOOGFACP 00000001 GOOG 00000001)
[Thu Jul 16 11:37:18 2026] ACPI: DSDT 0x00000000BFB79000 001DED (v02 Google GOOGDSDT 00000001 GOOG 00000001)
[Thu Jul 16 11:37:18 2026] ACPI: FACS 0x00000000BFBF2000 000040
[Thu Jul 16 11:37:18 2026] ACPI: SSDT 0x00000000BFB7C000 000316 (v02 GOOGLE Tpm2Tabl 00001000 INTL 20250807)
[Thu Jul 16 11:37:18 2026] ACPI: TPM2 0x00000000BFB7B000 000034 (v04 GOOGLE          00000001 GOOG 00000001)
[Thu Jul 16 11:37:18 2026] ACPI: SRAT 0x00000000BFB77000 0000E8 (v03 Google GOOGSRAT 00000001 GOOG 00000001)
[Thu Jul 16 11:37:18 2026] ACPI: APIC 0x00000000BFB76000 000086 (v05 Google GOOGAPIC 00000001 GOOG 00000001)
[Thu Jul 16 11:37:18 2026] ACPI: SSDT 0x00000000BFB75000 0009DD (v02 Google GOOGSSDT 00000001 GOOG 00000001)
[Thu Jul 16 11:37:18 2026] ACPI: WAET 0x00000000BFB74000 000028 (v01 Google GOOGWAET 00000001 GOOG 00000001)
[Thu Jul 16 11:37:18 2026] ACPI: Reserving FACP table memory at [mem 0xbfb78000-0xbfb78113]
[Thu Jul 16 11:37:18 2026] ACPI: Reserving DSDT table memory at [mem 0xbfb79000-0xbfb7adec]
[Thu Jul 16 11:37:18 2026] ACPI: Reserving FACS table memory at [mem 0xbfbf2000-0xbfbf203f]
[Thu Jul 16 11:37:18 2026] ACPI: Reserving SSDT table memory at [mem 0xbfb7c000-0xbfb7c315]
[Thu Jul 16 11:37:18 2026] ACPI: Reserving TPM2 table memory at [mem 0xbfb7b000-0xbfb7b033]
[Thu Jul 16 11:37:18 2026] ACPI: Reserving SRAT table memory at [mem 0xbfb77000-0xbfb770e7]
[Thu Jul 16 11:37:18 2026] ACPI: Reserving APIC table memory at [mem 0xbfb76000-0xbfb76085]
[Thu Jul 16 11:37:18 2026] ACPI: Reserving SSDT table memory at [mem 0xbfb75000-0xbfb759dc]
[Thu Jul 16 11:37:18 2026] ACPI: Reserving WAET table memory at [mem 0xbfb74000-0xbfb74027]
[Thu Jul 16 11:37:18 2026] ACPI: SRAT: Node 0 PXM 0 [mem 0x00000000-0x0009ffff]
[Thu Jul 16 11:37:18 2026] ACPI: SRAT: Node 0 PXM 0 [mem 0x00100000-0xbfffffff]
[Thu Jul 16 11:37:18 2026] ACPI: SRAT: Node 0 PXM 0 [mem 0x100000000-0x23fffffff]
[Thu Jul 16 11:37:18 2026] NUMA: Node 0 [mem 0x00001000-0x0009ffff] + [mem 0x00100000-0xbfffffff] -> [mem 0x00001000-0xbfffffff]
[Thu Jul 16 11:37:18 2026] NUMA: Node 0 [mem 0x00001000-0xbfffffff] + [mem 0x100000000-0x23fffffff] -> [mem 0x00001000-0x23fffffff]
[Thu Jul 16 11:37:18 2026] NODE_DATA(0) allocated [mem 0x23ffd5680-0x23fffffff]
[Thu Jul 16 11:37:18 2026] Zone ranges:
[Thu Jul 16 11:37:18 2026]   DMA      [mem 0x0000000000001000-0x0000000000ffffff]
[Thu Jul 16 11:37:18 2026]   DMA32    [mem 0x0000000001000000-0x00000000ffffffff]
[Thu Jul 16 11:37:18 2026]   Normal   [mem 0x0000000100000000-0x000000023fffffff]
[Thu Jul 16 11:37:18 2026]   Device   empty
[Thu Jul 16 11:37:18 2026] Movable zone start for each node
[Thu Jul 16 11:37:18 2026] Early memory node ranges
[Thu Jul 16 11:37:18 2026]   node   0: [mem 0x0000000000001000-0x0000000000054fff]
[Thu Jul 16 11:37:18 2026]   node   0: [mem 0x0000000000060000-0x0000000000097fff]
[Thu Jul 16 11:37:18 2026]   node   0: [mem 0x0000000000100000-0x00000000bd2fcfff]
[Thu Jul 16 11:37:18 2026]   node   0: [mem 0x00000000bd308000-0x00000000bf8ecfff]
[Thu Jul 16 11:37:18 2026]   node   0: [mem 0x00000000bfbff000-0x00000000bffdffff]
[Thu Jul 16 11:37:18 2026]   node   0: [mem 0x0000000100000000-0x000000023fffffff]
[Thu Jul 16 11:37:18 2026] Initmem setup node 0 [mem 0x0000000000001000-0x000000023fffffff]
[Thu Jul 16 11:37:18 2026] On node 0, zone DMA: 1 pages in unavailable ranges
[Thu Jul 16 11:37:18 2026] On node 0, zone DMA: 11 pages in unavailable ranges
[Thu Jul 16 11:37:18 2026] On node 0, zone DMA: 104 pages in unavailable ranges
[Thu Jul 16 11:37:18 2026] On node 0, zone DMA32: 11 pages in unavailable ranges
[Thu Jul 16 11:37:18 2026] On node 0, zone DMA32: 786 pages in unavailable ranges
[Thu Jul 16 11:37:18 2026] On node 0, zone Normal: 32 pages in unavailable ranges
[Thu Jul 16 11:37:18 2026] ACPI: PM-Timer IO Port: 0xb008
[Thu Jul 16 11:37:18 2026] ACPI: LAPIC_NMI (acpi_id[0xff] dfl dfl lint[0x1])
[Thu Jul 16 11:37:18 2026] IOAPIC[0]: apic_id 0, version 17, address 0xfec00000, GSI 0-23
[Thu Jul 16 11:37:18 2026] ACPI: INT_SRC_OVR (bus 0 bus_irq 5 global_irq 5 high level)
[Thu Jul 16 11:37:18 2026] ACPI: INT_SRC_OVR (bus 0 bus_irq 9 global_irq 9 high level)
[Thu Jul 16 11:37:18 2026] ACPI: INT_SRC_OVR (bus 0 bus_irq 10 global_irq 10 high level)
[Thu Jul 16 11:37:18 2026] ACPI: INT_SRC_OVR (bus 0 bus_irq 11 global_irq 11 high level)
[Thu Jul 16 11:37:18 2026] ACPI: Using ACPI (MADT) for SMP configuration information
[Thu Jul 16 11:37:18 2026] CPU topo: Max. logical packages:   1
[Thu Jul 16 11:37:18 2026] CPU topo: Max. logical dies:       1
[Thu Jul 16 11:37:18 2026] CPU topo: Max. dies per package:   1
[Thu Jul 16 11:37:18 2026] CPU topo: Max. threads per core:   2
[Thu Jul 16 11:37:18 2026] CPU topo: Num. cores per package:     2
[Thu Jul 16 11:37:18 2026] CPU topo: Num. threads per package:   4
[Thu Jul 16 11:37:18 2026] CPU topo: Allowing 4 present CPUs plus 0 hotplug CPUs
[Thu Jul 16 11:37:18 2026] PM: hibernation: Registered nosave memory: [mem 0x00000000-0x00000fff]
[Thu Jul 16 11:37:18 2026] PM: hibernation: Registered nosave memory: [mem 0x00055000-0x0005ffff]
[Thu Jul 16 11:37:18 2026] PM: hibernation: Registered nosave memory: [mem 0x00098000-0x000fffff]
[Thu Jul 16 11:37:18 2026] PM: hibernation: Registered nosave memory: [mem 0xbd2fd000-0xbd307fff]
[Thu Jul 16 11:37:18 2026] PM: hibernation: Registered nosave memory: [mem 0xbf8ed000-0xbfbfefff]
[Thu Jul 16 11:37:18 2026] PM: hibernation: Registered nosave memory: [mem 0xbffe0000-0xffffffff]
[Thu Jul 16 11:37:18 2026] [mem 0xc0000000-0xffffffff] available for PCI devices
[Thu Jul 16 11:37:18 2026] Booting paravirtualized kernel on KVM
[Thu Jul 16 11:37:18 2026] clocksource: refined-jiffies: mask: 0xffffffff max_cycles: 0xffffffff, max_idle_ns: 7645519600211568 ns
[Thu Jul 16 11:37:18 2026] setup_percpu: NR_CPUS:8192 nr_cpumask_bits:4 nr_cpu_ids:4 nr_node_ids:1
[Thu Jul 16 11:37:18 2026] percpu: Embedded 66 pages/cpu s233472 r8192 d28672 u524288
[Thu Jul 16 11:37:18 2026] pcpu-alloc: s233472 r8192 d28672 u524288 alloc=1*2097152
[Thu Jul 16 11:37:18 2026] pcpu-alloc: [0] 0 1 2 3 
[Thu Jul 16 11:37:18 2026] kvm-guest: PV spinlocks enabled
[Thu Jul 16 11:37:18 2026] PV qspinlock hash table entries: 256 (order: 0, 4096 bytes, linear)
[Thu Jul 16 11:37:18 2026] Kernel command line: BOOT_IMAGE=/boot/vmlinuz-6.12.95+deb13-cloud-amd64 root=PARTUUID=becee98a-a92f-428c-89f1-03050d2856e9 ro console=tty0 console=ttyS0,115200 earlyprintk=ttyS0,115200 consoleblank=0 intel_iommu=off
[Thu Jul 16 11:37:18 2026] DMAR: IOMMU disabled
[Thu Jul 16 11:37:18 2026] Dentry cache hash table entries: 1048576 (order: 11, 8388608 bytes, linear)
[Thu Jul 16 11:37:18 2026] Inode-cache hash table entries: 524288 (order: 10, 4194304 bytes, linear)
[Thu Jul 16 11:37:18 2026] Fallback order for Node 0: 0 
[Thu Jul 16 11:37:18 2026] Built 1 zonelists, mobility grouping on.  Total pages: 2096207
[Thu Jul 16 11:37:18 2026] Policy zone: Normal
[Thu Jul 16 11:37:18 2026] mem auto-init: stack:all(zero), heap alloc:on, heap free:off
[Thu Jul 16 11:37:18 2026] software IO TLB: area num 4.
[Thu Jul 16 11:37:18 2026] SLUB: HWalign=64, Order=0-3, MinObjects=0, CPUs=4, Nodes=1
[Thu Jul 16 11:37:18 2026] Kernel/User page tables isolation: enabled
[Thu Jul 16 11:37:18 2026] ftrace: allocating 42448 entries in 168 pages
[Thu Jul 16 11:37:18 2026] ftrace: allocated 168 pages with 3 groups
[Thu Jul 16 11:37:18 2026] Dynamic Preempt: voluntary
[Thu Jul 16 11:37:18 2026] rcu: Preemptible hierarchical RCU implementation.
[Thu Jul 16 11:37:18 2026] rcu: 	RCU restricting CPUs from NR_CPUS=8192 to nr_cpu_ids=4.
[Thu Jul 16 11:37:18 2026] 	Trampoline variant of Tasks RCU enabled.
[Thu Jul 16 11:37:18 2026] 	Rude variant of Tasks RCU enabled.
[Thu Jul 16 11:37:18 2026] 	Tracing variant of Tasks RCU enabled.
[Thu Jul 16 11:37:18 2026] rcu: RCU calculated value of scheduler-enlistment delay is 25 jiffies.
[Thu Jul 16 11:37:18 2026] rcu: Adjusting geometry for rcu_fanout_leaf=16, nr_cpu_ids=4
[Thu Jul 16 11:37:18 2026] RCU Tasks: Setting shift to 2 and lim to 1 rcu_task_cb_adjust=1 rcu_task_cpu_ids=4.
[Thu Jul 16 11:37:18 2026] RCU Tasks Rude: Setting shift to 2 and lim to 1 rcu_task_cb_adjust=1 rcu_task_cpu_ids=4.
[Thu Jul 16 11:37:18 2026] RCU Tasks Trace: Setting shift to 2 and lim to 1 rcu_task_cb_adjust=1 rcu_task_cpu_ids=4.
[Thu Jul 16 11:37:18 2026] NR_IRQS: 524544, nr_irqs: 456, preallocated irqs: 16
[Thu Jul 16 11:37:18 2026] rcu: srcu_init: Setting srcu_struct sizes based on contention.
[Thu Jul 16 11:37:18 2026] Console: colour dummy device 80x25
[Thu Jul 16 11:37:18 2026] printk: legacy console [tty0] enabled
[Thu Jul 16 11:37:18 2026] printk: legacy console [ttyS0] enabled
[Thu Jul 16 11:37:18 2026] printk: legacy bootconsole [earlyser0] disabled
[Thu Jul 16 11:37:18 2026] ACPI: Core revision 20240827
[Thu Jul 16 11:37:18 2026] APIC: Switch to symmetric I/O mode setup
[Thu Jul 16 11:37:18 2026] x2apic enabled
[Thu Jul 16 11:37:18 2026] APIC: Switched APIC routing to: physical x2apic
[Thu Jul 16 11:37:18 2026] ..TIMER: vector=0x30 apic1=0 pin1=0 apic2=-1 pin2=-1
[Thu Jul 16 11:37:18 2026] clocksource: tsc-early: mask: 0xffffffffffffffff max_cycles: 0x1fb6cbb9648, max_idle_ns: 440795209148 ns
[Thu Jul 16 11:37:18 2026] Calibrating delay loop (skipped) preset value.. 4400.32 BogoMIPS (lpj=8800648)
[Thu Jul 16 11:37:18 2026] Last level iTLB entries: 4KB 64, 2MB 8, 4MB 8
[Thu Jul 16 11:37:18 2026] Last level dTLB entries: 4KB 64, 2MB 32, 4MB 32, 1GB 4
[Thu Jul 16 11:37:18 2026] Spectre V1 : Mitigation: usercopy/swapgs barriers and __user pointer sanitization
[Thu Jul 16 11:37:18 2026] Spectre V2 : Spectre BHI mitigation: SW BHB clearing on syscall and VM exit
[Thu Jul 16 11:37:18 2026] Spectre V2 : Mitigation: IBRS
[Thu Jul 16 11:37:18 2026] Spectre V2 : Spectre v2 / SpectreRSB: Filling RSB on context switch and VMEXIT
[Thu Jul 16 11:37:18 2026] RETBleed: Mitigation: IBRS
[Thu Jul 16 11:37:18 2026] Spectre V2 : mitigation: Enabling conditional Indirect Branch Prediction Barrier
[Thu Jul 16 11:37:18 2026] Spectre V2 : User space: Mitigation: STIBP via prctl
[Thu Jul 16 11:37:18 2026] Speculative Store Bypass: Mitigation: Speculative Store Bypass disabled via prctl
[Thu Jul 16 11:37:18 2026] MDS: Mitigation: Clear CPU buffers
[Thu Jul 16 11:37:18 2026] TAA: Mitigation: Clear CPU buffers
[Thu Jul 16 11:37:18 2026] MMIO Stale Data: Vulnerable: Clear CPU buffers attempted, no microcode
[Thu Jul 16 11:37:18 2026] active return thunk: its_return_thunk
[Thu Jul 16 11:37:18 2026] ITS: Mitigation: Aligned branch/return thunks
[Thu Jul 16 11:37:18 2026] x86/fpu: Supporting XSAVE feature 0x001: 'x87 floating point registers'
[Thu Jul 16 11:37:18 2026] x86/fpu: Supporting XSAVE feature 0x002: 'SSE registers'
[Thu Jul 16 11:37:18 2026] x86/fpu: Supporting XSAVE feature 0x004: 'AVX registers'
[Thu Jul 16 11:37:18 2026] x86/fpu: xstate_offset[2]:  576, xstate_sizes[2]:  256
[Thu Jul 16 11:37:18 2026] x86/fpu: Enabled xstate features 0x7, context size is 832 bytes, using 'standard' format.
[Thu Jul 16 11:37:18 2026] Freeing SMP alternatives memory: 40K
[Thu Jul 16 11:37:18 2026] pid_max: default: 32768 minimum: 301
[Thu Jul 16 11:37:18 2026] LSM: initializing lsm=lockdown,capability,landlock,yama,apparmor,tomoyo,bpf,ipe,ima,evm
[Thu Jul 16 11:37:18 2026] landlock: Up and running.
[Thu Jul 16 11:37:18 2026] Yama: disabled by default; enable with sysctl kernel.yama.*
[Thu Jul 16 11:37:18 2026] AppArmor: AppArmor initialized
[Thu Jul 16 11:37:18 2026] TOMOYO Linux initialized
[Thu Jul 16 11:37:18 2026] LSM support for eBPF active
[Thu Jul 16 11:37:18 2026] Mount-cache hash table entries: 16384 (order: 5, 131072 bytes, linear)
[Thu Jul 16 11:37:18 2026] Mountpoint-cache hash table entries: 16384 (order: 5, 131072 bytes, linear)
[Thu Jul 16 11:37:18 2026] smpboot: CPU0: Intel(R) Xeon(R) CPU @ 2.20GHz (family: 0x6, model: 0x4f, stepping: 0x0)
[Thu Jul 16 11:37:18 2026] Performance Events: unsupported p6 CPU model 79 no PMU driver, software events only.
[Thu Jul 16 11:37:18 2026] signal: max sigframe size: 1776
[Thu Jul 16 11:37:18 2026] rcu: Hierarchical SRCU implementation.
[Thu Jul 16 11:37:18 2026] rcu: 	Max phase no-delay instances is 1000.
[Thu Jul 16 11:37:18 2026] Timer migration: 1 hierarchy levels; 8 children per group; 1 crossnode level
[Thu Jul 16 11:37:18 2026] NMI watchdog: Perf NMI watchdog permanently disabled
[Thu Jul 16 11:37:18 2026] smp: Bringing up secondary CPUs ...
[Thu Jul 16 11:37:18 2026] smpboot: x86: Booting SMP configuration:
[Thu Jul 16 11:37:18 2026] .... node  #0, CPUs:      #1 #2 #3
[Thu Jul 16 11:37:18 2026] MDS CPU bug present and SMT on, data leak possible. See https://www.kernel.org/doc/html/latest/admin-guide/hw-vuln/mds.html for more details.
[Thu Jul 16 11:37:18 2026] TAA CPU bug present and SMT on, data leak possible. See https://www.kernel.org/doc/html/latest/admin-guide/hw-vuln/tsx_async_abort.html for more details.
[Thu Jul 16 11:37:18 2026] MMIO Stale Data CPU bug present and SMT on, data leak possible. See https://www.kernel.org/doc/html/latest/admin-guide/hw-vuln/processor_mmio_stale_data.html for more details.
[Thu Jul 16 11:37:18 2026] smp: Brought up 1 node, 4 CPUs
[Thu Jul 16 11:37:18 2026] smpboot: Total of 4 processors activated (17601.29 BogoMIPS)
[Thu Jul 16 11:37:18 2026] node 0 deferred pages initialised in 12ms
[Thu Jul 16 11:37:18 2026] Memory: 8047548K/8384828K available (16384K kernel code, 2506K rwdata, 11000K rodata, 3936K init, 5288K bss, 331796K reserved, 0K cma-reserved)
[Thu Jul 16 11:37:18 2026] devtmpfs: initialized
[Thu Jul 16 11:37:18 2026] x86/mm: Memory block size: 128MB
[Thu Jul 16 11:37:18 2026] ACPI: PM: Registering ACPI NVS region [mem 0xbfb7f000-0xbfbfefff] (524288 bytes)
[Thu Jul 16 11:37:18 2026] clocksource: jiffies: mask: 0xffffffff max_cycles: 0xffffffff, max_idle_ns: 7645041785100000 ns
[Thu Jul 16 11:37:18 2026] futex hash table entries: 1024 (order: 4, 65536 bytes, linear)
[Thu Jul 16 11:37:18 2026] NET: Registered PF_NETLINK/PF_ROUTE protocol family
[Thu Jul 16 11:37:18 2026] DMA: preallocated 1024 KiB GFP_KERNEL pool for atomic allocations
[Thu Jul 16 11:37:18 2026] DMA: preallocated 1024 KiB GFP_KERNEL|GFP_DMA pool for atomic allocations
[Thu Jul 16 11:37:18 2026] DMA: preallocated 1024 KiB GFP_KERNEL|GFP_DMA32 pool for atomic allocations
[Thu Jul 16 11:37:18 2026] audit: initializing netlink subsys (disabled)
[Thu Jul 16 11:37:18 2026] audit: type=2000 audit(1784201838.684:1): state=initialized audit_enabled=0 res=1
[Thu Jul 16 11:37:18 2026] thermal_sys: Registered thermal governor 'fair_share'
[Thu Jul 16 11:37:18 2026] thermal_sys: Registered thermal governor 'bang_bang'
[Thu Jul 16 11:37:18 2026] thermal_sys: Registered thermal governor 'step_wise'
[Thu Jul 16 11:37:18 2026] thermal_sys: Registered thermal governor 'user_space'
[Thu Jul 16 11:37:18 2026] thermal_sys: Registered thermal governor 'power_allocator'
[Thu Jul 16 11:37:18 2026] cpuidle: using governor ladder
[Thu Jul 16 11:37:18 2026] cpuidle: using governor menu
[Thu Jul 16 11:37:18 2026] efi: Freeing EFI boot services memory: 56336K
[Thu Jul 16 11:37:18 2026] acpiphp: ACPI Hot Plug PCI Controller Driver version: 0.5
[Thu Jul 16 11:37:18 2026] PCI: Using configuration type 1 for base access
[Thu Jul 16 11:37:18 2026] kprobes: kprobe jump-optimization is enabled. All kprobes are optimized if possible.
[Thu Jul 16 11:37:18 2026] HugeTLB: registered 1.00 GiB page size, pre-allocated 0 pages
[Thu Jul 16 11:37:18 2026] HugeTLB: 16380 KiB vmemmap can be freed for a 1.00 GiB page
[Thu Jul 16 11:37:18 2026] HugeTLB: registered 2.00 MiB page size, pre-allocated 0 pages
[Thu Jul 16 11:37:18 2026] HugeTLB: 28 KiB vmemmap can be freed for a 2.00 MiB page
[Thu Jul 16 11:37:18 2026] ACPI: Added _OSI(Module Device)
[Thu Jul 16 11:37:18 2026] ACPI: Added _OSI(Processor Device)
[Thu Jul 16 11:37:18 2026] ACPI: Added _OSI(Processor Aggregator Device)
[Thu Jul 16 11:37:18 2026] ACPI: 3 ACPI AML tables successfully acquired and loaded
[Thu Jul 16 11:37:18 2026] ACPI: Interpreter enabled
[Thu Jul 16 11:37:18 2026] ACPI: PM: (supports S0 S3 S4 S5)
[Thu Jul 16 11:37:18 2026] ACPI: Using IOAPIC for interrupt routing
[Thu Jul 16 11:37:18 2026] PCI: Using host bridge windows from ACPI; if necessary, use "pci=nocrs" and report a bug
[Thu Jul 16 11:37:18 2026] PCI: Ignoring E820 reservations for host bridge windows
[Thu Jul 16 11:37:18 2026] ACPI: Enabled 16 GPEs in block 00 to 0F
[Thu Jul 16 11:37:19 2026] ACPI: PCI Root Bridge [PCI0] (domain 0000 [bus 00-ff])
[Thu Jul 16 11:37:19 2026] acpi PNP0A03:00: _OSC: OS supports [ASPM ClockPM Segments MSI HPX-Type3]
[Thu Jul 16 11:37:19 2026] acpi PNP0A03:00: _OSC: not requesting OS control; OS requires [ExtendedConfig ASPM ClockPM MSI]
[Thu Jul 16 11:37:19 2026] acpi PNP0A03:00: fail to add MMCONFIG information, can't access extended configuration space under this bridge
[Thu Jul 16 11:37:19 2026] PCI host bridge to bus 0000:00
[Thu Jul 16 11:37:19 2026] pci_bus 0000:00: root bus resource [io  0x0000-0x0cf7 window]
[Thu Jul 16 11:37:19 2026] pci_bus 0000:00: root bus resource [io  0x0d00-0x0fff window]
[Thu Jul 16 11:37:19 2026] pci_bus 0000:00: root bus resource [io  0xc000-0xffff window]
[Thu Jul 16 11:37:19 2026] pci_bus 0000:00: root bus resource [io  0xa000-0xbfff window]
[Thu Jul 16 11:37:19 2026] pci_bus 0000:00: root bus resource [mem 0x000a0000-0x000bffff window]
[Thu Jul 16 11:37:19 2026] pci_bus 0000:00: root bus resource [mem 0xc0000000-0xfebfefff window]
[Thu Jul 16 11:37:19 2026] pci_bus 0000:00: root bus resource [bus 00-ff]
[Thu Jul 16 11:37:19 2026] pci 0000:00:00.0: [8086:1237] type 00 class 0x060000 conventional PCI endpoint
[Thu Jul 16 11:37:19 2026] pci 0000:00:01.0: [8086:7110] type 00 class 0x060100 conventional PCI endpoint
[Thu Jul 16 11:37:19 2026] pci 0000:00:01.3: [8086:7113] type 00 class 0x068000 conventional PCI endpoint
[Thu Jul 16 11:37:19 2026] pci 0000:00:01.3: quirk: [io  0xb000-0xb03f] claimed by PIIX4 ACPI
[Thu Jul 16 11:37:19 2026] pci 0000:00:03.0: [1af4:1004] type 00 class 0x000000 conventional PCI endpoint
[Thu Jul 16 11:37:19 2026] pci 0000:00:03.0: BAR 0 [io  0xc040-0xc07f]
[Thu Jul 16 11:37:19 2026] pci 0000:00:03.0: BAR 1 [mem 0xc0001000-0xc000107f]
[Thu Jul 16 11:37:19 2026] pci 0000:00:04.0: [1af4:1000] type 00 class 0x020000 conventional PCI endpoint
[Thu Jul 16 11:37:19 2026] pci 0000:00:04.0: BAR 0 [io  0xc000-0xc03f]
[Thu Jul 16 11:37:19 2026] pci 0000:00:04.0: BAR 1 [mem 0xc0000000-0xc00000ff]
[Thu Jul 16 11:37:19 2026] pci 0000:00:05.0: [1af4:1002] type 00 class 0x00ff00 conventional PCI endpoint
[Thu Jul 16 11:37:19 2026] pci 0000:00:05.0: BAR 0 [io  0xc0a0-0xc0bf]
[Thu Jul 16 11:37:19 2026] pci 0000:00:06.0: [1af4:1005] type 00 class 0x00ff00 conventional PCI endpoint
[Thu Jul 16 11:37:19 2026] pci 0000:00:06.0: BAR 0 [io  0xc080-0xc09f]
[Thu Jul 16 11:37:19 2026] pci 0000:00:06.0: BAR 1 [mem 0xc0002000-0xc000203f]
[Thu Jul 16 11:37:19 2026] pci_bus 0000:00: on NUMA node 0
[Thu Jul 16 11:37:19 2026] ACPI: PCI: Interrupt link LNKA configured for IRQ 10
[Thu Jul 16 11:37:19 2026] ACPI: PCI: Interrupt link LNKB configured for IRQ 10
[Thu Jul 16 11:37:19 2026] ACPI: PCI: Interrupt link LNKC configured for IRQ 11
[Thu Jul 16 11:37:19 2026] ACPI: PCI: Interrupt link LNKD configured for IRQ 11
[Thu Jul 16 11:37:19 2026] ACPI: PCI: Interrupt link LNKS configured for IRQ 9
[Thu Jul 16 11:37:19 2026] iommu: Default domain type: Translated
[Thu Jul 16 11:37:19 2026] iommu: DMA domain TLB invalidation policy: lazy mode
[Thu Jul 16 11:37:19 2026] pps_core: LinuxPPS API ver. 1 registered
[Thu Jul 16 11:37:19 2026] pps_core: Software ver. 5.3.6 - Copyright 2005-2007 Rodolfo Giometti <giometti@linux.it>
[Thu Jul 16 11:37:19 2026] PTP clock support registered
[Thu Jul 16 11:37:19 2026] efivars: Registered efivars operations
[Thu Jul 16 11:37:19 2026] NetLabel: Initializing
[Thu Jul 16 11:37:19 2026] NetLabel:  domain hash size = 128
[Thu Jul 16 11:37:19 2026] NetLabel:  protocols = UNLABELED CIPSOv4 CALIPSO
[Thu Jul 16 11:37:19 2026] NetLabel:  unlabeled traffic allowed by default
[Thu Jul 16 11:37:19 2026] PCI: Using ACPI for IRQ routing
[Thu Jul 16 11:37:19 2026] PCI: pci_cache_line_size set to 64 bytes
[Thu Jul 16 11:37:19 2026] e820: reserve RAM buffer [mem 0x00055000-0x0005ffff]
[Thu Jul 16 11:37:19 2026] e820: reserve RAM buffer [mem 0x00098000-0x0009ffff]
[Thu Jul 16 11:37:19 2026] e820: reserve RAM buffer [mem 0xbd2fd000-0xbfffffff]
[Thu Jul 16 11:37:19 2026] e820: reserve RAM buffer [mem 0xbf8ed000-0xbfffffff]
[Thu Jul 16 11:37:19 2026] e820: reserve RAM buffer [mem 0xbffe0000-0xbfffffff]
[Thu Jul 16 11:37:19 2026] vgaarb: loaded
[Thu Jul 16 11:37:19 2026] clocksource: Switched to clocksource kvm-clock
[Thu Jul 16 11:37:19 2026] VFS: Disk quotas dquot_6.6.0
[Thu Jul 16 11:37:19 2026] VFS: Dquot-cache hash table entries: 512 (order 0, 4096 bytes)
[Thu Jul 16 11:37:19 2026] AppArmor: AppArmor Filesystem Enabled
[Thu Jul 16 11:37:19 2026] pnp: PnP ACPI init
[Thu Jul 16 11:37:19 2026] pnp: PnP ACPI: found 7 devices
[Thu Jul 16 11:37:19 2026] clocksource: acpi_pm: mask: 0xffffff max_cycles: 0xffffff, max_idle_ns: 2085701024 ns
[Thu Jul 16 11:37:19 2026] NET: Registered PF_INET protocol family
[Thu Jul 16 11:37:19 2026] IP idents hash table entries: 131072 (order: 8, 1048576 bytes, linear)
[Thu Jul 16 11:37:19 2026] tcp_listen_portaddr_hash hash table entries: 4096 (order: 4, 65536 bytes, linear)
[Thu Jul 16 11:37:19 2026] Table-perturb hash table entries: 65536 (order: 6, 262144 bytes, linear)
[Thu Jul 16 11:37:19 2026] TCP established hash table entries: 65536 (order: 7, 524288 bytes, linear)
[Thu Jul 16 11:37:19 2026] TCP bind hash table entries: 65536 (order: 9, 2097152 bytes, linear)
[Thu Jul 16 11:37:19 2026] TCP: Hash tables configured (established 65536 bind 65536)
[Thu Jul 16 11:37:19 2026] MPTCP token hash table entries: 8192 (order: 6, 196608 bytes, linear)
[Thu Jul 16 11:37:19 2026] UDP hash table entries: 4096 (order: 5, 131072 bytes, linear)
[Thu Jul 16 11:37:19 2026] UDP-Lite hash table entries: 4096 (order: 5, 131072 bytes, linear)
[Thu Jul 16 11:37:19 2026] NET: Registered PF_UNIX/PF_LOCAL protocol family
[Thu Jul 16 11:37:19 2026] NET: Registered PF_XDP protocol family
[Thu Jul 16 11:37:19 2026] pci_bus 0000:00: resource 4 [io  0x0000-0x0cf7 window]
[Thu Jul 16 11:37:19 2026] pci_bus 0000:00: resource 5 [io  0x0d00-0x0fff window]
[Thu Jul 16 11:37:19 2026] pci_bus 0000:00: resource 6 [io  0xc000-0xffff window]
[Thu Jul 16 11:37:19 2026] pci_bus 0000:00: resource 7 [io  0xa000-0xbfff window]
[Thu Jul 16 11:37:19 2026] pci_bus 0000:00: resource 8 [mem 0x000a0000-0x000bffff window]
[Thu Jul 16 11:37:19 2026] pci_bus 0000:00: resource 9 [mem 0xc0000000-0xfebfefff window]
[Thu Jul 16 11:37:19 2026] pci 0000:00:00.0: Limiting direct PCI/PCI transfers
[Thu Jul 16 11:37:19 2026] PCI: CLS 0 bytes, default 64
[Thu Jul 16 11:37:19 2026] PCI-DMA: Using software bounce buffering for IO (SWIOTLB)
[Thu Jul 16 11:37:19 2026] Trying to unpack rootfs image as initramfs...
[Thu Jul 16 11:37:19 2026] software IO TLB: mapped [mem 0x00000000b2f25000-0x00000000b6f25000] (64MB)
[Thu Jul 16 11:37:19 2026] clocksource: tsc: mask: 0xffffffffffffffff max_cycles: 0x1fb6cbb9648, max_idle_ns: 440795209148 ns
[Thu Jul 16 11:37:19 2026] clocksource: Switched to clocksource tsc
[Thu Jul 16 11:37:19 2026] Initialise system trusted keyrings
[Thu Jul 16 11:37:19 2026] Key type blacklist registered
[Thu Jul 16 11:37:19 2026] workingset: timestamp_bits=36 max_order=21 bucket_order=0
[Thu Jul 16 11:37:19 2026] fuse: init (API version 7.41)
[Thu Jul 16 11:37:19 2026] integrity: Platform Keyring initialized
[Thu Jul 16 11:37:19 2026] integrity: Machine keyring initialized
[Thu Jul 16 11:37:19 2026] Key type asymmetric registered
[Thu Jul 16 11:37:19 2026] Asymmetric key parser 'x509' registered
[Thu Jul 16 11:37:19 2026] Freeing initrd memory: 18840K
[Thu Jul 16 11:37:19 2026] Block layer SCSI generic (bsg) driver version 0.4 loaded (major 247)
[Thu Jul 16 11:37:19 2026] ledtrig-cpu: registered to indicate activity on CPUs
[Thu Jul 16 11:37:19 2026] ACPI: \_SB_.LNKC: Enabled at IRQ 11
[Thu Jul 16 11:37:19 2026] virtio-pci 0000:00:03.0: virtio_pci: leaving for legacy driver
[Thu Jul 16 11:37:19 2026] ACPI: \_SB_.LNKD: Enabled at IRQ 10
[Thu Jul 16 11:37:19 2026] virtio-pci 0000:00:04.0: virtio_pci: leaving for legacy driver
[Thu Jul 16 11:37:19 2026] ACPI: \_SB_.LNKA: Enabled at IRQ 10
[Thu Jul 16 11:37:19 2026] virtio-pci 0000:00:05.0: virtio_pci: leaving for legacy driver
[Thu Jul 16 11:37:19 2026] ACPI: \_SB_.LNKB: Enabled at IRQ 11
[Thu Jul 16 11:37:19 2026] virtio-pci 0000:00:06.0: virtio_pci: leaving for legacy driver
[Thu Jul 16 11:37:19 2026] Serial: 8250/16550 driver, 4 ports, IRQ sharing enabled
[Thu Jul 16 11:37:19 2026] 00:03: ttyS0 at I/O 0x3f8 (irq = 4, base_baud = 115200) is a 16550A
[Thu Jul 16 11:37:19 2026] 00:04: ttyS1 at I/O 0x2f8 (irq = 3, base_baud = 115200) is a 16550A
[Thu Jul 16 11:37:19 2026] 00:05: ttyS2 at I/O 0x3e8 (irq = 6, base_baud = 115200) is a 16550A
[Thu Jul 16 11:37:19 2026] 00:06: ttyS3 at I/O 0x2e8 (irq = 7, base_baud = 115200) is a 16550A
[Thu Jul 16 11:37:19 2026] tpm_tis MSFT0101:00: 2.0 TPM (device-id 0x9009, rev-id 0)
[Thu Jul 16 11:37:19 2026] Key type psk registered
[Thu Jul 16 11:37:19 2026] i8042: PNP: PS/2 Controller [PNP0303:KBD,PNP0f13:MOU] at 0x60,0x64 irq 1,12
[Thu Jul 16 11:37:19 2026] i8042: Warning: Keylock active
[Thu Jul 16 11:37:19 2026] serio: i8042 KBD port at 0x60,0x64 irq 1
[Thu Jul 16 11:37:19 2026] serio: i8042 AUX port at 0x60,0x64 irq 12
[Thu Jul 16 11:37:19 2026] rtc_cmos 00:00: RTC can wake from S4
[Thu Jul 16 11:37:19 2026] rtc_cmos 00:00: registered as rtc0
[Thu Jul 16 11:37:19 2026] rtc_cmos 00:00: setting system clock to 2026-07-16T11:37:19 UTC (1784201839)
[Thu Jul 16 11:37:19 2026] rtc_cmos 00:00: alarms up to one day, 114 bytes nvram
[Thu Jul 16 11:37:19 2026] intel_pstate: CPU model not supported
[Thu Jul 16 11:37:19 2026] NET: Registered PF_INET6 protocol family
[Thu Jul 16 11:37:19 2026] Segment Routing with IPv6
[Thu Jul 16 11:37:19 2026] In-situ OAM (IOAM) with IPv6
[Thu Jul 16 11:37:19 2026] mip6: Mobile IPv6
[Thu Jul 16 11:37:19 2026] NET: Registered PF_PACKET protocol family
[Thu Jul 16 11:37:19 2026] resctrl: No MBM correction factor available
[Thu Jul 16 11:37:19 2026] IPI shorthand broadcast: enabled
[Thu Jul 16 11:37:19 2026] sched_clock: Marking stable (1076316234, 17990397)->(1098953261, -4646630)
[Thu Jul 16 11:37:19 2026] registered taskstats version 1
[Thu Jul 16 11:37:19 2026] Loading compiled-in X.509 certificates
[Thu Jul 16 11:37:19 2026] Loaded X.509 cert 'Build time autogenerated kernel key: dbf2f007da17e24a7567208bf68bf6bd564be159'
[Thu Jul 16 11:37:19 2026] Demotion targets for Node 0: null
[Thu Jul 16 11:37:19 2026] Key type .fscrypt registered
[Thu Jul 16 11:37:19 2026] Key type fscrypt-provisioning registered
[Thu Jul 16 11:37:19 2026] Key type encrypted registered
[Thu Jul 16 11:37:19 2026] AppArmor: AppArmor sha256 policy hashing enabled
[Thu Jul 16 11:37:19 2026] integrity: Loading X.509 certificate: UEFI:db
[Thu Jul 16 11:37:19 2026] integrity: Loaded X.509 cert 'Microsoft Corporation UEFI CA 2011: 13adbf4309bd82709c8cd54f316ed522988a1bd4'
[Thu Jul 16 11:37:19 2026] integrity: Loading X.509 certificate: UEFI:db
[Thu Jul 16 11:37:19 2026] integrity: Loaded X.509 cert 'Microsoft Windows Production PCA 2011: a92902398e16c49778cd90f99e4f9ae17c55af53'
[Thu Jul 16 11:37:19 2026] integrity: Loading X.509 certificate: UEFI:db
[Thu Jul 16 11:37:19 2026] integrity: Loaded X.509 cert 'Microsoft Corporation: Windows UEFI CA 2023: aefc5fbbbe055d8f8daa585473499417ab5a5272'
[Thu Jul 16 11:37:19 2026] integrity: Loading X.509 certificate: UEFI:db
[Thu Jul 16 11:37:19 2026] integrity: Loaded X.509 cert 'Microsoft UEFI CA 2023: 81aa6b3244c935bce0d6628af39827421e32497d'
[Thu Jul 16 11:37:19 2026] ima: Allocated hash algorithm: sha256
[Thu Jul 16 11:37:19 2026] ima: No architecture policies found
[Thu Jul 16 11:37:19 2026] evm: Initialising EVM extended attributes:
[Thu Jul 16 11:37:19 2026] evm: security.selinux
[Thu Jul 16 11:37:19 2026] evm: security.SMACK64 (disabled)
[Thu Jul 16 11:37:19 2026] evm: security.SMACK64EXEC (disabled)
[Thu Jul 16 11:37:19 2026] evm: security.SMACK64TRANSMUTE (disabled)
[Thu Jul 16 11:37:19 2026] evm: security.SMACK64MMAP (disabled)
[Thu Jul 16 11:37:19 2026] evm: security.apparmor
[Thu Jul 16 11:37:19 2026] evm: security.ima
[Thu Jul 16 11:37:19 2026] evm: security.capability
[Thu Jul 16 11:37:19 2026] evm: HMAC attrs: 0x1
[Thu Jul 16 11:37:19 2026] RAS: Correctable Errors collector initialized.
[Thu Jul 16 11:37:19 2026] Freeing unused decrypted memory: 2028K
[Thu Jul 16 11:37:19 2026] Freeing unused kernel image (initmem) memory: 3936K
[Thu Jul 16 11:37:19 2026] Write protecting the kernel read-only data: 28672k
[Thu Jul 16 11:37:19 2026] Freeing unused kernel image (rodata/data gap) memory: 1288K
[Thu Jul 16 11:37:19 2026] x86/mm: Checked W+X mappings: passed, no W+X pages found.
[Thu Jul 16 11:37:19 2026] x86/mm: Checking user space page tables
[Thu Jul 16 11:37:19 2026] x86/mm: Checked W+X mappings: passed, no W+X pages found.
[Thu Jul 16 11:37:19 2026] Run /init as init process
[Thu Jul 16 11:37:19 2026]   with arguments:
[Thu Jul 16 11:37:19 2026]     /init
[Thu Jul 16 11:37:19 2026]   with environment:
[Thu Jul 16 11:37:19 2026]     HOME=/
[Thu Jul 16 11:37:19 2026]     TERM=linux
[Thu Jul 16 11:37:19 2026] input: AT Translated Set 2 keyboard as /devices/platform/i8042/serio0/input/input1
[Thu Jul 16 11:37:19 2026] virtio_net virtio1 ens4: renamed from eth0
[Thu Jul 16 11:37:19 2026] SCSI subsystem initialized
[Thu Jul 16 11:37:20 2026] virtio_scsi virtio0: 1/0/0 default/read/poll queues
[Thu Jul 16 11:37:20 2026] scsi host0: Virtio SCSI HBA
[Thu Jul 16 11:37:20 2026] blk-mq: reduced tag depth to 10240
[Thu Jul 16 11:37:20 2026] scsi 0:0:1:0: Direct-Access     Google   PersistentDisk   1    PQ: 0 ANSI: 6
[Thu Jul 16 11:37:20 2026] sd 0:0:1:0: [sda] 62914560 512-byte logical blocks: (32.2 GB/30.0 GiB)
[Thu Jul 16 11:37:20 2026] sd 0:0:1:0: [sda] 4096-byte physical blocks
[Thu Jul 16 11:37:20 2026] sd 0:0:1:0: [sda] Write Protect is off
[Thu Jul 16 11:37:20 2026] sd 0:0:1:0: [sda] Mode Sense: 1f 00 00 08
[Thu Jul 16 11:37:20 2026] sd 0:0:1:0: [sda] Write cache: enabled, read cache: enabled, doesn't support DPO or FUA
[Thu Jul 16 11:37:20 2026]  sda: sda1 sda14 sda15
[Thu Jul 16 11:37:20 2026] sd 0:0:1:0: [sda] Attached SCSI disk
[Thu Jul 16 11:37:20 2026] gce-disk-expand: Resizing partition on 
[Thu Jul 16 11:37:20 2026] gce-disk-expand: Disk /dev/sda1 doesn't need resizing.
[Thu Jul 16 11:37:20 2026] EXT4-fs (sda1): mounted filesystem 5b263563-0a75-48a9-b024-9666feca057a ro with ordered data mode. Quota mode: none.
[Thu Jul 16 11:37:20 2026] Not activating Mandatory Access Control as /sbin/tomoyo-init does not exist.
[Thu Jul 16 11:37:21 2026] systemd[1]: Inserted module 'autofs4'
[Thu Jul 16 11:37:21 2026] systemd[1]: systemd 257.13-1~deb13u1 running in system mode (+PAM +AUDIT +SELINUX +APPARMOR +IMA +IPE +SMACK +SECCOMP +GCRYPT -GNUTLS +OPENSSL +ACL +BLKID +CURL +ELFUTILS +FIDO2 +IDN2 -IDN +IPTC +KMOD +LIBCRYPTSETUP +LIBCRYPTSETUP_PLUGINS +LIBFDISK +PCRE2 +PWQUALITY +P11KIT +QRENCODE +TPM2 +BZIP2 +LZ4 +XZ +ZLIB +ZSTD +BPF_FRAMEWORK +BTF -XKBCOMMON -UTMP +SYSVINIT +LIBARCHIVE)
[Thu Jul 16 11:37:21 2026] systemd[1]: Detected virtualization google.
[Thu Jul 16 11:37:21 2026] systemd[1]: Detected architecture x86-64.
[Thu Jul 16 11:37:21 2026] systemd[1]: Hostname set to <app-vm>.
[Thu Jul 16 11:37:21 2026] systemd[1]: bpf-restrict-fs: LSM BPF program attached
[Thu Jul 16 11:37:21 2026] Guest personality initialized and is inactive
[Thu Jul 16 11:37:21 2026] VMCI host device registered (name=vmci, major=10, minor=260)
[Thu Jul 16 11:37:21 2026] Initialized host personality
[Thu Jul 16 11:37:21 2026] NET: Registered PF_VSOCK protocol family
[Thu Jul 16 11:37:22 2026] systemd-ssh-generator[281]: Failed to query local AF_VSOCK CID: Cannot assign requested address
[Thu Jul 16 11:37:22 2026] (sd-exec-[270]: /usr/lib/systemd/system-generators/systemd-ssh-generator failed with exit status 1.
[Thu Jul 16 11:37:22 2026] systemd[1]: Condition check resulted in -.slice - Root Slice being skipped.
[Thu Jul 16 11:37:22 2026] systemd[1]: Condition check resulted in system.slice - System Slice being skipped.
[Thu Jul 16 11:37:22 2026] systemd[1]: Queued start job for default target graphical.target.
[Thu Jul 16 11:37:22 2026] systemd[1]: Created slice system-getty.slice - Slice /system/getty.
[Thu Jul 16 11:37:22 2026] systemd[1]: Created slice system-modprobe.slice - Slice /system/modprobe.
[Thu Jul 16 11:37:22 2026] systemd[1]: Created slice system-serial\x2dgetty.slice - Slice /system/serial-getty.
[Thu Jul 16 11:37:22 2026] systemd[1]: Created slice system-systemd\x2dfsck.slice - Slice /system/systemd-fsck.
[Thu Jul 16 11:37:22 2026] systemd[1]: Created slice user.slice - User and Session Slice.
[Thu Jul 16 11:37:22 2026] systemd[1]: Started systemd-ask-password-console.path - Dispatch Password Requests to Console Directory Watch.
[Thu Jul 16 11:37:22 2026] systemd[1]: Started systemd-ask-password-wall.path - Forward Password Requests to Wall Directory Watch.
[Thu Jul 16 11:37:22 2026] systemd[1]: Set up automount proc-sys-fs-binfmt_misc.automount - Arbitrary Executable File Formats File System Automount Point.
[Thu Jul 16 11:37:22 2026] systemd[1]: Expecting device dev-disk-by\x2dpartuuid-c6c99169\x2d9e1f\x2d4cf2\x2da2f6\x2dd5d8822ff2ce.device - /dev/disk/by-partuuid/c6c99169-9e1f-4cf2-a2f6-d5d8822ff2ce...
[Thu Jul 16 11:37:22 2026] systemd[1]: Expecting device dev-ttyS0.device - /dev/ttyS0...
[Thu Jul 16 11:37:22 2026] systemd[1]: Reached target cryptsetup.target - Local Encrypted Volumes.
[Thu Jul 16 11:37:22 2026] systemd[1]: Reached target integritysetup.target - Local Integrity Protected Volumes.
[Thu Jul 16 11:37:22 2026] systemd[1]: Reached target paths.target - Path Units.
[Thu Jul 16 11:37:22 2026] systemd[1]: Reached target remote-fs.target - Remote File Systems.
[Thu Jul 16 11:37:22 2026] systemd[1]: Reached target slices.target - Slice Units.
[Thu Jul 16 11:37:22 2026] systemd[1]: Reached target swap.target - Swaps.
[Thu Jul 16 11:37:22 2026] systemd[1]: Reached target veritysetup.target - Local Verity Protected Volumes.
[Thu Jul 16 11:37:22 2026] systemd[1]: Listening on syslog.socket - Syslog Socket.
[Thu Jul 16 11:37:22 2026] systemd[1]: Listening on systemd-creds.socket - Credential Encryption/Decryption.
[Thu Jul 16 11:37:22 2026] systemd[1]: Listening on systemd-initctl.socket - initctl Compatibility Named Pipe.
[Thu Jul 16 11:37:22 2026] systemd[1]: Listening on systemd-journald-dev-log.socket - Journal Socket (/dev/log).
[Thu Jul 16 11:37:22 2026] systemd[1]: Listening on systemd-journald.socket - Journal Sockets.
[Thu Jul 16 11:37:22 2026] systemd[1]: Listening on systemd-networkd.socket - Network Service Netlink Socket.
[Thu Jul 16 11:37:22 2026] systemd[1]: systemd-pcrextend.socket - TPM PCR Measurements skipped, unmet condition check ConditionSecurity=measured-uki
[Thu Jul 16 11:37:22 2026] systemd[1]: systemd-pcrlock.socket - Make TPM PCR Policy skipped, unmet condition check ConditionSecurity=measured-uki
[Thu Jul 16 11:37:22 2026] systemd[1]: Listening on systemd-udevd-control.socket - udev Control Socket.
[Thu Jul 16 11:37:22 2026] systemd[1]: Listening on systemd-udevd-kernel.socket - udev Kernel Socket.
[Thu Jul 16 11:37:22 2026] systemd[1]: Mounting dev-hugepages.mount - Huge Pages File System...
[Thu Jul 16 11:37:23 2026] systemd[1]: Mounting dev-mqueue.mount - POSIX Message Queue File System...
[Thu Jul 16 11:37:23 2026] systemd[1]: Mounting run-lock.mount - Legacy Locks Directory /run/lock...
[Thu Jul 16 11:37:23 2026] systemd[1]: Mounting sys-kernel-debug.mount - Kernel Debug File System...
[Thu Jul 16 11:37:23 2026] systemd[1]: Mounting sys-kernel-tracing.mount - Kernel Trace File System...
[Thu Jul 16 11:37:23 2026] systemd[1]: Mounting tmp.mount - Temporary Directory /tmp...
[Thu Jul 16 11:37:23 2026] systemd[1]: Starting kmod-static-nodes.service - Create List of Static Device Nodes...
[Thu Jul 16 11:37:23 2026] systemd[1]: Starting modprobe@configfs.service - Load Kernel Module configfs...
[Thu Jul 16 11:37:23 2026] systemd[1]: Starting modprobe@drm.service - Load Kernel Module drm...
[Thu Jul 16 11:37:23 2026] systemd[1]: Starting modprobe@efi_pstore.service - Load Kernel Module efi_pstore...
[Thu Jul 16 11:37:23 2026] systemd[1]: Starting modprobe@fuse.service - Load Kernel Module fuse...
[Thu Jul 16 11:37:23 2026] pstore: Using crash dump compression: deflate
[Thu Jul 16 11:37:23 2026] pstore: Registered efi_pstore as persistent store backend
[Thu Jul 16 11:37:23 2026] systemd[1]: Starting modprobe@nvme_fabrics.service - Load Kernel Module nvme_fabrics...
[Thu Jul 16 11:37:23 2026] systemd[1]: netplan-ovs-cleanup.service - OpenVSwitch configuration for cleanup skipped, unmet condition check ConditionFileIsExecutable=/usr/bin/ovs-vsctl
[Thu Jul 16 11:37:23 2026] systemd[1]: systemd-fsck-root.service - File System Check on Root Device skipped, unmet condition check ConditionPathExists=!/run/initramfs/fsck-root
[Thu Jul 16 11:37:23 2026] systemd[1]: systemd-hibernate-clear.service - Clear Stale Hibernate Storage Info skipped, unmet condition check ConditionPathExists=/sys/firmware/efi/efivars/HibernateLocation-8cf2644b-4b0b-428f-9387-6d876050dc67
[Thu Jul 16 11:37:23 2026] systemd[1]: Starting systemd-journald.service - Journal Service...
[Thu Jul 16 11:37:23 2026] systemd[1]: Starting systemd-modules-load.service - Load Kernel Modules...
[Thu Jul 16 11:37:23 2026] systemd-journald[302]: Collecting audit messages is disabled.
[Thu Jul 16 11:37:23 2026] systemd[1]: Starting systemd-network-generator.service - Generate Network Units from Kernel Command Line...
[Thu Jul 16 11:37:23 2026] systemd[1]: systemd-pcrmachine.service - TPM PCR Machine ID Measurement skipped, unmet condition check ConditionSecurity=measured-uki
[Thu Jul 16 11:37:23 2026] systemd[1]: Starting systemd-remount-fs.service - Remount Root and Kernel File Systems...
[Thu Jul 16 11:37:23 2026] systemd[1]: systemd-tpm2-setup-early.service - Early TPM SRK Setup skipped, unmet condition check ConditionSecurity=measured-uki
[Thu Jul 16 11:37:23 2026] systemd[1]: Starting systemd-udev-load-credentials.service - Load udev Rules from Credentials...
[Thu Jul 16 11:37:23 2026] systemd[1]: Starting systemd-udev-trigger.service - Coldplug All udev Devices...
[Thu Jul 16 11:37:23 2026] systemd[1]: Started systemd-journald.service - Journal Service.
[Thu Jul 16 11:37:23 2026] EXT4-fs (sda1): re-mounted 5b263563-0a75-48a9-b024-9666feca057a r/w.
[Thu Jul 16 11:37:24 2026] EXT4-fs (sda1): resizing filesystem from 7831296 to 7831296 blocks
[Thu Jul 16 11:37:24 2026] systemd-journald[302]: Received client request to flush runtime journal.
[Thu Jul 16 11:37:24 2026] input: Power Button as /devices/LNXSYSTM:00/LNXPWRBN:00/input/input3
[Thu Jul 16 11:37:24 2026] sd 0:0:1:0: Attached scsi generic sg0 type 0
[Thu Jul 16 11:37:24 2026] ACPI: button: Power Button [PWRF]
[Thu Jul 16 11:37:24 2026] input: Sleep Button as /devices/LNXSYSTM:00/LNXSLPBN:00/input/input4
[Thu Jul 16 11:37:24 2026] ACPI: button: Sleep Button [SLPF]
[Thu Jul 16 11:37:24 2026] RAPL PMU: API unit is 2^-32 Joules, 0 fixed counters, 10737418240 ms ovfl timer
[Thu Jul 16 11:37:24 2026] cryptd: max_cpu_qlen set to 1000
[Thu Jul 16 11:37:24 2026] AES CTR mode by8 optimization enabled
[Thu Jul 16 11:37:25 2026] audit: type=1400 audit(1784201845.472:2): apparmor="STATUS" operation="profile_load" profile="unconfined" name="Discord" pid=496 comm="apparmor_parser"
[Thu Jul 16 11:37:25 2026] audit: type=1400 audit(1784201845.472:3): apparmor="STATUS" operation="profile_load" profile="unconfined" name=4D6F6E676F444220436F6D70617373 pid=497 comm="apparmor_parser"
[Thu Jul 16 11:37:25 2026] audit: type=1400 audit(1784201845.472:4): apparmor="STATUS" operation="profile_load" profile="unconfined" name="1password" pid=495 comm="apparmor_parser"
[Thu Jul 16 11:37:25 2026] audit: type=1400 audit(1784201845.476:5): apparmor="STATUS" operation="profile_load" profile="unconfined" name="QtWebEngineProcess" pid=498 comm="apparmor_parser"
[Thu Jul 16 11:37:25 2026] audit: type=1400 audit(1784201845.508:6): apparmor="STATUS" operation="profile_load" profile="unconfined" name="balena-etcher" pid=503 comm="apparmor_parser"
[Thu Jul 16 11:37:25 2026] audit: type=1400 audit(1784201845.508:7): apparmor="STATUS" operation="profile_load" profile="unconfined" name="brave" pid=504 comm="apparmor_parser"
[Thu Jul 16 11:37:25 2026] audit: type=1400 audit(1784201845.544:8): apparmor="STATUS" operation="profile_load" profile="unconfined" name="buildah" pid=505 comm="apparmor_parser"
[Thu Jul 16 11:37:25 2026] audit: type=1400 audit(1784201845.560:9): apparmor="STATUS" operation="profile_load" profile="unconfined" name="cam" pid=507 comm="apparmor_parser"
[Thu Jul 16 11:37:25 2026] audit: type=1400 audit(1784201845.560:10): apparmor="STATUS" operation="profile_load" profile="unconfined" name="busybox" pid=506 comm="apparmor_parser"
[Thu Jul 16 11:37:25 2026] audit: type=1400 audit(1784201845.576:11): apparmor="STATUS" operation="profile_load" profile="unconfined" name="ch-checkns" pid=508 comm="apparmor_parser"
[Thu Jul 16 11:37:43 2026] kauditd_printk_skb: 101 callbacks suppressed
[Thu Jul 16 11:37:43 2026] audit: type=1400 audit(1784201863.230:113): apparmor="STATUS" operation="profile_load" profile="unconfined" name="docker-default" pid=1010 comm="apparmor_parser"
[Thu Jul 16 11:37:43 2026] evm: overlay not supported
[Thu Jul 16 11:37:44 2026] systemd-ssh-generator[1069]: Failed to query local AF_VSOCK CID: Cannot assign requested address
[Thu Jul 16 11:37:45 2026] bridge: filtering via arp/ip/ip6tables is no longer available by default. Update your scripts to load br_netfilter if you need this.
[Thu Jul 16 11:37:45 2026] Bridge firewalling registered
[Thu Jul 16 11:37:45 2026] Initializing XFRM netlink socket
[Thu Jul 16 11:37:46 2026] br-d9fa5d5f96fe: port 1(vethd275454) entered blocking state
[Thu Jul 16 11:37:46 2026] br-d9fa5d5f96fe: port 1(vethd275454) entered disabled state
[Thu Jul 16 11:37:46 2026] vethd275454: entered allmulticast mode
[Thu Jul 16 11:37:46 2026] vethd275454: entered promiscuous mode
[Thu Jul 16 11:37:46 2026] br-d9fa5d5f96fe: port 2(veth58de61e) entered blocking state
[Thu Jul 16 11:37:46 2026] br-d9fa5d5f96fe: port 2(veth58de61e) entered disabled state
[Thu Jul 16 11:37:46 2026] veth58de61e: entered allmulticast mode
[Thu Jul 16 11:37:46 2026] veth58de61e: entered promiscuous mode
[Thu Jul 16 11:37:46 2026] br-d9fa5d5f96fe: port 3(veth5bc8872) entered blocking state
[Thu Jul 16 11:37:46 2026] br-d9fa5d5f96fe: port 3(veth5bc8872) entered disabled state
[Thu Jul 16 11:37:46 2026] veth5bc8872: entered allmulticast mode
[Thu Jul 16 11:37:46 2026] veth5bc8872: entered promiscuous mode
[Thu Jul 16 11:37:46 2026] br-d9fa5d5f96fe: port 4(vethff84c71) entered blocking state
[Thu Jul 16 11:37:46 2026] br-d9fa5d5f96fe: port 4(vethff84c71) entered disabled state
[Thu Jul 16 11:37:46 2026] vethff84c71: entered allmulticast mode
[Thu Jul 16 11:37:46 2026] vethff84c71: entered promiscuous mode
[Thu Jul 16 11:37:46 2026] br-d9fa5d5f96fe: port 5(veth332eb55) entered blocking state
[Thu Jul 16 11:37:46 2026] br-d9fa5d5f96fe: port 5(veth332eb55) entered disabled state
[Thu Jul 16 11:37:46 2026] veth332eb55: entered allmulticast mode
[Thu Jul 16 11:37:46 2026] veth332eb55: entered promiscuous mode
[Thu Jul 16 11:37:47 2026] br-d9fa5d5f96fe: port 6(veth5bf8c1a) entered blocking state
[Thu Jul 16 11:37:47 2026] br-d9fa5d5f96fe: port 6(veth5bf8c1a) entered disabled state
[Thu Jul 16 11:37:47 2026] veth5bf8c1a: entered allmulticast mode
[Thu Jul 16 11:37:47 2026] veth5bf8c1a: entered promiscuous mode
[Thu Jul 16 11:37:47 2026] br-d9fa5d5f96fe: port 7(veth59ebc59) entered blocking state
[Thu Jul 16 11:37:47 2026] br-d9fa5d5f96fe: port 7(veth59ebc59) entered disabled state
[Thu Jul 16 11:37:47 2026] veth59ebc59: entered allmulticast mode
[Thu Jul 16 11:37:47 2026] veth59ebc59: entered promiscuous mode
[Thu Jul 16 11:37:47 2026] br-d9fa5d5f96fe: port 8(veth4aec916) entered blocking state
[Thu Jul 16 11:37:47 2026] br-d9fa5d5f96fe: port 8(veth4aec916) entered disabled state
[Thu Jul 16 11:37:47 2026] veth4aec916: entered allmulticast mode
[Thu Jul 16 11:37:47 2026] veth4aec916: entered promiscuous mode
[Thu Jul 16 11:37:51 2026] eth0: renamed from veth9504445
[Thu Jul 16 11:37:51 2026] br-d9fa5d5f96fe: port 8(veth4aec916) entered blocking state
[Thu Jul 16 11:37:51 2026] br-d9fa5d5f96fe: port 8(veth4aec916) entered forwarding state
[Thu Jul 16 11:37:51 2026] eth0: renamed from veth87d7a27
[Thu Jul 16 11:37:51 2026] br-d9fa5d5f96fe: port 5(veth332eb55) entered blocking state
[Thu Jul 16 11:37:51 2026] br-d9fa5d5f96fe: port 5(veth332eb55) entered forwarding state
[Thu Jul 16 11:37:51 2026] eth0: renamed from veth2eea3be
[Thu Jul 16 11:37:51 2026] br-d9fa5d5f96fe: port 7(veth59ebc59) entered blocking state
[Thu Jul 16 11:37:51 2026] br-d9fa5d5f96fe: port 7(veth59ebc59) entered forwarding state
[Thu Jul 16 11:37:51 2026] eth0: renamed from vethcea36fd
[Thu Jul 16 11:37:51 2026] eth0: renamed from vethcb624fb
[Thu Jul 16 11:37:51 2026] eth0: renamed from vethb5b45f6
[Thu Jul 16 11:37:51 2026] eth0: renamed from vethc956fad
[Thu Jul 16 11:37:51 2026] eth0: renamed from veth4422297
[Thu Jul 16 11:37:51 2026] br-d9fa5d5f96fe: port 4(vethff84c71) entered blocking state
[Thu Jul 16 11:37:51 2026] br-d9fa5d5f96fe: port 4(vethff84c71) entered forwarding state
[Thu Jul 16 11:37:51 2026] br-d9fa5d5f96fe: port 6(veth5bf8c1a) entered blocking state
[Thu Jul 16 11:37:51 2026] br-d9fa5d5f96fe: port 6(veth5bf8c1a) entered forwarding state
[Thu Jul 16 11:37:51 2026] br-d9fa5d5f96fe: port 1(vethd275454) entered blocking state
[Thu Jul 16 11:37:51 2026] br-d9fa5d5f96fe: port 1(vethd275454) entered forwarding state
[Thu Jul 16 11:37:51 2026] br-d9fa5d5f96fe: port 3(veth5bc8872) entered blocking state
[Thu Jul 16 11:37:51 2026] br-d9fa5d5f96fe: port 3(veth5bc8872) entered forwarding state
[Thu Jul 16 11:37:51 2026] br-d9fa5d5f96fe: port 2(veth58de61e) entered blocking state
[Thu Jul 16 11:37:51 2026] br-d9fa5d5f96fe: port 2(veth58de61e) entered forwarding state
[Thu Jul 16 11:46:45 2026] br-d9fa5d5f96fe: port 8(veth4aec916) entered disabled state
[Thu Jul 16 11:46:45 2026] veth9504445: renamed from eth0
[Thu Jul 16 11:46:45 2026] br-d9fa5d5f96fe: port 8(veth4aec916) entered disabled state
[Thu Jul 16 11:46:45 2026] veth4aec916 (unregistering): left allmulticast mode
[Thu Jul 16 11:46:45 2026] veth4aec916 (unregistering): left promiscuous mode
[Thu Jul 16 11:46:45 2026] br-d9fa5d5f96fe: port 8(veth4aec916) entered disabled state
[Thu Jul 16 11:46:45 2026] br-d9fa5d5f96fe: port 8(vethdf9971a) entered blocking state
[Thu Jul 16 11:46:45 2026] br-d9fa5d5f96fe: port 8(vethdf9971a) entered disabled state
[Thu Jul 16 11:46:45 2026] vethdf9971a: entered allmulticast mode
[Thu Jul 16 11:46:45 2026] vethdf9971a: entered promiscuous mode
[Thu Jul 16 11:46:45 2026] eth0: renamed from vethc5470c7
[Thu Jul 16 11:46:45 2026] br-d9fa5d5f96fe: port 8(vethdf9971a) entered blocking state
[Thu Jul 16 11:46:45 2026] br-d9fa5d5f96fe: port 8(vethdf9971a) entered forwarding state
[Thu Jul 16 11:48:00 2026] evm: overlay not supported
[Thu Jul 16 11:48:22 2026] evm: overlay not supported
[Thu Jul 16 11:50:04 2026] systemd-journald[302]: Under memory pressure, flushing caches.
[Thu Jul 16 11:50:08 2026] systemd-journald[302]: Under memory pressure, flushing caches.
[Thu Jul 16 11:50:12 2026] systemd-journald[302]: Under memory pressure, flushing caches.
[Thu Jul 16 11:50:14 2026] systemd-journald[302]: Under memory pressure, flushing caches.
[Thu Jul 16 11:50:37 2026] systemd-journald[302]: Under memory pressure, flushing caches.
[Thu Jul 16 11:50:39 2026] systemd-journald[302]: Under memory pressure, flushing caches.
[Thu Jul 16 11:50:41 2026] systemd-journald[302]: Under memory pressure, flushing caches.
[Thu Jul 16 11:50:57 2026] systemd-journald[302]: Under memory pressure, flushing caches.
[Thu Jul 16 11:50:59 2026] systemd-journald[302]: Under memory pressure, flushing caches.
[Thu Jul 16 11:51:18 2026] systemd-ssh-generator[4584]: Failed to query local AF_VSOCK CID: Cannot assign requested address
[Thu Jul 16 11:55:44 2026] br-d9fa5d5f96fe: port 8(vethdf9971a) entered disabled state
[Thu Jul 16 11:55:44 2026] vethc5470c7: renamed from eth0
[Thu Jul 16 11:55:44 2026] br-d9fa5d5f96fe: port 8(vethdf9971a) entered disabled state
[Thu Jul 16 11:55:44 2026] vethdf9971a (unregistering): left allmulticast mode
[Thu Jul 16 11:55:44 2026] vethdf9971a (unregistering): left promiscuous mode
[Thu Jul 16 11:55:44 2026] br-d9fa5d5f96fe: port 8(vethdf9971a) entered disabled state
[Thu Jul 16 11:55:44 2026] br-d9fa5d5f96fe: port 8(veth0be9df0) entered blocking state
[Thu Jul 16 11:55:44 2026] br-d9fa5d5f96fe: port 8(veth0be9df0) entered disabled state
[Thu Jul 16 11:55:44 2026] veth0be9df0: entered allmulticast mode
[Thu Jul 16 11:55:44 2026] veth0be9df0: entered promiscuous mode
[Thu Jul 16 11:55:46 2026] eth0: renamed from veth41ab7a9
[Thu Jul 16 11:55:46 2026] br-d9fa5d5f96fe: port 8(veth0be9df0) entered blocking state
[Thu Jul 16 11:55:46 2026] br-d9fa5d5f96fe: port 8(veth0be9df0) entered forwarding state
[Thu Jul 16 11:55:52 2026] docker0: port 1(vethdc4de54) entered blocking state
[Thu Jul 16 11:55:52 2026] docker0: port 1(vethdc4de54) entered disabled state
[Thu Jul 16 11:55:52 2026] vethdc4de54: entered allmulticast mode
[Thu Jul 16 11:55:52 2026] vethdc4de54: entered promiscuous mode
[Thu Jul 16 11:55:53 2026] eth0: renamed from veth02b53c5
[Thu Jul 16 11:55:53 2026] docker0: port 1(vethdc4de54) entered blocking state
[Thu Jul 16 11:55:53 2026] docker0: port 1(vethdc4de54) entered forwarding state
[Thu Jul 16 11:56:02 2026] br-d9fa5d5f96fe: port 8(veth0be9df0) entered disabled state
[Thu Jul 16 11:56:02 2026] veth41ab7a9: renamed from eth0
[Thu Jul 16 11:56:02 2026] br-d9fa5d5f96fe: port 8(veth0be9df0) entered disabled state
[Thu Jul 16 11:56:02 2026] veth0be9df0 (unregistering): left allmulticast mode
[Thu Jul 16 11:56:02 2026] veth0be9df0 (unregistering): left promiscuous mode
[Thu Jul 16 11:56:02 2026] br-d9fa5d5f96fe: port 8(veth0be9df0) entered disabled state
[Thu Jul 16 11:56:02 2026] br-d9fa5d5f96fe: port 8(veth0baa71f) entered blocking state
[Thu Jul 16 11:56:02 2026] br-d9fa5d5f96fe: port 8(veth0baa71f) entered disabled state
[Thu Jul 16 11:56:02 2026] veth0baa71f: entered allmulticast mode
[Thu Jul 16 11:56:02 2026] veth0baa71f: entered promiscuous mode
[Thu Jul 16 11:56:02 2026] eth0: renamed from vethe098528
[Thu Jul 16 11:56:02 2026] br-d9fa5d5f96fe: port 8(veth0baa71f) entered blocking state
[Thu Jul 16 11:56:02 2026] br-d9fa5d5f96fe: port 8(veth0baa71f) entered forwarding state
[Thu Jul 16 11:56:45 2026] evm: overlay not supported
[Thu Jul 16 11:56:56 2026] python3.12 invoked oom-killer: gfp_mask=0x140cca(GFP_HIGHUSER_MOVABLE|__GFP_COMP), order=0, oom_score_adj=0
[Thu Jul 16 11:56:56 2026] CPU: 3 UID: 1000 PID: 6225 Comm: python3.12 Not tainted 6.12.95+deb13-cloud-amd64 #1  Debian 6.12.95-1
[Thu Jul 16 11:56:56 2026] Hardware name: Google Google Compute Engine/Google Compute Engine, BIOS Google 05/09/2026
[Thu Jul 16 11:56:56 2026] Call Trace:
[Thu Jul 16 11:56:56 2026]  <TASK>
[Thu Jul 16 11:56:56 2026]  dump_stack_lvl+0x5d/0x80
[Thu Jul 16 11:56:56 2026]  dump_header+0x43/0x1aa
[Thu Jul 16 11:56:56 2026]  oom_kill_process.cold+0x8/0x8d
[Thu Jul 16 11:56:56 2026]  out_of_memory+0x219/0x4b0
[Thu Jul 16 11:56:56 2026]  __alloc_pages_slowpath.constprop.0+0xc27/0xdc0
[Thu Jul 16 11:56:56 2026]  __alloc_pages_noprof+0x2fb/0x310
[Thu Jul 16 11:56:56 2026]  alloc_pages_mpol_noprof+0xd7/0x1c0
[Thu Jul 16 11:56:56 2026]  folio_alloc_noprof+0x5b/0xb0
[Thu Jul 16 11:56:56 2026]  __filemap_get_folio+0x1aa/0x300
[Thu Jul 16 11:56:56 2026]  filemap_fault+0x1fb/0xd40
[Thu Jul 16 11:56:56 2026]  ? set_pte_range+0xcf/0x250
[Thu Jul 16 11:56:56 2026]  __do_fault+0x33/0x170
[Thu Jul 16 11:56:56 2026]  do_fault+0x341/0x550
[Thu Jul 16 11:56:56 2026]  __handle_mm_fault+0x7c2/0xf70
[Thu Jul 16 11:56:56 2026]  handle_mm_fault+0xe2/0x2c0
[Thu Jul 16 11:56:56 2026]  do_user_addr_fault+0x217/0x620
[Thu Jul 16 11:56:56 2026]  exc_page_fault+0x7e/0x180
[Thu Jul 16 11:56:56 2026]  asm_exc_page_fault+0x26/0x30
[Thu Jul 16 11:56:56 2026] RIP: 0033:0x7f93ab7fbd3b
[Thu Jul 16 11:56:56 2026] Code: Unable to access opcode bytes at 0x7f93ab7fbd11.
[Thu Jul 16 11:56:56 2026] RSP: 002b:00007ffebb5463a0 EFLAGS: 00010202
[Thu Jul 16 11:56:56 2026] RAX: 0000000000000000 RBX: 0000000000000001 RCX: 0000000000073d04
[Thu Jul 16 11:56:56 2026] RDX: 000000000000049a RSI: 00007ffebb5463b0 RDI: 00007f93ae0bb090
[Thu Jul 16 11:56:56 2026] RBP: 0000000000000064 R08: 0014934200a7abd0 R09: 0000000000000008
[Thu Jul 16 11:56:56 2026] R10: 0000000000000000 R11: 00007f93ae0bb080 R12: 0000000000000064
[Thu Jul 16 11:56:56 2026] R13: 0000000000000000 R14: 000055a66916c9e0 R15: 000055a66904fcc0
[Thu Jul 16 11:56:56 2026]  </TASK>
[Thu Jul 16 11:56:56 2026] Mem-Info:
[Thu Jul 16 11:56:57 2026] active_anon:1372055 inactive_anon:586460 isolated_anon:0
                            active_file:45 inactive_file:423 isolated_file:0
                            unevictable:8 dirty:110 writeback:4
                            slab_reclaimable:6155 slab_unreclaimable:13517
                            mapped:42580 shmem:42755 pagetables:6945
                            sec_pagetables:0 bounce:0
                            kernel_misc_reclaimable:0
                            free:25409 free_pcp:32 free_cma:0
[Thu Jul 16 11:56:57 2026] Node 0 active_anon:5479036kB inactive_anon:2355024kB active_file:708kB inactive_file:1016kB unevictable:32kB isolated(anon):0kB isolated(file):0kB mapped:170320kB dirty:440kB writeback:16kB shmem:171020kB shmem_thp:0kB shmem_pmdmapped:0kB anon_thp:1312768kB writeback_tmp:0kB kernel_stack:8208kB pagetables:27780kB sec_pagetables:0kB all_unreclaimable? yes
[Thu Jul 16 11:56:57 2026] Node 0 DMA free:14336kB boost:0kB min:128kB low:160kB high:192kB reserved_highatomic:0KB active_anon:0kB inactive_anon:0kB active_file:0kB inactive_file:0kB unevictable:0kB writepending:0kB present:15920kB managed:15360kB mlocked:0kB bounce:0kB free_pcp:0kB local_pcp:0kB free_cma:0kB
[Thu Jul 16 11:56:57 2026] lowmem_reserve[]: 0 2923 7857 7857 7857
[Thu Jul 16 11:56:57 2026] Node 0 DMA32 free:44724kB boost:0kB min:25348kB low:31684kB high:38020kB reserved_highatomic:0KB active_anon:2878700kB inactive_anon:126280kB active_file:624kB inactive_file:0kB unevictable:0kB writepending:76kB present:3126028kB managed:3060488kB mlocked:0kB bounce:0kB free_pcp:0kB local_pcp:0kB free_cma:0kB
[Thu Jul 16 11:56:57 2026] lowmem_reserve[]: 0 0 4933 4933 4933
[Thu Jul 16 11:56:57 2026] Node 0 Normal free:42612kB boost:0kB min:42104kB low:52628kB high:63152kB reserved_highatomic:0KB active_anon:2489356kB inactive_anon:2339728kB active_file:0kB inactive_file:2184kB unevictable:32kB writepending:380kB present:5242880kB managed:5059612kB mlocked:32kB bounce:0kB free_pcp:360kB local_pcp:0kB free_cma:0kB
[Thu Jul 16 11:56:57 2026] lowmem_reserve[]: 0 0 0 0 0
[Thu Jul 16 11:56:57 2026] Node 0 DMA: 0*4kB 0*8kB 0*16kB 0*32kB 0*64kB 0*128kB 0*256kB 0*512kB 0*1024kB 1*2048kB (M) 3*4096kB (M) = 14336kB
[Thu Jul 16 11:56:57 2026] Node 0 DMA32: 190*4kB (UME) 175*8kB (UME) 108*16kB (UME) 210*32kB (UME) 135*64kB (UME) 73*128kB (UME) 20*256kB (UME) 7*512kB (UME) 4*1024kB (ME) 2*2048kB (M) 0*4096kB = 45488kB
[Thu Jul 16 11:56:57 2026] Node 0 Normal: 1389*4kB (UE) 809*8kB (UE) 305*16kB (UE) 332*32kB (UME) 110*64kB (UME) 28*128kB (UME) 5*256kB (UME) 0*512kB 0*1024kB 0*2048kB 0*4096kB = 39436kB
[Thu Jul 16 11:56:57 2026] Node 0 hugepages_total=0 hugepages_free=0 hugepages_surp=0 hugepages_size=1048576kB
[Thu Jul 16 11:56:57 2026] Node 0 hugepages_total=0 hugepages_free=0 hugepages_surp=0 hugepages_size=2048kB
[Thu Jul 16 11:56:57 2026] 43385 total pagecache pages
[Thu Jul 16 11:56:57 2026] 0 pages in swap cache
[Thu Jul 16 11:56:57 2026] Free swap  = 0kB
[Thu Jul 16 11:56:57 2026] Total swap = 0kB
[Thu Jul 16 11:56:57 2026] 2096207 pages RAM
[Thu Jul 16 11:56:57 2026] 0 pages HighMem/MovableOnly
[Thu Jul 16 11:56:57 2026] 62342 pages reserved
[Thu Jul 16 11:56:57 2026] 0 pages hwpoisoned
[Thu Jul 16 11:56:57 2026] Tasks state (memory values in pages):
[Thu Jul 16 11:56:57 2026] [  pid  ]   uid  tgid total_vm      rss rss_anon rss_file rss_shmem pgtables_bytes swapents oom_score_adj name
[Thu Jul 16 11:56:57 2026] [    302]     0   302     8692      321      288       33         0    94208        0          -250 systemd-journal
[Thu Jul 16 11:56:57 2026] [    343]   989   343     5930      715      640       75         0    86016        0             0 systemd-resolve
[Thu Jul 16 11:56:57 2026] [    345]   996   345    22971      307      256       51         0    86016        0             0 systemd-timesyn
[Thu Jul 16 11:56:57 2026] [    349]     0   349     8245      451      416       35         0    81920        0         -1000 systemd-udevd
[Thu Jul 16 11:56:57 2026] [    377]   998   377     5507      554      403      151         0    77824        0             0 systemd-network
[Thu Jul 16 11:56:57 2026] [    601]     0   601     2093     1261     1202       59         0    53248        0             0 haveged
[Thu Jul 16 11:56:57 2026] [    610]   995   610     7958      604      576       28         0   102400        0          -900 dbus-daemon
[Thu Jul 16 11:56:57 2026] [    615]     0   615     9641     3594     3567       27         0   114688        0             0 networkd-dispat
[Thu Jul 16 11:56:57 2026] [    616]     0   616    54921      382      320       62         0    65536        0             0 rsyslogd
[Thu Jul 16 11:56:57 2026] [    635]     0   635     1292      110       32       78         0    53248        0             0 agetty
[Thu Jul 16 11:56:57 2026] [    654]     0   654     1303       64       32       32         0    45056        0             0 agetty
[Thu Jul 16 11:56:57 2026] [    657]     0   657   597588     4611     4566       45         0   356352        0          -999 containerd
[Thu Jul 16 11:56:57 2026] [    669]     0   669    29506     3507     3474       33         0   131072        0             0 unattended-upgr
[Thu Jul 16 11:56:57 2026] [    679]     0   679   915084    14443    14401       42         0   716800        0          -500 dockerd
[Thu Jul 16 11:56:57 2026] [    681]     0   681   319616     2799     2765       34         0   155648        0          -999 google_guest_ag
[Thu Jul 16 11:56:57 2026] [    682]     0   682   319267     2367     2352       15         0   139264        0             0 google_guest_co
[Thu Jul 16 11:56:57 2026] [    683]     0   683   322263     3988     3944       44         0   237568        0             0 google_osconfig
[Thu Jul 16 11:56:57 2026] [    687]   987   687    95109      254      192       62         0   106496        0             0 polkitd
[Thu Jul 16 11:56:57 2026] [    953]   100   953    11539     3637     3584       53         0   135168        0             0 exim4
[Thu Jul 16 11:56:57 2026] [   1328]     0  1328     2943      341      288       53         0    65536        0         -1000 sshd
[Thu Jul 16 11:56:57 2026] [   1332]     0  1332   417854      667      620       47         0   147456        0          -500 docker-proxy
[Thu Jul 16 11:56:57 2026] [   1374]     0  1374   436287      674      638       36         0   159744        0          -500 docker-proxy
[Thu Jul 16 11:56:57 2026] [   1388]     0  1388   399357      683      637       46         0   143360        0          -500 docker-proxy
[Thu Jul 16 11:56:57 2026] [   1394]     0  1394   436351     1200     1157       43         0   155648        0          -500 docker-proxy
[Thu Jul 16 11:56:57 2026] [   1445]     0  1445   417854      712      637       75         0   147456        0          -500 docker-proxy
[Thu Jul 16 11:56:57 2026] [   1452]     0  1452   417854      666      639       27         0   147456        0          -500 docker-proxy
[Thu Jul 16 11:56:57 2026] [   1470]     0  1470   454720      692      638       54         0   167936        0          -500 docker-proxy
[Thu Jul 16 11:56:57 2026] [   1479]     0  1479   399421      707      638       69         0   139264        0          -500 docker-proxy
[Thu Jul 16 11:56:57 2026] [   1563]     0  1563   514935     1039     1039        0         0   233472        0          -998 containerd-shim
[Thu Jul 16 11:56:57 2026] [   1568]     0  1568   514935     1029      999       30         0   237568        0          -998 containerd-shim
[Thu Jul 16 11:56:57 2026] [   1570]     0  1570   514935     1047     1012       35         0   237568        0          -998 containerd-shim
[Thu Jul 16 11:56:57 2026] [   1571]     0  1571   514999     1110     1064       46         0   237568        0          -998 containerd-shim
[Thu Jul 16 11:56:57 2026] [   1572]     0  1572   514999     1082     1082        0         0   241664        0          -998 containerd-shim
[Thu Jul 16 11:56:57 2026] [   1574]     0  1574   514935     1161     1114       47         0   237568        0          -998 containerd-shim
[Thu Jul 16 11:56:57 2026] [   1575]     0  1575   514999     1107     1035       72         0   237568        0          -998 containerd-shim
[Thu Jul 16 11:56:57 2026] [   1745]   472  1745   411723    20474    20468        6         0   753664        0             0 grafana
[Thu Jul 16 11:56:57 2026] [   1746]     0  1746   347057    10976    10953       23         0   487424        0             0 traefik
[Thu Jul 16 11:56:57 2026] [   1748] 65534  1748   309543     2005     1969       36         0   143360        0             0 postgres_export
[Thu Jul 16 11:56:57 2026] [   1760] 65534  1760   310424     2104     2087       17         0   135168        0             0 node_exporter
[Thu Jul 16 11:56:57 2026] [   1773] 65534  1773   406110    15114    15107        7         0   532480        0             0 prometheus
[Thu Jul 16 11:56:57 2026] [   1780] 59000  1780   308712     2289     2277       12         0   122880        0             0 redis_exporter
[Thu Jul 16 11:56:57 2026] [   1782]    70  1782     2336      606      606        0         0    57344        0             0 pgbouncer
[Thu Jul 16 11:56:57 2026] [   4423]     0  4423   319102     2850     2825       25         0   139264        0          -999 guest_telemetry
[Thu Jul 16 11:56:57 2026] [   4429]     0  4429   319898     3554     3547        7         0   155648        0          -999 core_plugin
[Thu Jul 16 11:56:57 2026] [   4697]     0  4697     8628      535      512       23         0   106496        0             0 systemd-logind
[Thu Jul 16 11:56:57 2026] [   4711]     0  4711     7092      465      416       49         0    98304        0             0 cron
[Thu Jul 16 11:56:57 2026] [   5954]     0  5954   496502     1701     1642       59         0   237568        0          -998 containerd-shim
[Thu Jul 16 11:56:57 2026] [   5976]     0  5976      645       54        0       54         0    40960        0             0 sleep
[Thu Jul 16 11:56:57 2026] [   6164]     0  6164   496566     1591     1573       18         0   229376        0          -998 containerd-shim
[Thu Jul 16 11:56:57 2026] [   6186]  1000  6186    10057     4917     4898       19         0   114688        0             0 uvicorn
[Thu Jul 16 11:56:57 2026] [   6220]  1000  6220     5286     2602     2555       47         0    86016        0             0 python3.12
[Thu Jul 16 11:56:58 2026] [   6221]  1000  6221   122556    21341    21337        4         0   421888        0             0 python3.12
[Thu Jul 16 11:56:58 2026] [   6222]  1000  6222   122570    21358    21358        0         0   430080        0             0 python3.12
[Thu Jul 16 11:56:58 2026] [   6223]  1000  6223   122561    21448    21415       33         0   417792        0             0 python3.12
[Thu Jul 16 11:56:58 2026] [   6224]  1000  6224   122529    21451    21401       50         0   421888        0             0 python3.12
[Thu Jul 16 11:56:58 2026] [   6225]  1000  6225   250708    65598    65598        0         0  1069056        0             0 python3.12
[Thu Jul 16 11:56:58 2026] [   6226]  1000  6226   122558    21403    21354       49         0   425984        0             0 python3.12
[Thu Jul 16 11:56:58 2026] [   6227]  1000  6227   123077    22154    22090       64         0   438272        0             0 python3.12
[Thu Jul 16 11:56:58 2026] [   6228]  1000  6228   123072    22079    22043       36         0   430080        0             0 python3.12
[Thu Jul 16 11:56:58 2026] [   6345]     0  6345     8575      756      704       52         0   106496        0             0 sshd-session
[Thu Jul 16 11:56:58 2026] [   6351] 1674562704  6351     5508      528      512       16         0    94208        0           100 systemd
[Thu Jul 16 11:56:58 2026] [   6352] 1674562704  6352     9744      801      744       57         0   106496        0           100 (sd-pam)
[Thu Jul 16 11:56:58 2026] [   6366] 1674562704  6366     8575      835      795       40         0   106496        0             0 sshd-session
[Thu Jul 16 11:56:58 2026] [   6367] 1674562704  6367     8115      618      544       74         0   106496        0             0 sudo
[Thu Jul 16 11:56:58 2026] [   6368]     0  6368     1122      129       64       65         0    53248        0             0 bash
[Thu Jul 16 11:56:58 2026] [   6370]     0  6370      817       70       32       38         0    49152        0             0 dmesg
[Thu Jul 16 11:56:58 2026] [   6371]     0  6371     1122       72       40       32         0    53248        0             0 bash
[Thu Jul 16 11:56:58 2026] [   6372]     0  6372     1122       72       40       32         0    53248        0             0 bash
[Thu Jul 16 11:56:58 2026] [   6374]     0  6374     1122       57       40       17         0    53248        0             0 bash
[Thu Jul 16 11:56:58 2026] [   6379]     0  6379    27003    14561      352       65     14144   225280        0             0 stress-ng
[Thu Jul 16 11:56:58 2026] [   6397]     0  6397    27004      415      367       48         0    86016        0             0 stress-ng-vm
[Thu Jul 16 11:56:58 2026] [   6398]     0  6398   813437   786801   786801        0         0  6393856        0             0 stress-ng-vm
[Thu Jul 16 11:56:58 2026] [   6461]     0  6461    27032    14544      352       48     14144   221184        0             0 stress-ng
[Thu Jul 16 11:56:58 2026] [   6471]     0  6471    27033      387      377       10         0    94208        0             0 stress-ng-vm
[Thu Jul 16 11:56:58 2026] [   6472]     0  6472   289178   262492   262472       20         0  2195456        0             0 stress-ng-vm
[Thu Jul 16 11:56:58 2026] [   6509]     0  6509      753       49        0       49         0    45056        0             0 sleep
[Thu Jul 16 11:56:58 2026] [   6518]     0  6518      753       32        0       32         0    40960        0             0 sleep
[Thu Jul 16 11:56:58 2026] [   6519]     0  6519    27003    14594      384       66     14144   225280        0             0 stress-ng
[Thu Jul 16 11:56:58 2026] [   6520]     0  6520      753       16        0       16         0    49152        0             0 sleep
[Thu Jul 16 11:56:58 2026] [   6521]     0  6521    27004      436      387       49         0    81920        0             0 stress-ng-vm
[Thu Jul 16 11:56:58 2026] [   6522]     0  6522   551293   515300   515300        0         0  4288512        0             0 stress-ng-vm
[Thu Jul 16 11:56:58 2026] [   6526]     0  6526     8164      682      672       10         0    65536        0             0 docker
[Thu Jul 16 11:56:58 2026] oom-kill:constraint=CONSTRAINT_NONE,nodemask=(null),cpuset=docker-6f6b1615e747f314f0065710ebcf09bd2ef1ef348e25507a9c7e1e445468568b.scope,mems_allowed=0,global_oom,task_memcg=/user.slice/user-1674562704.slice/session-24.scope,task=stress-ng-vm,pid=6398,uid=0
[Thu Jul 16 11:56:58 2026] Out of memory: Killed process 6398 (stress-ng-vm) total-vm:3253748kB, anon-rss:3147204kB, file-rss:0kB, shmem-rss:0kB, UID:0 pgtables:6244kB oom_score_adj:0
[Thu Jul 16 11:57:05 2026] traefik invoked oom-killer: gfp_mask=0x140cca(GFP_HIGHUSER_MOVABLE|__GFP_COMP), order=0, oom_score_adj=0
[Thu Jul 16 11:57:05 2026] CPU: 3 UID: 0 PID: 2162 Comm: traefik Not tainted 6.12.95+deb13-cloud-amd64 #1  Debian 6.12.95-1
[Thu Jul 16 11:57:05 2026] Hardware name: Google Google Compute Engine/Google Compute Engine, BIOS Google 05/09/2026
[Thu Jul 16 11:57:05 2026] Call Trace:
[Thu Jul 16 11:57:05 2026]  <TASK>
[Thu Jul 16 11:57:05 2026]  dump_stack_lvl+0x5d/0x80
[Thu Jul 16 11:57:05 2026]  dump_header+0x43/0x1aa
[Thu Jul 16 11:57:05 2026]  oom_kill_process.cold+0x8/0x8d
[Thu Jul 16 11:57:05 2026]  out_of_memory+0x219/0x4b0
[Thu Jul 16 11:57:05 2026]  __alloc_pages_slowpath.constprop.0+0xc27/0xdc0
[Thu Jul 16 11:57:05 2026]  __alloc_pages_noprof+0x2fb/0x310
[Thu Jul 16 11:57:05 2026]  alloc_pages_mpol_noprof+0xd7/0x1c0
[Thu Jul 16 11:57:05 2026]  folio_alloc_noprof+0x5b/0xb0
[Thu Jul 16 11:57:05 2026]  __filemap_get_folio+0x1aa/0x300
[Thu Jul 16 11:57:05 2026]  filemap_fault+0x1fb/0xd40
[Thu Jul 16 11:57:05 2026]  ? set_pte_range+0xcf/0x250
[Thu Jul 16 11:57:05 2026]  __do_fault+0x33/0x170
[Thu Jul 16 11:57:05 2026]  do_fault+0x341/0x550
[Thu Jul 16 11:57:05 2026]  __handle_mm_fault+0x7c2/0xf70
[Thu Jul 16 11:57:05 2026]  handle_mm_fault+0xe2/0x2c0
[Thu Jul 16 11:57:05 2026]  do_user_addr_fault+0x217/0x620
[Thu Jul 16 11:57:05 2026]  exc_page_fault+0x7e/0x180
[Thu Jul 16 11:57:05 2026]  asm_exc_page_fault+0x26/0x30
[Thu Jul 16 11:57:05 2026] RIP: 0033:0x412f80
[Thu Jul 16 11:57:05 2026] Code: Unable to access opcode bytes at 0x412f56.
[Thu Jul 16 11:57:05 2026] RSP: 002b:000000c0000bff30 EFLAGS: 00010246
[Thu Jul 16 11:57:05 2026] RAX: 0000000009f82518 RBX: 0000000000000000 RCX: 0000000000000171
[Thu Jul 16 11:57:05 2026] RDX: 0000000000000000 RSI: 0000000000000000 RDI: 00000113885bc301
[Thu Jul 16 11:57:05 2026] RBP: 000000c0000bff90 R08: 0000000000001148 R09: 0000000000000000
[Thu Jul 16 11:57:05 2026] R10: 0000000000000000 R11: 0000000000000246 R12: 000000c0000bf928
[Thu Jul 16 11:57:05 2026] R13: 000000c0000de008 R14: 000000c000006540 R15: 0fffffffffffffff
[Thu Jul 16 11:57:05 2026]  </TASK>
[Thu Jul 16 11:57:05 2026] Mem-Info:
[Thu Jul 16 11:57:05 2026] active_anon:1617094 inactive_anon:340751 isolated_anon:0
                            active_file:1175 inactive_file:236 isolated_file:0
                            unevictable:8 dirty:55 writeback:8
                            slab_reclaimable:6129 slab_unreclaimable:13506
                            mapped:42544 shmem:42755 pagetables:6946
                            sec_pagetables:0 bounce:0
                            kernel_misc_reclaimable:0
                            free:25236 free_pcp:126 free_cma:0
[Thu Jul 16 11:57:05 2026] Node 0 active_anon:1350192kB inactive_anon:6481188kB active_file:16kB inactive_file:5604kB unevictable:32kB isolated(anon):0kB isolated(file):0kB mapped:170160kB dirty:220kB writeback:32kB shmem:171020kB shmem_thp:0kB shmem_pmdmapped:0kB anon_thp:4835328kB writeback_tmp:0kB kernel_stack:8288kB pagetables:27784kB sec_pagetables:0kB all_unreclaimable? yes
[Thu Jul 16 11:57:05 2026] Node 0 DMA free:14336kB boost:0kB min:128kB low:160kB high:192kB reserved_highatomic:0KB active_anon:0kB inactive_anon:0kB active_file:0kB inactive_file:0kB unevictable:0kB writepending:0kB present:15920kB managed:15360kB mlocked:0kB bounce:0kB free_pcp:0kB local_pcp:0kB free_cma:0kB
[Thu Jul 16 11:57:05 2026] lowmem_reserve[]: 0 2923 7857 7857 7857
[Thu Jul 16 11:57:05 2026] Node 0 DMA32 free:44968kB boost:0kB min:25348kB low:31684kB high:38020kB reserved_highatomic:0KB active_anon:2143024kB inactive_anon:860020kB active_file:1688kB inactive_file:984kB unevictable:0kB writepending:44kB present:3126028kB managed:3060488kB mlocked:0kB bounce:0kB free_pcp:0kB local_pcp:0kB free_cma:0kB
[Thu Jul 16 11:57:05 2026] lowmem_reserve[]: 0 0 4933 4933 4933
[Thu Jul 16 11:57:05 2026] Node 0 Normal free:42016kB boost:0kB min:42104kB low:52628kB high:63152kB reserved_highatomic:0KB active_anon:4191756kB inactive_anon:636580kB active_file:1456kB inactive_file:1672kB unevictable:32kB writepending:208kB present:5242880kB managed:5059612kB mlocked:32kB bounce:0kB free_pcp:0kB local_pcp:0kB free_cma:0kB
[Thu Jul 16 11:57:05 2026] lowmem_reserve[]: 0 0 0 0 0
[Thu Jul 16 11:57:05 2026] Node 0 DMA: 0*4kB 0*8kB 0*16kB 0*32kB 0*64kB 0*128kB 0*256kB 0*512kB 0*1024kB 1*2048kB (M) 3*4096kB (M) = 14336kB
[Thu Jul 16 11:57:05 2026] Node 0 DMA32: 128*4kB (UE) 165*8kB (UME) 123*16kB (UME) 83*32kB (UME) 83*64kB (UME) 53*128kB (UME) 18*256kB (UME) 5*512kB (UME) 19*1024kB (ME) 0*2048kB 0*4096kB = 45176kB
[Thu Jul 16 11:57:05 2026] Node 0 Normal: 494*4kB (UME) 1009*8kB (UME) 418*16kB (UME) 350*32kB (UME) 107*64kB (UE) 15*128kB (UME) 4*256kB (UME) 0*512kB 4*1024kB (M) 0*2048kB 0*4096kB = 41824kB
[Thu Jul 16 11:57:05 2026] Node 0 hugepages_total=0 hugepages_free=0 hugepages_surp=0 hugepages_size=1048576kB
[Thu Jul 16 11:57:05 2026] Node 0 hugepages_total=0 hugepages_free=0 hugepages_surp=0 hugepages_size=2048kB
[Thu Jul 16 11:57:05 2026] 43841 total pagecache pages
[Thu Jul 16 11:57:05 2026] 0 pages in swap cache
[Thu Jul 16 11:57:05 2026] Free swap  = 0kB
[Thu Jul 16 11:57:05 2026] Total swap = 0kB
[Thu Jul 16 11:57:05 2026] 2096207 pages RAM
[Thu Jul 16 11:57:05 2026] 0 pages HighMem/MovableOnly
[Thu Jul 16 11:57:05 2026] 62342 pages reserved
[Thu Jul 16 11:57:05 2026] 0 pages hwpoisoned
[Thu Jul 16 11:57:05 2026] Tasks state (memory values in pages):
[Thu Jul 16 11:57:05 2026] [  pid  ]   uid  tgid total_vm      rss rss_anon rss_file rss_shmem pgtables_bytes swapents oom_score_adj name
[Thu Jul 16 11:57:05 2026] [    302]     0   302     8692      311      288       23         0    94208        0          -250 systemd-journal
[Thu Jul 16 11:57:05 2026] [    343]   989   343     5930      715      640       75         0    86016        0             0 systemd-resolve
[Thu Jul 16 11:57:05 2026] [    345]   996   345    22971      307      256       51         0    86016        0             0 systemd-timesyn
[Thu Jul 16 11:57:05 2026] [    349]     0   349     8245      451      416       35         0    81920        0         -1000 systemd-udevd
[Thu Jul 16 11:57:05 2026] [    377]   998   377     5507      554      403      151         0    77824        0             0 systemd-network
[Thu Jul 16 11:57:05 2026] [    601]     0   601     2093     1229     1202       27         0    53248        0             0 haveged
[Thu Jul 16 11:57:05 2026] [    610]   995   610     7958      604      576       28         0   102400        0          -900 dbus-daemon
[Thu Jul 16 11:57:06 2026] [    615]     0   615     9641     3594     3567       27         0   114688        0             0 networkd-dispat
[Thu Jul 16 11:57:06 2026] [    616]     0   616    54921      353      320       33         0    65536        0             0 rsyslogd
[Thu Jul 16 11:57:06 2026] [    635]     0   635     1292      110       32       78         0    53248        0             0 agetty
[Thu Jul 16 11:57:06 2026] [    654]     0   654     1303       64       32       32         0    45056        0             0 agetty
[Thu Jul 16 11:57:06 2026] [    657]     0   657   597588     4566     4566        0         0   356352        0          -999 containerd
[Thu Jul 16 11:57:06 2026] [    669]     0   669    29506     3507     3474       33         0   131072        0             0 unattended-upgr
[Thu Jul 16 11:57:06 2026] [    679]     0   679   915084    14436    14401       35         0   716800        0          -500 dockerd
[Thu Jul 16 11:57:06 2026] [    681]     0   681   319616     2767     2765        2         0   155648        0          -999 google_guest_ag
[Thu Jul 16 11:57:06 2026] [    682]     0   682   319267     2407     2352       55         0   139264        0             0 google_guest_co
[Thu Jul 16 11:57:06 2026] [    683]     0   683   322263     3944     3944        0         0   237568        0             0 google_osconfig
[Thu Jul 16 11:57:06 2026] [    687]   987   687    95109      238      192       46         0   106496        0             0 polkitd
[Thu Jul 16 11:57:06 2026] [    953]   100   953    11539     3637     3584       53         0   135168        0             0 exim4
[Thu Jul 16 11:57:06 2026] [   1328]     0  1328     2943      341      288       53         0    65536        0         -1000 sshd
[Thu Jul 16 11:57:06 2026] [   1332]     0  1332   417854      667      620       47         0   147456        0          -500 docker-proxy
[Thu Jul 16 11:57:06 2026] [   1374]     0  1374   436287      674      638       36         0   159744        0          -500 docker-proxy
[Thu Jul 16 11:57:06 2026] [   1388]     0  1388   399357      683      637       46         0   143360        0          -500 docker-proxy
[Thu Jul 16 11:57:06 2026] [   1394]     0  1394   436351     1200     1157       43         0   155648        0          -500 docker-proxy
[Thu Jul 16 11:57:06 2026] [   1445]     0  1445   417854      712      637       75         0   147456        0          -500 docker-proxy
[Thu Jul 16 11:57:06 2026] [   1452]     0  1452   417854      666      639       27         0   147456        0          -500 docker-proxy
[Thu Jul 16 11:57:06 2026] [   1470]     0  1470   454720      692      638       54         0   167936        0          -500 docker-proxy
[Thu Jul 16 11:57:06 2026] [   1479]     0  1479   399421      707      638       69         0   139264        0          -500 docker-proxy
[Thu Jul 16 11:57:06 2026] [   1563]     0  1563   514935     1039     1039        0         0   233472        0          -998 containerd-shim
[Thu Jul 16 11:57:06 2026] [   1568]     0  1568   514935     1029      999       30         0   237568        0          -998 containerd-shim
[Thu Jul 16 11:57:06 2026] [   1570]     0  1570   514935     1047     1012       35         0   237568        0          -998 containerd-shim
[Thu Jul 16 11:57:06 2026] [   1571]     0  1571   514999     1110     1064       46         0   237568        0          -998 containerd-shim
[Thu Jul 16 11:57:06 2026] [   1572]     0  1572   514999     1082     1082        0         0   241664        0          -998 containerd-shim
[Thu Jul 16 11:57:06 2026] [   1574]     0  1574   514935     1161     1114       47         0   237568        0          -998 containerd-shim
[Thu Jul 16 11:57:06 2026] [   1575]     0  1575   514999     1107     1035       72         0   237568        0          -998 containerd-shim
[Thu Jul 16 11:57:06 2026] [   1745]   472  1745   411723    20468    20468        0         0   753664        0             0 grafana
[Thu Jul 16 11:57:06 2026] [   1746]     0  1746   347057    10953    10953        0         0   487424        0             0 traefik
[Thu Jul 16 11:57:06 2026] [   1748] 65534  1748   309543     2005     1969       36         0   143360        0             0 postgres_export
[Thu Jul 16 11:57:06 2026] [   1760] 65534  1760   310424     2104     2087       17         0   135168        0             0 node_exporter
[Thu Jul 16 11:57:06 2026] [   1773] 65534  1773   406110    15107    15107        0         0   532480        0             0 prometheus
[Thu Jul 16 11:57:06 2026] [   1780] 59000  1780   308712     2289     2277       12         0   122880        0             0 redis_exporter
[Thu Jul 16 11:57:06 2026] [   1782]    70  1782     2336      610      606        4         0    57344        0             0 pgbouncer
[Thu Jul 16 11:57:06 2026] [   4423]     0  4423   319102     2850     2825       25         0   139264        0          -999 guest_telemetry
[Thu Jul 16 11:57:06 2026] [   4429]     0  4429   319898     3554     3547        7         0   155648        0          -999 core_plugin
[Thu Jul 16 11:57:06 2026] [   4697]     0  4697     8628      535      512       23         0   106496        0             0 systemd-logind
[Thu Jul 16 11:57:06 2026] [   4711]     0  4711     7092      451      416       35         0    98304        0             0 cron
[Thu Jul 16 11:57:06 2026] [   5954]     0  5954   496502     1701     1642       59         0   237568        0          -998 containerd-shim
[Thu Jul 16 11:57:06 2026] [   5976]     0  5976      645       54        0       54         0    40960        0             0 sleep
[Thu Jul 16 11:57:06 2026] [   6164]     0  6164   496566     1591     1573       18         0   229376        0          -998 containerd-shim
[Thu Jul 16 11:57:06 2026] [   6186]  1000  6186    10057     4898     4898        0         0   114688        0             0 uvicorn
[Thu Jul 16 11:57:06 2026] [   6220]  1000  6220     5286     2602     2555       47         0    86016        0             0 python3.12
[Thu Jul 16 11:57:06 2026] [   6221]  1000  6221   122556    21337    21337        0         0   421888        0             0 python3.12
[Thu Jul 16 11:57:06 2026] [   6222]  1000  6222   122570    21377    21358       19         0   430080        0             0 python3.12
[Thu Jul 16 11:57:06 2026] [   6223]  1000  6223   122561    21416    21415        1         0   417792        0             0 python3.12
[Thu Jul 16 11:57:06 2026] [   6224]  1000  6224   122529    21427    21401       26         0   421888        0             0 python3.12
[Thu Jul 16 11:57:06 2026] [   6225]  1000  6225   250708    65598    65598        0         0  1069056        0             0 python3.12
[Thu Jul 16 11:57:06 2026] [   6226]  1000  6226   122558    21362    21354        8         0   425984        0             0 python3.12
[Thu Jul 16 11:57:06 2026] [   6227]  1000  6227   123077    22090    22090        0         0   438272        0             0 python3.12
[Thu Jul 16 11:57:06 2026] [   6228]  1000  6228   123072    22043    22043        0         0   430080        0             0 python3.12
[Thu Jul 16 11:57:06 2026] [   6345]     0  6345     8575      756      704       52         0   106496        0             0 sshd-session
[Thu Jul 16 11:57:06 2026] [   6351] 1674562704  6351     5508      528      512       16         0    94208        0           100 systemd
[Thu Jul 16 11:57:06 2026] [   6352] 1674562704  6352     9744      801      744       57         0   106496        0           100 (sd-pam)
[Thu Jul 16 11:57:06 2026] [   6366] 1674562704  6366     8575      835      795       40         0   106496        0             0 sshd-session
[Thu Jul 16 11:57:06 2026] [   6367] 1674562704  6367     8115      618      544       74         0   106496        0             0 sudo
[Thu Jul 16 11:57:06 2026] [   6368]     0  6368     1122      129       64       65         0    53248        0             0 bash
[Thu Jul 16 11:57:06 2026] [   6370]     0  6370      817       32       32        0         0    49152        0             0 dmesg
[Thu Jul 16 11:57:06 2026] [   6371]     0  6371     1122       40       40        0         0    53248        0             0 bash
[Thu Jul 16 11:57:06 2026] [   6372]     0  6372     1122       72       40       32         0    53248        0             0 bash
[Thu Jul 16 11:57:06 2026] [   6374]     0  6374     1122       57       40       17         0    53248        0             0 bash
[Thu Jul 16 11:57:06 2026] [   6379]     0  6379    27003    14561      352       65     14144   225280        0             0 stress-ng
[Thu Jul 16 11:57:06 2026] [   6397]     0  6397    27004      367      367        0         0    86016        0             0 stress-ng-vm
[Thu Jul 16 11:57:06 2026] [   6461]     0  6461    27032    14544      352       48     14144   221184        0             0 stress-ng
[Thu Jul 16 11:57:06 2026] [   6471]     0  6471    27033      387      377       10         0    94208        0             0 stress-ng-vm
[Thu Jul 16 11:57:06 2026] [   6472]     0  6472   289178   262504   262472       32         0  2195456        0             0 stress-ng-vm
[Thu Jul 16 11:57:06 2026] [   6518]     0  6518      753       32        0       32         0    40960        0             0 sleep
[Thu Jul 16 11:57:06 2026] [   6519]     0  6519    27003    14594      384       66     14144   225280        0             0 stress-ng
[Thu Jul 16 11:57:06 2026] [   6520]     0  6520      753       16        0       16         0    49152        0             0 sleep
[Thu Jul 16 11:57:06 2026] [   6521]     0  6521    27004      436      387       49         0    81920        0             0 stress-ng-vm
[Thu Jul 16 11:57:06 2026] [   6522]     0  6522   551293   524616   524592       24         0  4288512        0             0 stress-ng-vm
[Thu Jul 16 11:57:06 2026] [   6526]     0  6526   369369      836      832        4         0   147456        0             0 docker
[Thu Jul 16 11:57:06 2026] [   6529]     0  6529   813437   776657   776657        0         0  6311936        0             0 stress-ng-vm
[Thu Jul 16 11:57:06 2026] [   6530]     0  6530     1122       50       43        7         0    53248        0             0 bash
[Thu Jul 16 11:57:06 2026] oom-kill:constraint=CONSTRAINT_NONE,nodemask=(null),cpuset=docker-3153a94b189bde15fdbf3d7a0c1fefa20eee263a279d46558d5d32d570a70782.scope,mems_allowed=0,global_oom,task_memcg=/user.slice/user-1674562704.slice/session-24.scope,task=stress-ng-vm,pid=6529,uid=0
[Thu Jul 16 11:57:06 2026] Out of memory: Killed process 6529 (stress-ng-vm) total-vm:3253748kB, anon-rss:3106628kB, file-rss:0kB, shmem-rss:0kB, UID:0 pgtables:6164kB oom_score_adj:0
[Thu Jul 16 11:58:52 2026] systemd[1]: systemd-journald.service: Main process exited, code=killed, status=6/ABRT
[Thu Jul 16 11:58:52 2026] systemd[1]: systemd-journald.service: Failed with result 'watchdog'.
[Thu Jul 16 11:59:10 2026] systemd[1]: systemd-journald.service: Scheduled restart job, restart counter is at 1.
[Thu Jul 16 11:59:12 2026] systemd[1]: Starting systemd-journald.service - Journal Service...
[Thu Jul 16 11:59:22 2026] python3.12 invoked oom-killer: gfp_mask=0x140cca(GFP_HIGHUSER_MOVABLE|__GFP_COMP), order=0, oom_score_adj=0
[Thu Jul 16 11:59:22 2026] CPU: 3 UID: 1000 PID: 6226 Comm: python3.12 Not tainted 6.12.95+deb13-cloud-amd64 #1  Debian 6.12.95-1
[Thu Jul 16 11:59:22 2026] Hardware name: Google Google Compute Engine/Google Compute Engine, BIOS Google 05/09/2026
[Thu Jul 16 11:59:22 2026] Call Trace:
[Thu Jul 16 11:59:22 2026]  <TASK>
[Thu Jul 16 11:59:22 2026]  dump_stack_lvl+0x5d/0x80
[Thu Jul 16 11:59:22 2026]  dump_header+0x43/0x1aa
[Thu Jul 16 11:59:22 2026]  oom_kill_process.cold+0x8/0x8d
[Thu Jul 16 11:59:22 2026]  out_of_memory+0x219/0x4b0
[Thu Jul 16 11:59:22 2026]  __alloc_pages_slowpath.constprop.0+0xc27/0xdc0
[Thu Jul 16 11:59:22 2026]  __alloc_pages_noprof+0x2fb/0x310
[Thu Jul 16 11:59:22 2026]  alloc_pages_mpol_noprof+0xd7/0x1c0
[Thu Jul 16 11:59:22 2026]  folio_alloc_noprof+0x5b/0xb0
[Thu Jul 16 11:59:22 2026]  __filemap_get_folio+0x1aa/0x300
[Thu Jul 16 11:59:22 2026]  filemap_fault+0x1fb/0xd40
[Thu Jul 16 11:59:22 2026]  __do_fault+0x33/0x170
[Thu Jul 16 11:59:22 2026]  do_fault+0x341/0x550
[Thu Jul 16 11:59:22 2026]  __handle_mm_fault+0x7c2/0xf70
[Thu Jul 16 11:59:22 2026]  handle_mm_fault+0xe2/0x2c0
[Thu Jul 16 11:59:22 2026]  do_user_addr_fault+0x217/0x620
[Thu Jul 16 11:59:22 2026]  exc_page_fault+0x7e/0x180
[Thu Jul 16 11:59:22 2026]  asm_exc_page_fault+0x26/0x30
[Thu Jul 16 11:59:22 2026] RIP: 0033:0x7ff297d64480
[Thu Jul 16 11:59:22 2026] Code: Unable to access opcode bytes at 0x7ff297d64456.
[Thu Jul 16 11:59:22 2026] RSP: 002b:00007ffe26814500 EFLAGS: 00010293
[Thu Jul 16 11:59:22 2026] RAX: ffe86c3d9e5a1f9c RBX: 00007ff2802cb028 RCX: 7465646279746573
[Thu Jul 16 11:59:22 2026] RDX: 32221b189c033866 RSI: efe27a3e894a1582 RDI: 00007ff297ed9560
[Thu Jul 16 11:59:22 2026] RBP: 00007ffe26814520 R08: 0400000000000000 R09: 0000000000000000
[Thu Jul 16 11:59:22 2026] R10: 2d34111882152f72 R11: 0000000000000004 R12: 00007ff2802da700
[Thu Jul 16 11:59:22 2026] R13: 00007ff2981df390 R14: 00007ff2981df390 R15: 00007ff2977e0310
[Thu Jul 16 11:59:22 2026]  </TASK>
[Thu Jul 16 11:59:22 2026] Mem-Info:
[Thu Jul 16 11:59:22 2026] active_anon:1610253 inactive_anon:346992 isolated_anon:0
                            active_file:694 inactive_file:762 isolated_file:0
                            unevictable:8 dirty:8 writeback:0
                            slab_reclaimable:6046 slab_unreclaimable:13555
                            mapped:42529 shmem:42760 pagetables:6939
                            sec_pagetables:0 bounce:0
                            kernel_misc_reclaimable:0
                            free:25700 free_pcp:268 free_cma:0
[Thu Jul 16 11:59:22 2026] Node 0 active_anon:4872140kB inactive_anon:2956840kB active_file:0kB inactive_file:5828kB unevictable:32kB isolated(anon):0kB isolated(file):0kB mapped:170064kB dirty:32kB writeback:0kB shmem:171040kB shmem_thp:0kB shmem_pmdmapped:0kB anon_thp:3434496kB writeback_tmp:0kB kernel_stack:8224kB pagetables:27756kB sec_pagetables:0kB all_unreclaimable? yes
[Thu Jul 16 11:59:22 2026] Node 0 DMA free:14336kB boost:0kB min:128kB low:160kB high:192kB reserved_highatomic:0KB active_anon:0kB inactive_anon:0kB active_file:0kB inactive_file:0kB unevictable:0kB writepending:0kB present:15920kB managed:15360kB mlocked:0kB bounce:0kB free_pcp:0kB local_pcp:0kB free_cma:0kB
[Thu Jul 16 11:59:22 2026] lowmem_reserve[]: 0 2923 7857 7857 7857
[Thu Jul 16 11:59:22 2026] Node 0 DMA32 free:44348kB boost:0kB min:25348kB low:31684kB high:38020kB reserved_highatomic:0KB active_anon:2212760kB inactive_anon:784396kB active_file:108kB inactive_file:2920kB unevictable:0kB writepending:28kB present:3126028kB managed:3060488kB mlocked:0kB bounce:0kB free_pcp:1160kB local_pcp:0kB free_cma:0kB
[Thu Jul 16 11:59:22 2026] lowmem_reserve[]: 0 0 4933 4933 4933
[Thu Jul 16 11:59:22 2026] Node 0 Normal free:38820kB boost:0kB min:42104kB low:52628kB high:63152kB reserved_highatomic:0KB active_anon:978696kB inactive_anon:3853136kB active_file:0kB inactive_file:3836kB unevictable:32kB writepending:4kB present:5242880kB managed:5059612kB mlocked:32kB bounce:0kB free_pcp:4264kB local_pcp:0kB free_cma:0kB
[Thu Jul 16 11:59:22 2026] lowmem_reserve[]: 0 0 0 0 0
[Thu Jul 16 11:59:22 2026] Node 0 DMA: 0*4kB 0*8kB 0*16kB 0*32kB 0*64kB 0*128kB 0*256kB 0*512kB 0*1024kB 1*2048kB (M) 3*4096kB (M) = 14336kB
[Thu Jul 16 11:59:22 2026] Node 0 DMA32: 228*4kB (UME) 122*8kB (UME) 75*16kB (UE) 140*32kB (UME) 218*64kB (UME) 71*128kB (UME) 18*256kB (UME) 6*512kB (UME) 7*1024kB (UME) 0*2048kB 0*4096kB = 45456kB
[Thu Jul 16 11:59:22 2026] Node 0 Normal: 1387*4kB (UE) 626*8kB (UME) 430*16kB (UE) 357*32kB (UME) 109*64kB (UME) 15*128kB (UME) 12*256kB (ME) 3*512kB (M) 0*1024kB 0*2048kB 0*4096kB = 42364kB
[Thu Jul 16 11:59:22 2026] Node 0 hugepages_total=0 hugepages_free=0 hugepages_surp=0 hugepages_size=1048576kB
[Thu Jul 16 11:59:22 2026] Node 0 hugepages_total=0 hugepages_free=0 hugepages_surp=0 hugepages_size=2048kB
[Thu Jul 16 11:59:22 2026] 44415 total pagecache pages
[Thu Jul 16 11:59:22 2026] 0 pages in swap cache
[Thu Jul 16 11:59:22 2026] Free swap  = 0kB
[Thu Jul 16 11:59:22 2026] Total swap = 0kB
[Thu Jul 16 11:59:22 2026] 2096207 pages RAM
[Thu Jul 16 11:59:22 2026] 0 pages HighMem/MovableOnly
[Thu Jul 16 11:59:22 2026] 62342 pages reserved
[Thu Jul 16 11:59:22 2026] 0 pages hwpoisoned
[Thu Jul 16 11:59:22 2026] Tasks state (memory values in pages):
[Thu Jul 16 11:59:22 2026] [  pid  ]   uid  tgid total_vm      rss rss_anon rss_file rss_shmem pgtables_bytes swapents oom_score_adj name
[Thu Jul 16 11:59:22 2026] [    343]   989   343     5930      640      640        0         0    86016        0             0 systemd-resolve
[Thu Jul 16 11:59:22 2026] [    345]   996   345    22971      256      256        0         0    86016        0             0 systemd-timesyn
[Thu Jul 16 11:59:22 2026] [    349]     0   349     8245      416      416        0         0    81920        0         -1000 systemd-udevd
[Thu Jul 16 11:59:22 2026] [    377]   998   377     5507      498      403       95         0    77824        0             0 systemd-network
[Thu Jul 16 11:59:22 2026] [    601]     0   601     2093     1202     1202        0         0    53248        0             0 haveged
[Thu Jul 16 11:59:23 2026] [    610]   995   610     7958      576      576        0         0   102400        0          -900 dbus-daemon
[Thu Jul 16 11:59:23 2026] [    615]     0   615     9641     3594     3567       27         0   114688        0             0 networkd-dispat
[Thu Jul 16 11:59:23 2026] [    616]     0   616    54921      320      320        0         0    65536        0             0 rsyslogd
[Thu Jul 16 11:59:23 2026] [    635]     0   635     1292      110       32       78         0    53248        0             0 agetty
[Thu Jul 16 11:59:23 2026] [    654]     0   654     1303       64       32       32         0    45056        0             0 agetty
[Thu Jul 16 11:59:23 2026] [    657]     0   657   597588     4566     4566        0         0   356352        0          -999 containerd
[Thu Jul 16 11:59:23 2026] [    669]     0   669    29506     3507     3474       33         0   131072        0             0 unattended-upgr
[Thu Jul 16 11:59:23 2026] [    679]     0   679   915084    14401    14401        0         0   720896        0          -500 dockerd
[Thu Jul 16 11:59:23 2026] [    681]     0   681   319616     2655     2655        0         0   155648        0          -999 google_guest_ag
[Thu Jul 16 11:59:23 2026] [    682]     0   682   319267     1875     1872        3         0   139264        0             0 google_guest_co
[Thu Jul 16 11:59:23 2026] [    683]     0   683   322263     3971     3944       27         0   241664        0             0 google_osconfig
[Thu Jul 16 11:59:23 2026] [    687]   987   687    95109      192      192        0         0   106496        0             0 polkitd
[Thu Jul 16 11:59:23 2026] [    953]   100   953    11539     3637     3584       53         0   135168        0             0 exim4
[Thu Jul 16 11:59:23 2026] [   1328]     0  1328     2943      341      288       53         0    65536        0         -1000 sshd
[Thu Jul 16 11:59:23 2026] [   1332]     0  1332   417854      621      620        1         0   147456        0          -500 docker-proxy
[Thu Jul 16 11:59:23 2026] [   1374]     0  1374   436287      638      638        0         0   159744        0          -500 docker-proxy
[Thu Jul 16 11:59:23 2026] [   1388]     0  1388   399357      637      637        0         0   143360        0          -500 docker-proxy
[Thu Jul 16 11:59:23 2026] [   1394]     0  1394   436351     1176     1157       19         0   155648        0          -500 docker-proxy
[Thu Jul 16 11:59:23 2026] [   1445]     0  1445   417854      692      637       55         0   147456        0          -500 docker-proxy
[Thu Jul 16 11:59:23 2026] [   1452]     0  1452   417854      651      639       12         0   147456        0          -500 docker-proxy
[Thu Jul 16 11:59:23 2026] [   1470]     0  1470   454720      664      638       26         0   167936        0          -500 docker-proxy
[Thu Jul 16 11:59:23 2026] [   1479]     0  1479   399421      662      638       24         0   139264        0          -500 docker-proxy
