[Thu Jul 16 08:21:15 2026] cpuidle: using governor menu
[Thu Jul 16 08:21:15 2026] efi: Freeing EFI boot services memory: 56336K
[Thu Jul 16 08:21:15 2026] acpiphp: ACPI Hot Plug PCI Controller Driver version: 0.5
[Thu Jul 16 08:21:15 2026] PCI: Using configuration type 1 for base access
[Thu Jul 16 08:21:15 2026] kprobes: kprobe jump-optimization is enabled. All kprobes are optimized if possible.
[Thu Jul 16 08:21:15 2026] HugeTLB: registered 1.00 GiB page size, pre-allocated 0 pages
[Thu Jul 16 08:21:15 2026] HugeTLB: 16380 KiB vmemmap can be freed for a 1.00 GiB page
[Thu Jul 16 08:21:15 2026] HugeTLB: registered 2.00 MiB page size, pre-allocated 0 pages
[Thu Jul 16 08:21:15 2026] HugeTLB: 28 KiB vmemmap can be freed for a 2.00 MiB page
[Thu Jul 16 08:21:15 2026] ACPI: Added _OSI(Module Device)
[Thu Jul 16 08:21:15 2026] ACPI: Added _OSI(Processor Device)
[Thu Jul 16 08:21:15 2026] ACPI: Added _OSI(Processor Aggregator Device)
[Thu Jul 16 08:21:15 2026] ACPI: 3 ACPI AML tables successfully acquired and loaded
[Thu Jul 16 08:21:15 2026] ACPI: Interpreter enabled
[Thu Jul 16 08:21:15 2026] ACPI: PM: (supports S0 S3 S4 S5)
[Thu Jul 16 08:21:15 2026] ACPI: Using IOAPIC for interrupt routing
[Thu Jul 16 08:21:15 2026] PCI: Using host bridge windows from ACPI; if necessary, use "pci=nocrs" and report a bug
[Thu Jul 16 08:21:15 2026] PCI: Ignoring E820 reservations for host bridge windows
[Thu Jul 16 08:21:15 2026] ACPI: Enabled 16 GPEs in block 00 to 0F
[Thu Jul 16 08:21:15 2026] ACPI: PCI Root Bridge [PCI0] (domain 0000 [bus 00-ff])
[Thu Jul 16 08:21:15 2026] acpi PNP0A03:00: _OSC: OS supports [ASPM ClockPM Segments MSI HPX-Type3]
[Thu Jul 16 08:21:15 2026] acpi PNP0A03:00: _OSC: not requesting OS control; OS requires [ExtendedConfig ASPM ClockPM MSI]
[Thu Jul 16 08:21:15 2026] acpi PNP0A03:00: fail to add MMCONFIG information, can't access extended configuration space under this bridge
[Thu Jul 16 08:21:15 2026] PCI host bridge to bus 0000:00
[Thu Jul 16 08:21:15 2026] pci_bus 0000:00: root bus resource [io  0x0000-0x0cf7 window]
[Thu Jul 16 08:21:15 2026] pci_bus 0000:00: root bus resource [io  0x0d00-0x0fff window]
[Thu Jul 16 08:21:15 2026] pci_bus 0000:00: root bus resource [io  0xc000-0xffff window]
[Thu Jul 16 08:21:15 2026] pci_bus 0000:00: root bus resource [io  0xa000-0xbfff window]
[Thu Jul 16 08:21:15 2026] pci_bus 0000:00: root bus resource [mem 0x000a0000-0x000bffff window]
[Thu Jul 16 08:21:15 2026] pci_bus 0000:00: root bus resource [mem 0xc0000000-0xfebfefff window]
[Thu Jul 16 08:21:15 2026] pci_bus 0000:00: root bus resource [bus 00-ff]
[Thu Jul 16 08:21:15 2026] pci 0000:00:00.0: [8086:1237] type 00 class 0x060000 conventional PCI endpoint
[Thu Jul 16 08:21:15 2026] pci 0000:00:01.0: [8086:7110] type 00 class 0x060100 conventional PCI endpoint
[Thu Jul 16 08:21:15 2026] pci 0000:00:01.3: [8086:7113] type 00 class 0x068000 conventional PCI endpoint
[Thu Jul 16 08:21:15 2026] pci 0000:00:01.3: quirk: [io  0xb000-0xb03f] claimed by PIIX4 ACPI
[Thu Jul 16 08:21:15 2026] pci 0000:00:03.0: [1af4:1004] type 00 class 0x000000 conventional PCI endpoint
[Thu Jul 16 08:21:15 2026] pci 0000:00:03.0: BAR 0 [io  0xc040-0xc07f]
[Thu Jul 16 08:21:15 2026] pci 0000:00:03.0: BAR 1 [mem 0xc0001000-0xc000107f]
[Thu Jul 16 08:21:15 2026] pci 0000:00:04.0: [1af4:1000] type 00 class 0x020000 conventional PCI endpoint
[Thu Jul 16 08:21:15 2026] pci 0000:00:04.0: BAR 0 [io  0xc000-0xc03f]
[Thu Jul 16 08:21:15 2026] pci 0000:00:04.0: BAR 1 [mem 0xc0000000-0xc00000ff]
[Thu Jul 16 08:21:15 2026] pci 0000:00:05.0: [1af4:1002] type 00 class 0x00ff00 conventional PCI endpoint
[Thu Jul 16 08:21:15 2026] pci 0000:00:05.0: BAR 0 [io  0xc0a0-0xc0bf]
[Thu Jul 16 08:21:15 2026] pci 0000:00:06.0: [1af4:1005] type 00 class 0x00ff00 conventional PCI endpoint
[Thu Jul 16 08:21:15 2026] pci 0000:00:06.0: BAR 0 [io  0xc080-0xc09f]
[Thu Jul 16 08:21:15 2026] pci 0000:00:06.0: BAR 1 [mem 0xc0002000-0xc000203f]
[Thu Jul 16 08:21:15 2026] pci_bus 0000:00: on NUMA node 0
[Thu Jul 16 08:21:15 2026] ACPI: PCI: Interrupt link LNKA configured for IRQ 10
[Thu Jul 16 08:21:15 2026] ACPI: PCI: Interrupt link LNKB configured for IRQ 10
[Thu Jul 16 08:21:15 2026] ACPI: PCI: Interrupt link LNKC configured for IRQ 11
[Thu Jul 16 08:21:15 2026] ACPI: PCI: Interrupt link LNKD configured for IRQ 11
[Thu Jul 16 08:21:15 2026] ACPI: PCI: Interrupt link LNKS configured for IRQ 9
[Thu Jul 16 08:21:15 2026] iommu: Default domain type: Translated
[Thu Jul 16 08:21:15 2026] iommu: DMA domain TLB invalidation policy: lazy mode
[Thu Jul 16 08:21:15 2026] pps_core: LinuxPPS API ver. 1 registered
[Thu Jul 16 08:21:15 2026] pps_core: Software ver. 5.3.6 - Copyright 2005-2007 Rodolfo Giometti <giometti@linux.it>
[Thu Jul 16 08:21:15 2026] PTP clock support registered
[Thu Jul 16 08:21:15 2026] efivars: Registered efivars operations
[Thu Jul 16 08:21:15 2026] NetLabel: Initializing
[Thu Jul 16 08:21:15 2026] NetLabel:  domain hash size = 128
[Thu Jul 16 08:21:15 2026] NetLabel:  protocols = UNLABELED CIPSOv4 CALIPSO
[Thu Jul 16 08:21:15 2026] NetLabel:  unlabeled traffic allowed by default
[Thu Jul 16 08:21:15 2026] PCI: Using ACPI for IRQ routing
[Thu Jul 16 08:21:15 2026] PCI: pci_cache_line_size set to 64 bytes
[Thu Jul 16 08:21:15 2026] e820: reserve RAM buffer [mem 0x00055000-0x0005ffff]
[Thu Jul 16 08:21:15 2026] e820: reserve RAM buffer [mem 0x00098000-0x0009ffff]
[Thu Jul 16 08:21:15 2026] e820: reserve RAM buffer [mem 0xbd2fd000-0xbfffffff]
[Thu Jul 16 08:21:15 2026] e820: reserve RAM buffer [mem 0xbf8ed000-0xbfffffff]
[Thu Jul 16 08:21:15 2026] e820: reserve RAM buffer [mem 0xbffe0000-0xbfffffff]
[Thu Jul 16 08:21:15 2026] vgaarb: loaded
[Thu Jul 16 08:21:15 2026] clocksource: Switched to clocksource kvm-clock
[Thu Jul 16 08:21:15 2026] VFS: Disk quotas dquot_6.6.0
[Thu Jul 16 08:21:15 2026] VFS: Dquot-cache hash table entries: 512 (order 0, 4096 bytes)
[Thu Jul 16 08:21:15 2026] AppArmor: AppArmor Filesystem Enabled
[Thu Jul 16 08:21:15 2026] pnp: PnP ACPI init
[Thu Jul 16 08:21:15 2026] pnp: PnP ACPI: found 7 devices
[Thu Jul 16 08:21:15 2026] clocksource: acpi_pm: mask: 0xffffff max_cycles: 0xffffff, max_idle_ns: 2085701024 ns
[Thu Jul 16 08:21:15 2026] NET: Registered PF_INET protocol family
[Thu Jul 16 08:21:15 2026] IP idents hash table entries: 262144 (order: 9, 2097152 bytes, linear)
[Thu Jul 16 08:21:15 2026] tcp_listen_portaddr_hash hash table entries: 8192 (order: 5, 131072 bytes, linear)
[Thu Jul 16 08:21:15 2026] Table-perturb hash table entries: 65536 (order: 6, 262144 bytes, linear)
[Thu Jul 16 08:21:15 2026] TCP established hash table entries: 131072 (order: 8, 1048576 bytes, linear)
[Thu Jul 16 08:21:15 2026] TCP bind hash table entries: 65536 (order: 9, 2097152 bytes, linear)
[Thu Jul 16 08:21:15 2026] TCP: Hash tables configured (established 131072 bind 65536)
[Thu Jul 16 08:21:15 2026] MPTCP token hash table entries: 16384 (order: 7, 393216 bytes, linear)
[Thu Jul 16 08:21:15 2026] UDP hash table entries: 8192 (order: 6, 262144 bytes, linear)
[Thu Jul 16 08:21:15 2026] UDP-Lite hash table entries: 8192 (order: 6, 262144 bytes, linear)
[Thu Jul 16 08:21:15 2026] NET: Registered PF_UNIX/PF_LOCAL protocol family
[Thu Jul 16 08:21:15 2026] NET: Registered PF_XDP protocol family
[Thu Jul 16 08:21:15 2026] pci_bus 0000:00: resource 4 [io  0x0000-0x0cf7 window]
[Thu Jul 16 08:21:15 2026] pci_bus 0000:00: resource 5 [io  0x0d00-0x0fff window]
[Thu Jul 16 08:21:15 2026] pci_bus 0000:00: resource 6 [io  0xc000-0xffff window]
[Thu Jul 16 08:21:15 2026] pci_bus 0000:00: resource 7 [io  0xa000-0xbfff window]
[Thu Jul 16 08:21:15 2026] pci_bus 0000:00: resource 8 [mem 0x000a0000-0x000bffff window]
[Thu Jul 16 08:21:15 2026] pci_bus 0000:00: resource 9 [mem 0xc0000000-0xfebfefff window]
[Thu Jul 16 08:21:15 2026] pci 0000:00:00.0: Limiting direct PCI/PCI transfers
[Thu Jul 16 08:21:15 2026] PCI: CLS 0 bytes, default 64
[Thu Jul 16 08:21:15 2026] PCI-DMA: Using software bounce buffering for IO (SWIOTLB)
[Thu Jul 16 08:21:15 2026] Trying to unpack rootfs image as initramfs...
[Thu Jul 16 08:21:15 2026] software IO TLB: mapped [mem 0x00000000b2f25000-0x00000000b6f25000] (64MB)
[Thu Jul 16 08:21:15 2026] clocksource: tsc: mask: 0xffffffffffffffff max_cycles: 0x1fb6f578070, max_idle_ns: 440795229043 ns
[Thu Jul 16 08:21:15 2026] clocksource: Switched to clocksource tsc
[Thu Jul 16 08:21:15 2026] Initialise system trusted keyrings
[Thu Jul 16 08:21:15 2026] Key type blacklist registered
[Thu Jul 16 08:21:15 2026] workingset: timestamp_bits=36 max_order=22 bucket_order=0
[Thu Jul 16 08:21:15 2026] fuse: init (API version 7.41)
[Thu Jul 16 08:21:15 2026] integrity: Platform Keyring initialized
[Thu Jul 16 08:21:15 2026] integrity: Machine keyring initialized
[Thu Jul 16 08:21:15 2026] Key type asymmetric registered
[Thu Jul 16 08:21:15 2026] Asymmetric key parser 'x509' registered
[Thu Jul 16 08:21:15 2026] Freeing initrd memory: 18840K
[Thu Jul 16 08:21:15 2026] Block layer SCSI generic (bsg) driver version 0.4 loaded (major 247)
[Thu Jul 16 08:21:15 2026] ledtrig-cpu: registered to indicate activity on CPUs
[Thu Jul 16 08:21:15 2026] ACPI: \_SB_.LNKC: Enabled at IRQ 11
[Thu Jul 16 08:21:15 2026] virtio-pci 0000:00:03.0: virtio_pci: leaving for legacy driver
[Thu Jul 16 08:21:15 2026] ACPI: \_SB_.LNKD: Enabled at IRQ 10
[Thu Jul 16 08:21:15 2026] virtio-pci 0000:00:04.0: virtio_pci: leaving for legacy driver
[Thu Jul 16 08:21:15 2026] ACPI: \_SB_.LNKA: Enabled at IRQ 10
[Thu Jul 16 08:21:15 2026] virtio-pci 0000:00:05.0: virtio_pci: leaving for legacy driver
[Thu Jul 16 08:21:15 2026] ACPI: \_SB_.LNKB: Enabled at IRQ 11
[Thu Jul 16 08:21:15 2026] virtio-pci 0000:00:06.0: virtio_pci: leaving for legacy driver
[Thu Jul 16 08:21:15 2026] Serial: 8250/16550 driver, 4 ports, IRQ sharing enabled
[Thu Jul 16 08:21:15 2026] 00:03: ttyS0 at I/O 0x3f8 (irq = 4, base_baud = 115200) is a 16550A
[Thu Jul 16 08:21:15 2026] 00:04: ttyS1 at I/O 0x2f8 (irq = 3, base_baud = 115200) is a 16550A
[Thu Jul 16 08:21:15 2026] 00:05: ttyS2 at I/O 0x3e8 (irq = 6, base_baud = 115200) is a 16550A
[Thu Jul 16 08:21:15 2026] 00:06: ttyS3 at I/O 0x2e8 (irq = 7, base_baud = 115200) is a 16550A
[Thu Jul 16 08:21:15 2026] tpm_tis MSFT0101:00: 2.0 TPM (device-id 0x9009, rev-id 0)
[Thu Jul 16 08:21:15 2026] Key type psk registered
[Thu Jul 16 08:21:15 2026] i8042: PNP: PS/2 Controller [PNP0303:KBD,PNP0f13:MOU] at 0x60,0x64 irq 1,12
[Thu Jul 16 08:21:15 2026] i8042: Warning: Keylock active
[Thu Jul 16 08:21:15 2026] serio: i8042 KBD port at 0x60,0x64 irq 1
[Thu Jul 16 08:21:15 2026] serio: i8042 AUX port at 0x60,0x64 irq 12
[Thu Jul 16 08:21:15 2026] rtc_cmos 00:00: RTC can wake from S4
[Thu Jul 16 08:21:15 2026] rtc_cmos 00:00: registered as rtc0
[Thu Jul 16 08:21:15 2026] rtc_cmos 00:00: setting system clock to 2026-07-16T08:21:15 UTC (1784190075)
[Thu Jul 16 08:21:15 2026] rtc_cmos 00:00: alarms up to one day, 114 bytes nvram
[Thu Jul 16 08:21:15 2026] intel_pstate: CPU model not supported
[Thu Jul 16 08:21:15 2026] NET: Registered PF_INET6 protocol family
[Thu Jul 16 08:21:15 2026] Segment Routing with IPv6
[Thu Jul 16 08:21:15 2026] In-situ OAM (IOAM) with IPv6
[Thu Jul 16 08:21:15 2026] mip6: Mobile IPv6
[Thu Jul 16 08:21:15 2026] NET: Registered PF_PACKET protocol family
[Thu Jul 16 08:21:15 2026] resctrl: No MBM correction factor available
[Thu Jul 16 08:21:15 2026] IPI shorthand broadcast: enabled
[Thu Jul 16 08:21:16 2026] sched_clock: Marking stable (1000038303, 11876810)->(1017128586, -5213473)
[Thu Jul 16 08:21:16 2026] registered taskstats version 1
[Thu Jul 16 08:21:16 2026] Loading compiled-in X.509 certificates
[Thu Jul 16 08:21:16 2026] Loaded X.509 cert 'Build time autogenerated kernel key: dbf2f007da17e24a7567208bf68bf6bd564be159'
[Thu Jul 16 08:21:16 2026] Demotion targets for Node 0: null
[Thu Jul 16 08:21:16 2026] Key type .fscrypt registered
[Thu Jul 16 08:21:16 2026] Key type fscrypt-provisioning registered
[Thu Jul 16 08:21:16 2026] Key type encrypted registered
[Thu Jul 16 08:21:16 2026] AppArmor: AppArmor sha256 policy hashing enabled
[Thu Jul 16 08:21:16 2026] integrity: Loading X.509 certificate: UEFI:db
[Thu Jul 16 08:21:16 2026] integrity: Loaded X.509 cert 'Microsoft Corporation UEFI CA 2011: 13adbf4309bd82709c8cd54f316ed522988a1bd4'
[Thu Jul 16 08:21:16 2026] integrity: Loading X.509 certificate: UEFI:db
[Thu Jul 16 08:21:16 2026] integrity: Loaded X.509 cert 'Microsoft Windows Production PCA 2011: a92902398e16c49778cd90f99e4f9ae17c55af53'
[Thu Jul 16 08:21:16 2026] integrity: Loading X.509 certificate: UEFI:db
[Thu Jul 16 08:21:16 2026] integrity: Loaded X.509 cert 'Microsoft Corporation: Windows UEFI CA 2023: aefc5fbbbe055d8f8daa585473499417ab5a5272'
[Thu Jul 16 08:21:16 2026] integrity: Loading X.509 certificate: UEFI:db
[Thu Jul 16 08:21:16 2026] integrity: Loaded X.509 cert 'Microsoft UEFI CA 2023: 81aa6b3244c935bce0d6628af39827421e32497d'
[Thu Jul 16 08:21:16 2026] ima: Allocated hash algorithm: sha256
[Thu Jul 16 08:21:16 2026] ima: No architecture policies found
[Thu Jul 16 08:21:16 2026] evm: Initialising EVM extended attributes:
[Thu Jul 16 08:21:16 2026] evm: security.selinux
[Thu Jul 16 08:21:16 2026] evm: security.SMACK64 (disabled)
[Thu Jul 16 08:21:16 2026] evm: security.SMACK64EXEC (disabled)
[Thu Jul 16 08:21:16 2026] evm: security.SMACK64TRANSMUTE (disabled)
[Thu Jul 16 08:21:16 2026] evm: security.SMACK64MMAP (disabled)
[Thu Jul 16 08:21:16 2026] evm: security.apparmor
[Thu Jul 16 08:21:16 2026] evm: security.ima
[Thu Jul 16 08:21:16 2026] evm: security.capability
[Thu Jul 16 08:21:16 2026] evm: HMAC attrs: 0x1
[Thu Jul 16 08:21:16 2026] RAS: Correctable Errors collector initialized.
[Thu Jul 16 08:21:16 2026] Freeing unused decrypted memory: 2028K
[Thu Jul 16 08:21:16 2026] Freeing unused kernel image (initmem) memory: 3936K
[Thu Jul 16 08:21:16 2026] Write protecting the kernel read-only data: 28672k
[Thu Jul 16 08:21:16 2026] Freeing unused kernel image (rodata/data gap) memory: 1288K
[Thu Jul 16 08:21:16 2026] x86/mm: Checked W+X mappings: passed, no W+X pages found.
[Thu Jul 16 08:21:16 2026] x86/mm: Checking user space page tables
[Thu Jul 16 08:21:16 2026] x86/mm: Checked W+X mappings: passed, no W+X pages found.
[Thu Jul 16 08:21:16 2026] Run /init as init process
[Thu Jul 16 08:21:16 2026]   with arguments:
[Thu Jul 16 08:21:16 2026]     /init
[Thu Jul 16 08:21:16 2026]   with environment:
[Thu Jul 16 08:21:16 2026]     HOME=/
[Thu Jul 16 08:21:16 2026]     TERM=linux
[Thu Jul 16 08:21:16 2026] input: AT Translated Set 2 keyboard as /devices/platform/i8042/serio0/input/input0
[Thu Jul 16 08:21:16 2026] virtio_net virtio1 ens4: renamed from eth0
[Thu Jul 16 08:21:16 2026] SCSI subsystem initialized
[Thu Jul 16 08:21:16 2026] virtio_scsi virtio0: 1/0/0 default/read/poll queues
[Thu Jul 16 08:21:16 2026] scsi host0: Virtio SCSI HBA
[Thu Jul 16 08:21:16 2026] blk-mq: reduced tag depth to 10240
[Thu Jul 16 08:21:16 2026] scsi 0:0:1:0: Direct-Access     Google   PersistentDisk   1    PQ: 0 ANSI: 6
[Thu Jul 16 08:21:16 2026] sd 0:0:1:0: [sda] 62914560 512-byte logical blocks: (32.2 GB/30.0 GiB)
[Thu Jul 16 08:21:16 2026] sd 0:0:1:0: [sda] 4096-byte physical blocks
[Thu Jul 16 08:21:16 2026] sd 0:0:1:0: [sda] Write Protect is off
[Thu Jul 16 08:21:16 2026] sd 0:0:1:0: [sda] Mode Sense: 1f 00 00 08
[Thu Jul 16 08:21:16 2026] sd 0:0:1:0: [sda] Write cache: enabled, read cache: enabled, doesn't support DPO or FUA
[Thu Jul 16 08:21:16 2026]  sda: sda1 sda14 sda15
[Thu Jul 16 08:21:16 2026] sd 0:0:1:0: [sda] Attached SCSI disk
[Thu Jul 16 08:21:16 2026] gce-disk-expand: Resizing partition on 
[Thu Jul 16 08:21:16 2026] gce-disk-expand: Disk /dev/sda1 doesn't need resizing.
[Thu Jul 16 08:21:16 2026]  sda: sda1 sda14 sda15
[Thu Jul 16 08:21:16 2026] EXT4-fs (sda1): mounted filesystem 5b263563-0a75-48a9-b024-9666feca057a ro with ordered data mode. Quota mode: none.
[Thu Jul 16 08:21:17 2026] Not activating Mandatory Access Control as /sbin/tomoyo-init does not exist.
[Thu Jul 16 08:21:17 2026] systemd[1]: Inserted module 'autofs4'
[Thu Jul 16 08:21:17 2026] systemd[1]: systemd 257.13-1~deb13u1 running in system mode (+PAM +AUDIT +SELINUX +APPARMOR +IMA +IPE +SMACK +SECCOMP +GCRYPT -GNUTLS +OPENSSL +ACL +BLKID +CURL +ELFUTILS +FIDO2 +IDN2 -IDN +IPTC +KMOD +LIBCRYPTSETUP +LIBCRYPTSETUP_PLUGINS +LIBFDISK +PCRE2 +PWQUALITY +P11KIT +QRENCODE +TPM2 +BZIP2 +LZ4 +XZ +ZLIB +ZSTD +BPF_FRAMEWORK +BTF -XKBCOMMON -UTMP +SYSVINIT +LIBARCHIVE)
[Thu Jul 16 08:21:17 2026] systemd[1]: Detected virtualization google.
[Thu Jul 16 08:21:17 2026] systemd[1]: Detected architecture x86-64.
[Thu Jul 16 08:21:17 2026] systemd[1]: Hostname set to <app-vm>.
[Thu Jul 16 08:21:17 2026] systemd[1]: bpf-restrict-fs: LSM BPF program attached
[Thu Jul 16 08:21:17 2026] Guest personality initialized and is inactive
[Thu Jul 16 08:21:17 2026] VMCI host device registered (name=vmci, major=10, minor=260)
[Thu Jul 16 08:21:18 2026] Initialized host personality
[Thu Jul 16 08:21:18 2026] NET: Registered PF_VSOCK protocol family
[Thu Jul 16 08:21:18 2026] systemd-ssh-generator[280]: Failed to query local AF_VSOCK CID: Cannot assign requested address
[Thu Jul 16 08:21:18 2026] (sd-exec-[269]: /usr/lib/systemd/system-generators/systemd-ssh-generator failed with exit status 1.
[Thu Jul 16 08:21:18 2026] systemd[1]: Queued start job for default target graphical.target.
[Thu Jul 16 08:21:18 2026] systemd[1]: Created slice system-getty.slice - Slice /system/getty.
[Thu Jul 16 08:21:18 2026] systemd[1]: Created slice system-modprobe.slice - Slice /system/modprobe.
[Thu Jul 16 08:21:18 2026] systemd[1]: Created slice system-serial\x2dgetty.slice - Slice /system/serial-getty.
[Thu Jul 16 08:21:18 2026] systemd[1]: Created slice system-systemd\x2dfsck.slice - Slice /system/systemd-fsck.
[Thu Jul 16 08:21:18 2026] systemd[1]: Created slice user.slice - User and Session Slice.
[Thu Jul 16 08:21:18 2026] systemd[1]: Started systemd-ask-password-console.path - Dispatch Password Requests to Console Directory Watch.
[Thu Jul 16 08:21:18 2026] systemd[1]: Started systemd-ask-password-wall.path - Forward Password Requests to Wall Directory Watch.
[Thu Jul 16 08:21:18 2026] systemd[1]: Set up automount proc-sys-fs-binfmt_misc.automount - Arbitrary Executable File Formats File System Automount Point.
[Thu Jul 16 08:21:18 2026] systemd[1]: Expecting device dev-disk-by\x2dpartuuid-c6c99169\x2d9e1f\x2d4cf2\x2da2f6\x2dd5d8822ff2ce.device - /dev/disk/by-partuuid/c6c99169-9e1f-4cf2-a2f6-d5d8822ff2ce...
[Thu Jul 16 08:21:18 2026] systemd[1]: Expecting device dev-ttyS0.device - /dev/ttyS0...
[Thu Jul 16 08:21:18 2026] systemd[1]: Reached target cryptsetup.target - Local Encrypted Volumes.
[Thu Jul 16 08:21:18 2026] systemd[1]: Reached target integritysetup.target - Local Integrity Protected Volumes.
[Thu Jul 16 08:21:18 2026] systemd[1]: Reached target paths.target - Path Units.
[Thu Jul 16 08:21:18 2026] systemd[1]: Reached target remote-fs.target - Remote File Systems.
[Thu Jul 16 08:21:18 2026] systemd[1]: Reached target slices.target - Slice Units.
[Thu Jul 16 08:21:18 2026] systemd[1]: Reached target swap.target - Swaps.
[Thu Jul 16 08:21:18 2026] systemd[1]: Reached target veritysetup.target - Local Verity Protected Volumes.
[Thu Jul 16 08:21:18 2026] systemd[1]: Listening on syslog.socket - Syslog Socket.
[Thu Jul 16 08:21:18 2026] systemd[1]: Listening on systemd-creds.socket - Credential Encryption/Decryption.
[Thu Jul 16 08:21:18 2026] systemd[1]: Listening on systemd-initctl.socket - initctl Compatibility Named Pipe.
[Thu Jul 16 08:21:18 2026] systemd[1]: Listening on systemd-journald-dev-log.socket - Journal Socket (/dev/log).
[Thu Jul 16 08:21:18 2026] systemd[1]: Listening on systemd-journald.socket - Journal Sockets.
[Thu Jul 16 08:21:18 2026] systemd[1]: Listening on systemd-networkd.socket - Network Service Netlink Socket.
[Thu Jul 16 08:21:18 2026] systemd[1]: systemd-pcrextend.socket - TPM PCR Measurements skipped, unmet condition check ConditionSecurity=measured-uki
[Thu Jul 16 08:21:18 2026] systemd[1]: systemd-pcrlock.socket - Make TPM PCR Policy skipped, unmet condition check ConditionSecurity=measured-uki
[Thu Jul 16 08:21:18 2026] systemd[1]: Listening on systemd-udevd-control.socket - udev Control Socket.
[Thu Jul 16 08:21:19 2026] systemd[1]: Listening on systemd-udevd-kernel.socket - udev Kernel Socket.
[Thu Jul 16 08:21:19 2026] systemd[1]: Mounting dev-hugepages.mount - Huge Pages File System...
[Thu Jul 16 08:21:19 2026] systemd[1]: Mounting dev-mqueue.mount - POSIX Message Queue File System...
[Thu Jul 16 08:21:19 2026] systemd[1]: Mounting run-lock.mount - Legacy Locks Directory /run/lock...
[Thu Jul 16 08:21:19 2026] systemd[1]: Mounting sys-kernel-debug.mount - Kernel Debug File System...
[Thu Jul 16 08:21:19 2026] systemd[1]: Mounting sys-kernel-tracing.mount - Kernel Trace File System...
[Thu Jul 16 08:21:19 2026] systemd[1]: Mounting tmp.mount - Temporary Directory /tmp...
[Thu Jul 16 08:21:19 2026] systemd[1]: Starting kmod-static-nodes.service - Create List of Static Device Nodes...
[Thu Jul 16 08:21:19 2026] systemd[1]: Starting modprobe@configfs.service - Load Kernel Module configfs...
[Thu Jul 16 08:21:19 2026] systemd[1]: Starting modprobe@drm.service - Load Kernel Module drm...
[Thu Jul 16 08:21:19 2026] systemd[1]: Starting modprobe@efi_pstore.service - Load Kernel Module efi_pstore...
[Thu Jul 16 08:21:19 2026] pstore: Using crash dump compression: deflate
[Thu Jul 16 08:21:19 2026] systemd[1]: Starting modprobe@fuse.service - Load Kernel Module fuse...
[Thu Jul 16 08:21:19 2026] pstore: Registered efi_pstore as persistent store backend
[Thu Jul 16 08:21:19 2026] systemd[1]: Starting modprobe@nvme_fabrics.service - Load Kernel Module nvme_fabrics...
[Thu Jul 16 08:21:19 2026] systemd[1]: netplan-ovs-cleanup.service - OpenVSwitch configuration for cleanup skipped, unmet condition check ConditionFileIsExecutable=/usr/bin/ovs-vsctl
[Thu Jul 16 08:21:19 2026] systemd[1]: systemd-fsck-root.service - File System Check on Root Device skipped, unmet condition check ConditionPathExists=!/run/initramfs/fsck-root
[Thu Jul 16 08:21:19 2026] systemd[1]: systemd-hibernate-clear.service - Clear Stale Hibernate Storage Info skipped, unmet condition check ConditionPathExists=/sys/firmware/efi/efivars/HibernateLocation-8cf2644b-4b0b-428f-9387-6d876050dc67
[Thu Jul 16 08:21:19 2026] systemd[1]: Starting systemd-journald.service - Journal Service...
[Thu Jul 16 08:21:19 2026] systemd[1]: Starting systemd-modules-load.service - Load Kernel Modules...
[Thu Jul 16 08:21:19 2026] systemd[1]: Starting systemd-network-generator.service - Generate Network Units from Kernel Command Line...
[Thu Jul 16 08:21:19 2026] systemd[1]: systemd-pcrmachine.service - TPM PCR Machine ID Measurement skipped, unmet condition check ConditionSecurity=measured-uki
[Thu Jul 16 08:21:19 2026] systemd-journald[301]: Collecting audit messages is disabled.
[Thu Jul 16 08:21:19 2026] systemd[1]: Starting systemd-remount-fs.service - Remount Root and Kernel File Systems...
[Thu Jul 16 08:21:19 2026] systemd[1]: systemd-tpm2-setup-early.service - Early TPM SRK Setup skipped, unmet condition check ConditionSecurity=measured-uki
[Thu Jul 16 08:21:19 2026] systemd[1]: Starting systemd-udev-load-credentials.service - Load udev Rules from Credentials...
[Thu Jul 16 08:21:19 2026] EXT4-fs (sda1): re-mounted 5b263563-0a75-48a9-b024-9666feca057a r/w.
[Thu Jul 16 08:21:19 2026] systemd[1]: Starting systemd-udev-trigger.service - Coldplug All udev Devices...
[Thu Jul 16 08:21:19 2026] systemd[1]: Started systemd-journald.service - Journal Service.
[Thu Jul 16 08:21:20 2026] EXT4-fs (sda1): resizing filesystem from 7831296 to 7831296 blocks
[Thu Jul 16 08:21:20 2026] systemd-journald[301]: Received client request to flush runtime journal.
[Thu Jul 16 08:21:20 2026] sd 0:0:1:0: Attached scsi generic sg0 type 0
[Thu Jul 16 08:21:20 2026] input: Power Button as /devices/LNXSYSTM:00/LNXPWRBN:00/input/input2
[Thu Jul 16 08:21:20 2026] ACPI: button: Power Button [PWRF]
[Thu Jul 16 08:21:20 2026] input: Sleep Button as /devices/LNXSYSTM:00/LNXSLPBN:00/input/input3
[Thu Jul 16 08:21:20 2026] ACPI: button: Sleep Button [SLPF]
[Thu Jul 16 08:21:20 2026] RAPL PMU: API unit is 2^-32 Joules, 0 fixed counters, 10737418240 ms ovfl timer
[Thu Jul 16 08:21:20 2026] cryptd: max_cpu_qlen set to 1000
[Thu Jul 16 08:21:21 2026] AES CTR mode by8 optimization enabled
[Thu Jul 16 08:21:21 2026] audit: type=1400 audit(1784190081.382:2): apparmor="STATUS" operation="profile_load" profile="unconfined" name="QtWebEngineProcess" pid=494 comm="apparmor_parser"
[Thu Jul 16 08:21:21 2026] audit: type=1400 audit(1784190081.382:3): apparmor="STATUS" operation="profile_load" profile="unconfined" name="Discord" pid=492 comm="apparmor_parser"
[Thu Jul 16 08:21:21 2026] audit: type=1400 audit(1784190081.382:4): apparmor="STATUS" operation="profile_load" profile="unconfined" name="1password" pid=491 comm="apparmor_parser"
[Thu Jul 16 08:21:21 2026] audit: type=1400 audit(1784190081.382:5): apparmor="STATUS" operation="profile_load" profile="unconfined" name=4D6F6E676F444220436F6D70617373 pid=493 comm="apparmor_parser"
[Thu Jul 16 08:21:21 2026] audit: type=1400 audit(1784190081.398:6): apparmor="STATUS" operation="profile_load" profile="unconfined" name="balena-etcher" pid=497 comm="apparmor_parser"
[Thu Jul 16 08:21:21 2026] audit: type=1400 audit(1784190081.410:7): apparmor="STATUS" operation="profile_load" profile="unconfined" name="brave" pid=498 comm="apparmor_parser"
[Thu Jul 16 08:21:21 2026] audit: type=1400 audit(1784190081.410:8): apparmor="STATUS" operation="profile_load" profile="unconfined" name="buildah" pid=499 comm="apparmor_parser"
[Thu Jul 16 08:21:21 2026] audit: type=1400 audit(1784190081.422:9): apparmor="STATUS" operation="profile_load" profile="unconfined" name="busybox" pid=500 comm="apparmor_parser"
[Thu Jul 16 08:21:21 2026] audit: type=1400 audit(1784190081.442:10): apparmor="STATUS" operation="profile_load" profile="unconfined" name="ch-checkns" pid=502 comm="apparmor_parser"
[Thu Jul 16 08:21:21 2026] audit: type=1400 audit(1784190081.442:11): apparmor="STATUS" operation="profile_load" profile="unconfined" name="cam" pid=501 comm="apparmor_parser"
[Thu Jul 16 08:21:37 2026] systemd-ssh-generator[1044]: Failed to query local AF_VSOCK CID: Cannot assign requested address
[Thu Jul 16 08:21:39 2026] kauditd_printk_skb: 101 callbacks suppressed
[Thu Jul 16 08:21:39 2026] audit: type=1400 audit(1784190099.470:113): apparmor="STATUS" operation="profile_load" profile="unconfined" name="docker-default" pid=1192 comm="apparmor_parser"
[Thu Jul 16 08:21:40 2026] evm: overlay not supported
[Thu Jul 16 08:21:42 2026] bridge: filtering via arp/ip/ip6tables is no longer available by default. Update your scripts to load br_netfilter if you need this.
[Thu Jul 16 08:21:42 2026] Bridge firewalling registered
[Thu Jul 16 08:21:42 2026] Initializing XFRM netlink socket
[Thu Jul 16 08:21:43 2026] br-d9fa5d5f96fe: port 1(veth8cc6aa5) entered blocking state
[Thu Jul 16 08:21:43 2026] br-d9fa5d5f96fe: port 1(veth8cc6aa5) entered disabled state
[Thu Jul 16 08:21:43 2026] veth8cc6aa5: entered allmulticast mode
[Thu Jul 16 08:21:43 2026] veth8cc6aa5: entered promiscuous mode
[Thu Jul 16 08:21:43 2026] br-d9fa5d5f96fe: port 2(veth494a713) entered blocking state
[Thu Jul 16 08:21:43 2026] br-d9fa5d5f96fe: port 2(veth494a713) entered disabled state
[Thu Jul 16 08:21:43 2026] veth494a713: entered allmulticast mode
[Thu Jul 16 08:21:43 2026] veth494a713: entered promiscuous mode
[Thu Jul 16 08:21:43 2026] br-d9fa5d5f96fe: port 3(vethd234cfa) entered blocking state
[Thu Jul 16 08:21:43 2026] br-d9fa5d5f96fe: port 3(vethd234cfa) entered disabled state
[Thu Jul 16 08:21:43 2026] vethd234cfa: entered allmulticast mode
[Thu Jul 16 08:21:43 2026] vethd234cfa: entered promiscuous mode
[Thu Jul 16 08:21:43 2026] br-d9fa5d5f96fe: port 4(veth75a4006) entered blocking state
[Thu Jul 16 08:21:43 2026] br-d9fa5d5f96fe: port 4(veth75a4006) entered disabled state
[Thu Jul 16 08:21:43 2026] veth75a4006: entered allmulticast mode
[Thu Jul 16 08:21:43 2026] veth75a4006: entered promiscuous mode
[Thu Jul 16 08:21:43 2026] br-d9fa5d5f96fe: port 5(vethcc33060) entered blocking state
[Thu Jul 16 08:21:43 2026] br-d9fa5d5f96fe: port 5(vethcc33060) entered disabled state
[Thu Jul 16 08:21:43 2026] vethcc33060: entered allmulticast mode
[Thu Jul 16 08:21:43 2026] vethcc33060: entered promiscuous mode
[Thu Jul 16 08:21:43 2026] br-d9fa5d5f96fe: port 6(veth7b47e82) entered blocking state
[Thu Jul 16 08:21:43 2026] br-d9fa5d5f96fe: port 6(veth7b47e82) entered disabled state
[Thu Jul 16 08:21:43 2026] veth7b47e82: entered allmulticast mode
[Thu Jul 16 08:21:43 2026] veth7b47e82: entered promiscuous mode
[Thu Jul 16 08:21:43 2026] br-d9fa5d5f96fe: port 7(vethe36d538) entered blocking state
[Thu Jul 16 08:21:43 2026] br-d9fa5d5f96fe: port 7(vethe36d538) entered disabled state
[Thu Jul 16 08:21:43 2026] vethe36d538: entered allmulticast mode
[Thu Jul 16 08:21:43 2026] vethe36d538: entered promiscuous mode
[Thu Jul 16 08:21:43 2026] br-d9fa5d5f96fe: port 8(vethbbf11b3) entered blocking state
[Thu Jul 16 08:21:43 2026] br-d9fa5d5f96fe: port 8(vethbbf11b3) entered disabled state
[Thu Jul 16 08:21:43 2026] vethbbf11b3: entered allmulticast mode
[Thu Jul 16 08:21:43 2026] vethbbf11b3: entered promiscuous mode
[Thu Jul 16 08:21:45 2026] eth0: renamed from vethff82ee9
[Thu Jul 16 08:21:45 2026] br-d9fa5d5f96fe: port 8(vethbbf11b3) entered blocking state
[Thu Jul 16 08:21:45 2026] br-d9fa5d5f96fe: port 8(vethbbf11b3) entered forwarding state
[Thu Jul 16 08:21:45 2026] eth0: renamed from veth70c37c6
[Thu Jul 16 08:21:45 2026] br-d9fa5d5f96fe: port 5(vethcc33060) entered blocking state
[Thu Jul 16 08:21:45 2026] br-d9fa5d5f96fe: port 5(vethcc33060) entered forwarding state
[Thu Jul 16 08:21:45 2026] eth0: renamed from vethe116c4a
[Thu Jul 16 08:21:45 2026] eth0: renamed from vethc70f986
[Thu Jul 16 08:21:45 2026] eth0: renamed from veth977468b
[Thu Jul 16 08:21:45 2026] br-d9fa5d5f96fe: port 1(veth8cc6aa5) entered blocking state
[Thu Jul 16 08:21:45 2026] br-d9fa5d5f96fe: port 1(veth8cc6aa5) entered forwarding state
[Thu Jul 16 08:21:45 2026] br-d9fa5d5f96fe: port 6(veth7b47e82) entered blocking state
[Thu Jul 16 08:21:45 2026] br-d9fa5d5f96fe: port 6(veth7b47e82) entered forwarding state
[Thu Jul 16 08:21:45 2026] br-d9fa5d5f96fe: port 7(vethe36d538) entered blocking state
[Thu Jul 16 08:21:45 2026] br-d9fa5d5f96fe: port 7(vethe36d538) entered forwarding state
[Thu Jul 16 08:21:45 2026] eth0: renamed from veth965043c
[Thu Jul 16 08:21:45 2026] br-d9fa5d5f96fe: port 2(veth494a713) entered blocking state
[Thu Jul 16 08:21:45 2026] br-d9fa5d5f96fe: port 2(veth494a713) entered forwarding state
[Thu Jul 16 08:21:45 2026] eth0: renamed from veth5ba8490
[Thu Jul 16 08:21:46 2026] eth0: renamed from veth97d758d
[Thu Jul 16 08:21:46 2026] br-d9fa5d5f96fe: port 4(veth75a4006) entered blocking state
[Thu Jul 16 08:21:46 2026] br-d9fa5d5f96fe: port 4(veth75a4006) entered forwarding state
[Thu Jul 16 08:21:46 2026] br-d9fa5d5f96fe: port 3(vethd234cfa) entered blocking state
[Thu Jul 16 08:21:46 2026] br-d9fa5d5f96fe: port 3(vethd234cfa) entered forwarding state
[Thu Jul 16 09:46:46 2026] br-d9fa5d5f96fe: port 5(vethcc33060) entered disabled state
[Thu Jul 16 09:46:46 2026] veth70c37c6: renamed from eth0
[Thu Jul 16 09:46:46 2026] br-d9fa5d5f96fe: port 5(vethcc33060) entered disabled state
[Thu Jul 16 09:46:46 2026] vethcc33060 (unregistering): left allmulticast mode
[Thu Jul 16 09:46:46 2026] vethcc33060 (unregistering): left promiscuous mode
[Thu Jul 16 09:46:46 2026] br-d9fa5d5f96fe: port 5(vethcc33060) entered disabled state
[Thu Jul 16 09:46:46 2026] br-d9fa5d5f96fe: port 5(vethe33e363) entered blocking state
[Thu Jul 16 09:46:46 2026] br-d9fa5d5f96fe: port 5(vethe33e363) entered disabled state
[Thu Jul 16 09:46:46 2026] vethe33e363: entered allmulticast mode
[Thu Jul 16 09:46:46 2026] vethe33e363: entered promiscuous mode
[Thu Jul 16 09:46:47 2026] eth0: renamed from veth95f6958
[Thu Jul 16 09:46:47 2026] br-d9fa5d5f96fe: port 5(vethe33e363) entered blocking state
[Thu Jul 16 09:46:47 2026] br-d9fa5d5f96fe: port 5(vethe33e363) entered forwarding state
[Thu Jul 16 09:54:04 2026] systemd-journald[301]: /var/log/journal/a4242c27452147aa9c53961e8d4fe780/user-2938737737.journal: Journal file uses a different sequence number ID, rotating.
[Thu Jul 16 10:09:31 2026] br-d9fa5d5f96fe: port 5(vethe33e363) entered disabled state
[Thu Jul 16 10:09:31 2026] veth95f6958: renamed from eth0
[Thu Jul 16 10:09:31 2026] br-d9fa5d5f96fe: port 5(vethe33e363) entered disabled state
[Thu Jul 16 10:09:31 2026] vethe33e363 (unregistering): left allmulticast mode
[Thu Jul 16 10:09:31 2026] vethe33e363 (unregistering): left promiscuous mode
[Thu Jul 16 10:09:31 2026] br-d9fa5d5f96fe: port 5(vethe33e363) entered disabled state
[Thu Jul 16 10:09:32 2026] br-d9fa5d5f96fe: port 5(veth7fabcf5) entered blocking state
[Thu Jul 16 10:09:32 2026] br-d9fa5d5f96fe: port 5(veth7fabcf5) entered disabled state
[Thu Jul 16 10:09:32 2026] veth7fabcf5: entered allmulticast mode
[Thu Jul 16 10:09:32 2026] veth7fabcf5: entered promiscuous mode
[Thu Jul 16 10:09:32 2026] eth0: renamed from vethf79bc88
[Thu Jul 16 10:09:32 2026] br-d9fa5d5f96fe: port 5(veth7fabcf5) entered blocking state
[Thu Jul 16 10:09:32 2026] br-d9fa5d5f96fe: port 5(veth7fabcf5) entered forwarding state
[Thu Jul 16 10:42:05 2026] stress-ng-vm invoked oom-killer: gfp_mask=0x140dca(GFP_HIGHUSER_MOVABLE|__GFP_COMP|__GFP_ZERO), order=0, oom_score_adj=1000
[Thu Jul 16 10:42:05 2026] CPU: 3 UID: 0 PID: 25161 Comm: stress-ng-vm Not tainted 6.12.95+deb13-cloud-amd64 #1  Debian 6.12.95-1
[Thu Jul 16 10:42:05 2026] Hardware name: Google Google Compute Engine/Google Compute Engine, BIOS Google 05/09/2026
[Thu Jul 16 10:42:05 2026] Call Trace:
[Thu Jul 16 10:42:05 2026]  <TASK>
[Thu Jul 16 10:42:05 2026]  dump_stack_lvl+0x5d/0x80
[Thu Jul 16 10:42:05 2026]  dump_header+0x43/0x1aa
[Thu Jul 16 10:42:05 2026]  oom_kill_process.cold+0x8/0x8d
[Thu Jul 16 10:42:05 2026]  out_of_memory+0x219/0x4b0
[Thu Jul 16 10:42:05 2026]  __alloc_pages_slowpath.constprop.0+0xc27/0xdc0
[Thu Jul 16 10:42:05 2026]  __alloc_pages_noprof+0x2fb/0x310
[Thu Jul 16 10:42:05 2026]  alloc_pages_mpol_noprof+0xd7/0x1c0
[Thu Jul 16 10:42:05 2026]  folio_alloc_mpol_noprof+0x14/0x30
[Thu Jul 16 10:42:05 2026]  vma_alloc_folio_noprof+0x69/0xb0
[Thu Jul 16 10:42:05 2026]  do_anonymous_page+0x33f/0x870
[Thu Jul 16 10:42:05 2026]  ? __pte_offset_map+0x1b/0x180
[Thu Jul 16 10:42:05 2026]  __handle_mm_fault+0xb14/0xf70
[Thu Jul 16 10:42:05 2026]  ? update_load_avg+0x7e/0x7b0
[Thu Jul 16 10:42:05 2026]  handle_mm_fault+0xe2/0x2c0
[Thu Jul 16 10:42:05 2026]  do_user_addr_fault+0x217/0x620
[Thu Jul 16 10:42:05 2026]  exc_page_fault+0x7e/0x180
[Thu Jul 16 10:42:05 2026]  asm_exc_page_fault+0x26/0x30
[Thu Jul 16 10:42:05 2026] RIP: 0033:0x5587d529affc
[Thu Jul 16 10:42:05 2026] Code: Unable to access opcode bytes at 0x5587d529afd2.
[Thu Jul 16 10:42:05 2026] RSP: 002b:00007ffdc54cb5c0 EFLAGS: 00010287
[Thu Jul 16 10:42:05 2026] RAX: 00007f8d9842e000 RBX: 0000000011814bc0 RCX: 00007f8e3bd3f3b0
[Thu Jul 16 10:42:05 2026] RDX: 0000000000000001 RSI: 0000000280000000 RDI: 00007f8bb7eff000
[Thu Jul 16 10:42:05 2026] RBP: 00007ffdc54cc220 R08: ffffffffffffefff R09: 00005587d579a280
[Thu Jul 16 10:42:05 2026] R10: 0000000000000022 R11: 0000000000000202 R12: 00007f8e37eff000
[Thu Jul 16 10:42:05 2026] R13: 00007f8e3bd3f3b0 R14: 00007f8bb7eff000 R15: 00007f8bb7eff000
[Thu Jul 16 10:42:05 2026]  </TASK>
[Thu Jul 16 10:42:05 2026] Mem-Info:
[Thu Jul 16 10:42:05 2026] active_anon:1900978 inactive_anon:2100727 isolated_anon:0
                            active_file:217 inactive_file:435 isolated_file:0
                            unevictable:4 dirty:70 writeback:15
                            slab_reclaimable:10143 slab_unreclaimable:16610
                            mapped:28408 shmem:28648 pagetables:11293
                            sec_pagetables:0 bounce:0
                            kernel_misc_reclaimable:0
                            free:32980 free_pcp:190 free_cma:0
[Thu Jul 16 10:42:05 2026] Node 0 active_anon:7953276kB inactive_anon:8053544kB active_file:256kB inactive_file:2348kB unevictable:16kB isolated(anon):0kB isolated(file):0kB mapped:113636kB dirty:280kB writeback:60kB shmem:114592kB shmem_thp:0kB shmem_pmdmapped:0kB anon_thp:10690560kB writeback_tmp:0kB kernel_stack:10048kB pagetables:45172kB sec_pagetables:0kB all_unreclaimable? yes
[Thu Jul 16 10:42:05 2026] Node 0 DMA free:13312kB boost:0kB min:60kB low:72kB high:84kB reserved_highatomic:0KB active_anon:0kB inactive_anon:0kB active_file:0kB inactive_file:0kB unevictable:0kB writepending:0kB present:15920kB managed:15360kB mlocked:0kB bounce:0kB free_pcp:0kB local_pcp:0kB free_cma:0kB
[Thu Jul 16 10:42:05 2026] lowmem_reserve[]: 0 2923 15909 15909 15909
[Thu Jul 16 10:42:05 2026] Node 0 DMA32 free:64044kB boost:0kB min:12568kB low:15708kB high:18848kB reserved_highatomic:0KB active_anon:2836088kB inactive_anon:157916kB active_file:12kB inactive_file:0kB unevictable:0kB writepending:0kB present:3126028kB managed:3060488kB mlocked:0kB bounce:0kB free_pcp:0kB local_pcp:0kB free_cma:0kB
[Thu Jul 16 10:42:05 2026] lowmem_reserve[]: 0 0 12985 12985 12985
[Thu Jul 16 10:42:05 2026] Node 0 Normal free:54828kB boost:0kB min:54948kB low:68684kB high:82420kB reserved_highatomic:0KB active_anon:8550972kB inactive_anon:4461844kB active_file:0kB inactive_file:2688kB unevictable:16kB writepending:340kB present:13631488kB managed:13304856kB mlocked:16kB bounce:0kB free_pcp:0kB local_pcp:0kB free_cma:0kB
[Thu Jul 16 10:42:05 2026] lowmem_reserve[]: 0 0 0 0 0
[Thu Jul 16 10:42:05 2026] Node 0 DMA: 0*4kB 0*8kB 0*16kB 0*32kB 0*64kB 0*128kB 0*256kB 0*512kB 1*1024kB (U) 2*2048kB (UM) 2*4096kB (M) = 13312kB
[Thu Jul 16 10:42:05 2026] Node 0 DMA32: 9*4kB (UM) 4*8kB (M) 6*16kB (UM) 18*32kB (UM) 33*64kB (UM) 27*128kB (UM) 27*256kB (UM) 22*512kB (UM) 13*1024kB (UM) 1*2048kB (M) 6*4096kB (M) = 64420kB
[Thu Jul 16 10:42:05 2026] Node 0 Normal: 585*4kB (UE) 166*8kB (UE) 215*16kB (UE) 374*32kB (UE) 312*64kB (UE) 109*128kB (UE) 7*256kB (U) 0*512kB 0*1024kB 0*2048kB 0*4096kB = 54788kB
[Thu Jul 16 10:42:05 2026] Node 0 hugepages_total=0 hugepages_free=0 hugepages_surp=0 hugepages_size=1048576kB
[Thu Jul 16 10:42:05 2026] Node 0 hugepages_total=0 hugepages_free=0 hugepages_surp=0 hugepages_size=2048kB
[Thu Jul 16 10:42:05 2026] 29163 total pagecache pages
[Thu Jul 16 10:42:05 2026] 0 pages in swap cache
[Thu Jul 16 10:42:05 2026] Free swap  = 0kB
[Thu Jul 16 10:42:05 2026] Total swap = 0kB
[Thu Jul 16 10:42:05 2026] 4193359 pages RAM
[Thu Jul 16 10:42:05 2026] 0 pages HighMem/MovableOnly
[Thu Jul 16 10:42:05 2026] 98183 pages reserved
[Thu Jul 16 10:42:05 2026] 0 pages hwpoisoned
[Thu Jul 16 10:42:05 2026] Tasks state (memory values in pages):
[Thu Jul 16 10:42:05 2026] [  pid  ]   uid  tgid total_vm      rss rss_anon rss_file rss_shmem pgtables_bytes swapents oom_score_adj name
[Thu Jul 16 10:42:05 2026] [    301]     0   301    16900      355      288       67         0   114688        0          -250 systemd-journal
[Thu Jul 16 10:42:05 2026] [    342]   989   342     5898      693      672       21         0    94208        0             0 systemd-resolve
[Thu Jul 16 10:42:05 2026] [    343]   996   343    22971      298      256       42         0    86016        0             0 systemd-timesyn
[Thu Jul 16 10:42:05 2026] [    352]     0   352     8241      481      448       33         0    77824        0         -1000 systemd-udevd
[Thu Jul 16 10:42:05 2026] [    378]   998   378     5472      535      365      170         0    86016        0             0 systemd-network
[Thu Jul 16 10:42:05 2026] [    597]     0   597     2093      826      818        8         0    57344        0             0 haveged
[Thu Jul 16 10:42:05 2026] [    606]   995   606     7953      593      544       49         0   102400        0          -900 dbus-daemon
[Thu Jul 16 10:42:05 2026] [    611]     0   611     9641     3566     3511       55         0   114688        0             0 networkd-dispat
[Thu Jul 16 10:42:05 2026] [    612]     0   612    54921      299      288       11         0    69632        0             0 rsyslogd
[Thu Jul 16 10:42:05 2026] [    655]     0   655     1292       57       32       25         0    57344        0             0 agetty
[Thu Jul 16 10:42:05 2026] [    656]     0   656     1303       52       32       20         0    49152        0             0 agetty
[Thu Jul 16 10:42:05 2026] [    657]     0   657    29506     3389     3379       10         0   135168        0             0 unattended-upgr
[Thu Jul 16 10:42:05 2026] [    659]     0   659   597524     6258     6221       37         0   372736        0          -999 containerd
[Thu Jul 16 10:42:05 2026] [    915]     0   915   319616     2819     2786       33         0   147456        0          -999 google_guest_ag
[Thu Jul 16 10:42:05 2026] [    921]     0   921   335733     2617     2599       18         0   139264        0             0 google_guest_co
[Thu Jul 16 10:42:05 2026] [    926]     0   926   322199     4556     4554        2         0   237568        0             0 google_osconfig
[Thu Jul 16 10:42:05 2026] [    942]   100   942    11539     3583     3565       18         0   139264        0             0 exim4
[Thu Jul 16 10:42:05 2026] [    948]     0   948   945099    39722    39713        9         0  1024000        0          -500 dockerd
[Thu Jul 16 10:42:05 2026] [    952]   987   952    95109      247      224       23         0   102400        0             0 polkitd
[Thu Jul 16 10:42:05 2026] [    977]     0   977   319962     2867     2836       31         0   147456        0          -999 core_plugin
[Thu Jul 16 10:42:05 2026] [    978]     0   978   319230     3099     3053       46         0   135168        0          -999 guest_telemetry
[Thu Jul 16 10:42:05 2026] [   1142]     0  1142     2943      311      288       23         0    57344        0         -1000 sshd
[Thu Jul 16 10:42:05 2026] [   1166]     0  1166     8623      545      480       65         0   114688        0             0 systemd-logind
[Thu Jul 16 10:42:05 2026] [   1176]     0  1176     7092      473      416       57         0    98304        0             0 cron
[Thu Jul 16 10:42:05 2026] [   1391]     0  1391   436287      615      610        5         0   151552        0          -500 docker-proxy
[Thu Jul 16 10:42:05 2026] [   1410]     0  1410   436287      662      641       21         0   163840        0          -500 docker-proxy
[Thu Jul 16 10:42:05 2026] [   1428]     0  1428   417854      636      636        0         0   147456        0          -500 docker-proxy
[Thu Jul 16 10:42:05 2026] [   1434]     0  1434   473153      665      639       26         0   180224        0          -500 docker-proxy
[Thu Jul 16 10:42:05 2026] [   1452]     0  1452   436287      657      640       17         0   159744        0          -500 docker-proxy
[Thu Jul 16 10:42:05 2026] [   1458]     0  1458   436287      655      639       16         0   151552        0          -500 docker-proxy
[Thu Jul 16 10:42:06 2026] [   1476]     0  1476   436287      654      636       18         0   155648        0          -500 docker-proxy
[Thu Jul 16 10:42:06 2026] [   1484]     0  1484   436287      651      637       14         0   155648        0          -500 docker-proxy
[Thu Jul 16 10:42:06 2026] [   1565]     0  1565   514935     1362     1362        0         0   237568        0          -998 containerd-shim
[Thu Jul 16 10:42:06 2026] [   1567]     0  1567   533432     1719     1690       29         0   241664        0          -998 containerd-shim
[Thu Jul 16 10:42:06 2026] [   1568]     0  1568   514935     1460     1436       24         0   237568        0          -998 containerd-shim
[Thu Jul 16 10:42:06 2026] [   1570]     0  1570   514871     1351     1320       31         0   233472        0          -998 containerd-shim
[Thu Jul 16 10:42:06 2026] [   1576]     0  1576   514871     1683     1658       25         0   233472        0          -998 containerd-shim
[Thu Jul 16 10:42:06 2026] [   1578]     0  1578   514935     1421     1380       41         0   237568        0          -998 containerd-shim
[Thu Jul 16 10:42:06 2026] [   1579]     0  1579   514935     1377     1364       13         0   229376        0          -998 containerd-shim
[Thu Jul 16 10:42:06 2026] [   1758]     0  1758   430284    20448    20448        0         0  1134592        0             0 traefik
[Thu Jul 16 10:42:06 2026] [   1761]   472  1761   420362    24749    24678       71         0   786432        0             0 grafana
[Thu Jul 16 10:42:06 2026] [   1773] 65534  1773   309607     1811     1770       41         0   147456        0             0 postgres_export
[Thu Jul 16 10:42:06 2026] [   1780] 65534  1780   310488     2366     2360        6         0   126976        0             0 node_exporter
[Thu Jul 16 10:42:06 2026] [   1782] 65534  1782   453364    21777    21731       46         0   630784        0             0 prometheus
[Thu Jul 16 10:42:06 2026] [   1794] 59000  1794   308648     2686     2655       31         0   126976        0             0 redis_exporter
[Thu Jul 16 10:42:06 2026] [   1801]    70  1801     2826     1154     1135       19         0    65536        0             0 pgbouncer
[Thu Jul 16 10:42:06 2026] [  18392]     0 18392   514935     1354     1354        0         0   245760        0          -998 containerd-shim
[Thu Jul 16 10:42:06 2026] [  18416]  1000 18416    10057     4955     4906       49         0   126976        0             0 uvicorn
[Thu Jul 16 10:42:06 2026] [  18482]  1000 18482     5286     2672     2622       50         0    77824        0             0 python3.12
[Thu Jul 16 10:42:06 2026] [  18483]  1000 18483   687732    31315    31310        5         0   835584        0             0 python3.12
[Thu Jul 16 10:42:06 2026] [  18484]  1000 18484   608957    29857    29857        0         0   630784        0             0 python3.12
[Thu Jul 16 10:42:06 2026] [  18485]  1000 18485   665068    33269    33269        0         0   757760        0             0 python3.12
[Thu Jul 16 10:42:06 2026] [  18486]  1000 18486   609217    30341    30293       48         0   622592        0             0 python3.12
[Thu Jul 16 10:42:06 2026] [  18487]  1000 18487   608955    30142    30142        0         0   622592        0             0 python3.12
[Thu Jul 16 10:42:06 2026] [  18488]  1000 18488   609215    30189    30189        0         0   634880        0             0 python3.12
[Thu Jul 16 10:42:06 2026] [  18489]  1000 18489   686716    29908    29899        9         0   811008        0             0 python3.12
[Thu Jul 16 10:42:06 2026] [  18490]  1000 18490   651159    35730    35693       37         0   749568        0             0 python3.12
[Thu Jul 16 10:42:06 2026] [  25016]     0 25016     8574      711      672       39         0   114688        0             0 sshd-session
[Thu Jul 16 10:42:06 2026] [  25041] 1674562704 25041     5503      542      512       30         0    90112        0           100 systemd
[Thu Jul 16 10:42:06 2026] [  25043] 1674562704 25043     9744      746      744        2         0   106496        0           100 (sd-pam)
[Thu Jul 16 10:42:06 2026] [  25057] 1674562704 25057     8574      797      752       45         0   114688        0             0 sshd-session
[Thu Jul 16 10:42:06 2026] [  25058] 1674562704 25058     8114      564      544       20         0   102400        0             0 sudo
[Thu Jul 16 10:42:06 2026] [  25059]     0 25059     1122      107       64       43         0    53248        0             0 bash
[Thu Jul 16 10:42:06 2026] [  25061]     0 25061      817       47       32       15         0    45056        0             0 dmesg
[Thu Jul 16 10:42:06 2026] [  25062]     0 25062     1122       77       39       38         0    53248        0             0 bash
[Thu Jul 16 10:42:06 2026] [  25063]     0 25063     1122       45       39        6         0    53248        0             0 bash
[Thu Jul 16 10:42:06 2026] [  25067]     0 25067    27003    14593      384       65     14144   233472        0         -1000 stress-ng
[Thu Jul 16 10:42:06 2026] [  25079]     0 25079    27004      914      884       30         0    94208        0         -1000 stress-ng-vm
[Thu Jul 16 10:42:06 2026] [  25080]     0 25080  1599869  1573656  1573656        0         0 12705792        0          1000 stress-ng-vm
[Thu Jul 16 10:42:06 2026] [  25155]     0 25155    27003    14602      384       74     14144   221184        0         -1000 stress-ng
[Thu Jul 16 10:42:06 2026] [  25156]     0 25156      753       43        0       43         0    45056        0             0 sleep
[Thu Jul 16 10:42:06 2026] [  25160]     0 25160    27004      403      373       30         0    77824        0         -1000 stress-ng-vm
[Thu Jul 16 10:42:06 2026] [  25161]     0 25161  2648445  1967758  1967758        0         0 15863808        0          1000 stress-ng-vm
[Thu Jul 16 10:42:06 2026] [  25209]     0 25209      753       15        0       15         0    45056        0             0 sleep
[Thu Jul 16 10:42:06 2026] [  25231]     0 25231      753       11        0       11         0    45056        0             0 sleep
[Thu Jul 16 10:42:06 2026] oom-kill:constraint=CONSTRAINT_NONE,nodemask=(null),cpuset=user.slice,mems_allowed=0,global_oom,task_memcg=/user.slice/user-1674562704.slice/session-40.scope,task=stress-ng-vm,pid=25161,uid=0
[Thu Jul 16 10:42:06 2026] Out of memory: Killed process 25161 (stress-ng-vm) total-vm:10593780kB, anon-rss:7871032kB, file-rss:0kB, shmem-rss:0kB, UID:0 pgtables:15492kB oom_score_adj:1000
[Thu Jul 16 10:42:14 2026] prometheus invoked oom-killer: gfp_mask=0x140cca(GFP_HIGHUSER_MOVABLE|__GFP_COMP), order=0, oom_score_adj=0
[Thu Jul 16 10:42:14 2026] CPU: 3 UID: 65534 PID: 12261 Comm: prometheus Not tainted 6.12.95+deb13-cloud-amd64 #1  Debian 6.12.95-1
[Thu Jul 16 10:42:14 2026] Hardware name: Google Google Compute Engine/Google Compute Engine, BIOS Google 05/09/2026
[Thu Jul 16 10:42:14 2026] Call Trace:
[Thu Jul 16 10:42:14 2026]  <TASK>
[Thu Jul 16 10:42:14 2026]  dump_stack_lvl+0x5d/0x80
[Thu Jul 16 10:42:14 2026]  dump_header+0x43/0x1aa
[Thu Jul 16 10:42:14 2026]  oom_kill_process.cold+0x8/0x8d
[Thu Jul 16 10:42:14 2026]  out_of_memory+0x219/0x4b0
[Thu Jul 16 10:42:14 2026]  __alloc_pages_slowpath.constprop.0+0xc27/0xdc0
[Thu Jul 16 10:42:14 2026]  __alloc_pages_noprof+0x2fb/0x310
[Thu Jul 16 10:42:14 2026]  alloc_pages_mpol_noprof+0xd7/0x1c0
[Thu Jul 16 10:42:14 2026]  folio_alloc_noprof+0x5b/0xb0
[Thu Jul 16 10:42:14 2026]  __filemap_get_folio+0x1aa/0x300
[Thu Jul 16 10:42:14 2026]  filemap_fault+0x1fb/0xd40
[Thu Jul 16 10:42:14 2026]  __do_fault+0x33/0x170
[Thu Jul 16 10:42:14 2026]  do_fault+0x341/0x550
[Thu Jul 16 10:42:14 2026]  __handle_mm_fault+0x7c2/0xf70
[Thu Jul 16 10:42:14 2026]  handle_mm_fault+0xe2/0x2c0
[Thu Jul 16 10:42:14 2026]  do_user_addr_fault+0x217/0x620
[Thu Jul 16 10:42:14 2026]  exc_page_fault+0x7e/0x180
[Thu Jul 16 10:42:14 2026]  asm_exc_page_fault+0x26/0x30
[Thu Jul 16 10:42:14 2026] RIP: 0033:0x454137
[Thu Jul 16 10:42:14 2026] Code: Unable to access opcode bytes at 0x45410d.
[Thu Jul 16 10:42:14 2026] RSP: 002b:000000c002ef99f8 EFLAGS: 00010246
[Thu Jul 16 10:42:14 2026] RAX: 000000c001c0e540 RBX: 000000c001c0e540 RCX: 000000c000103808
[Thu Jul 16 10:42:14 2026] RDX: 000000c0008bb180 RSI: 0000000000000000 RDI: 0000000000000101
[Thu Jul 16 10:42:14 2026] RBP: 000000c002ef9a60 R08: 00000000069f41c0 R09: c28e4b440d7c6e07
[Thu Jul 16 10:42:14 2026] R10: 0000000000000000 R11: 00007f3f8a262080 R12: 000000c000fa5938
[Thu Jul 16 10:42:14 2026] R13: 0000000000000001 R14: 000000c0008bb180 R15: 0000000000000002
[Thu Jul 16 10:42:14 2026]  </TASK>
[Thu Jul 16 10:42:14 2026] Mem-Info:
[Thu Jul 16 10:42:15 2026] active_anon:3673656 inactive_anon:325779 isolated_anon:0
                            active_file:65 inactive_file:787 isolated_file:0
                            unevictable:4 dirty:31 writeback:0
                            slab_reclaimable:10100 slab_unreclaimable:16626
                            mapped:28382 shmem:28648 pagetables:11282
                            sec_pagetables:0 bounce:0
                            kernel_misc_reclaimable:0
                            free:35234 free_pcp:233 free_cma:0
[Thu Jul 16 10:42:15 2026] Node 0 active_anon:10915276kB inactive_anon:5082464kB active_file:0kB inactive_file:3436kB unevictable:16kB isolated(anon):0kB isolated(file):0kB mapped:113484kB dirty:124kB writeback:0kB shmem:114592kB shmem_thp:0kB shmem_pmdmapped:0kB anon_thp:11556864kB writeback_tmp:0kB kernel_stack:10080kB pagetables:45128kB sec_pagetables:0kB all_unreclaimable? yes
[Thu Jul 16 10:42:15 2026] Node 0 DMA free:13312kB boost:0kB min:60kB low:72kB high:84kB reserved_highatomic:0KB active_anon:0kB inactive_anon:0kB active_file:0kB inactive_file:0kB unevictable:0kB writepending:0kB present:15920kB managed:15360kB mlocked:0kB bounce:0kB free_pcp:0kB local_pcp:0kB free_cma:0kB
[Thu Jul 16 10:42:15 2026] lowmem_reserve[]: 0 2923 15909 15909 15909
[Thu Jul 16 10:42:15 2026] Node 0 DMA32 free:64476kB boost:0kB min:12568kB low:15708kB high:18848kB reserved_highatomic:0KB active_anon:1778484kB inactive_anon:1215464kB active_file:28kB inactive_file:0kB unevictable:0kB writepending:4kB present:3126028kB managed:3060488kB mlocked:0kB bounce:0kB free_pcp:0kB local_pcp:0kB free_cma:0kB
[Thu Jul 16 10:42:15 2026] lowmem_reserve[]: 0 0 12985 12985 12985
[Thu Jul 16 10:42:15 2026] Node 0 Normal free:63820kB boost:0kB min:54948kB low:68684kB high:82420kB reserved_highatomic:0KB active_anon:4040624kB inactive_anon:8963204kB active_file:1300kB inactive_file:1424kB unevictable:16kB writepending:120kB present:13631488kB managed:13304856kB mlocked:16kB bounce:0kB free_pcp:400kB local_pcp:0kB free_cma:0kB
[Thu Jul 16 10:42:15 2026] lowmem_reserve[]: 0 0 0 0 0
[Thu Jul 16 10:42:15 2026] Node 0 DMA: 0*4kB 0*8kB 0*16kB 0*32kB 0*64kB 0*128kB 0*256kB 0*512kB 1*1024kB (U) 2*2048kB (UM) 2*4096kB (M) = 13312kB
[Thu Jul 16 10:42:15 2026] Node 0 DMA32: 3*4kB (M) 4*8kB (UM) 27*16kB (UM) 72*32kB (UM) 34*64kB (UM) 27*128kB (UM) 27*256kB (UM) 22*512kB (UM) 13*1024kB (UM) 0*2048kB 6*4096kB (M) = 64476kB
[Thu Jul 16 10:42:15 2026] Node 0 Normal: 3*4kB (UE) 10*8kB (UE) 140*16kB (U) 788*32kB (UE) 307*64kB (UE) 106*128kB (UE) 7*256kB (U) 0*512kB 0*1024kB 0*2048kB 0*4096kB = 62556kB
[Thu Jul 16 10:42:15 2026] Node 0 hugepages_total=0 hugepages_free=0 hugepages_surp=0 hugepages_size=1048576kB
[Thu Jul 16 10:42:15 2026] Node 0 hugepages_total=0 hugepages_free=0 hugepages_surp=0 hugepages_size=2048kB
[Thu Jul 16 10:42:15 2026] 29601 total pagecache pages
[Thu Jul 16 10:42:15 2026] 0 pages in swap cache
[Thu Jul 16 10:42:15 2026] Free swap  = 0kB
[Thu Jul 16 10:42:15 2026] Total swap = 0kB
[Thu Jul 16 10:42:15 2026] 4193359 pages RAM
[Thu Jul 16 10:42:15 2026] 0 pages HighMem/MovableOnly
[Thu Jul 16 10:42:15 2026] 98183 pages reserved
[Thu Jul 16 10:42:15 2026] 0 pages hwpoisoned
[Thu Jul 16 10:42:15 2026] Tasks state (memory values in pages):
[Thu Jul 16 10:42:15 2026] [  pid  ]   uid  tgid total_vm      rss rss_anon rss_file rss_shmem pgtables_bytes swapents oom_score_adj name
[Thu Jul 16 10:42:15 2026] [    301]     0   301    16900      288      288        0         0   114688        0          -250 systemd-journal
[Thu Jul 16 10:42:15 2026] [    342]   989   342     5898      693      672       21         0    94208        0             0 systemd-resolve
[Thu Jul 16 10:42:15 2026] [    343]   996   343    22971      298      256       42         0    86016        0             0 systemd-timesyn
[Thu Jul 16 10:42:15 2026] [    352]     0   352     8241      481      448       33         0    77824        0         -1000 systemd-udevd
[Thu Jul 16 10:42:15 2026] [    378]   998   378     5472      535      365      170         0    86016        0             0 systemd-network
[Thu Jul 16 10:42:15 2026] [    597]     0   597     2093      826      818        8         0    57344        0             0 haveged
[Thu Jul 16 10:42:15 2026] [    606]   995   606     7953      593      544       49         0   102400        0          -900 dbus-daemon
[Thu Jul 16 10:42:15 2026] [    611]     0   611     9641     3566     3511       55         0   114688        0             0 networkd-dispat
[Thu Jul 16 10:42:15 2026] [    612]     0   612    54921      308      288       20         0    69632        0             0 rsyslogd
[Thu Jul 16 10:42:15 2026] [    655]     0   655     1292       57       32       25         0    57344        0             0 agetty
[Thu Jul 16 10:42:15 2026] [    656]     0   656     1303       52       32       20         0    49152        0             0 agetty
[Thu Jul 16 10:42:15 2026] [    657]     0   657    29506     3389     3379       10         0   135168        0             0 unattended-upgr
[Thu Jul 16 10:42:15 2026] [    659]     0   659   597524     6221     6221        0         0   372736        0          -999 containerd
[Thu Jul 16 10:42:15 2026] [    915]     0   915   319616     2786     2786        0         0   147456        0          -999 google_guest_ag
[Thu Jul 16 10:42:15 2026] [    921]     0   921   335733     2599     2599        0         0   139264        0             0 google_guest_co
[Thu Jul 16 10:42:15 2026] [    926]     0   926   322199     4554     4554        0         0   237568        0             0 google_osconfig
[Thu Jul 16 10:42:15 2026] [    942]   100   942    11539     3583     3565       18         0   139264        0             0 exim4
[Thu Jul 16 10:42:15 2026] [    948]     0   948   945099    39713    39713        0         0  1024000        0          -500 dockerd
[Thu Jul 16 10:42:15 2026] [    952]   987   952    95109      224      224        0         0   102400        0             0 polkitd
[Thu Jul 16 10:42:15 2026] [    977]     0   977   319962     2867     2836       31         0   147456        0          -999 core_plugin
[Thu Jul 16 10:42:15 2026] [    978]     0   978   319230     3099     3053       46         0   135168        0          -999 guest_telemetry
[Thu Jul 16 10:42:15 2026] [   1142]     0  1142     2943      311      288       23         0    57344        0         -1000 sshd
[Thu Jul 16 10:42:15 2026] [   1166]     0  1166     8623      545      480       65         0   114688        0             0 systemd-logind
[Thu Jul 16 10:42:15 2026] [   1176]     0  1176     7092      473      416       57         0    98304        0             0 cron
[Thu Jul 16 10:42:15 2026] [   1391]     0  1391   436287      615      610        5         0   151552        0          -500 docker-proxy
[Thu Jul 16 10:42:15 2026] [   1410]     0  1410   436287      662      641       21         0   163840        0          -500 docker-proxy
[Thu Jul 16 10:42:15 2026] [   1428]     0  1428   417854      636      636        0         0   147456        0          -500 docker-proxy
[Thu Jul 16 10:42:15 2026] [   1434]     0  1434   473153      665      639       26         0   180224        0          -500 docker-proxy
[Thu Jul 16 10:42:15 2026] [   1452]     0  1452   436287      657      640       17         0   159744        0          -500 docker-proxy
[Thu Jul 16 10:42:15 2026] [   1458]     0  1458   436287      655      639       16         0   151552        0          -500 docker-proxy
[Thu Jul 16 10:42:15 2026] [   1476]     0  1476   436287      654      636       18         0   155648        0          -500 docker-proxy
[Thu Jul 16 10:42:15 2026] [   1484]     0  1484   436287      651      637       14         0   155648        0          -500 docker-proxy
[Thu Jul 16 10:42:15 2026] [   1565]     0  1565   514935     1397     1362       35         0   237568        0          -998 containerd-shim
[Thu Jul 16 10:42:15 2026] [   1567]     0  1567   533432     1690     1690        0         0   241664        0          -998 containerd-shim
[Thu Jul 16 10:42:15 2026] [   1568]     0  1568   514935     1460     1436       24         0   237568        0          -998 containerd-shim
[Thu Jul 16 10:42:15 2026] [   1570]     0  1570   514871     1351     1320       31         0   233472        0          -998 containerd-shim
[Thu Jul 16 10:42:15 2026] [   1576]     0  1576   514871     1683     1658       25         0   233472        0          -998 containerd-shim
[Thu Jul 16 10:42:15 2026] [   1578]     0  1578   514935     1429     1380       49         0   237568        0          -998 containerd-shim
[Thu Jul 16 10:42:15 2026] [   1579]     0  1579   514935     1377     1364       13         0   229376        0          -998 containerd-shim
[Thu Jul 16 10:42:15 2026] [   1758]     0  1758   430284    20471    20448       23         0  1134592        0             0 traefik
[Thu Jul 16 10:42:15 2026] [   1761]   472  1761   420362    24703    24678       25         0   786432        0             0 grafana
[Thu Jul 16 10:42:15 2026] [   1773] 65534  1773   309607     1811     1770       41         0   147456        0             0 postgres_export
[Thu Jul 16 10:42:15 2026] [   1780] 65534  1780   310488     2366     2360        6         0   126976        0             0 node_exporter
[Thu Jul 16 10:42:15 2026] [   1782] 65534  1782   453364    21731    21731        0         0   630784        0             0 prometheus
[Thu Jul 16 10:42:15 2026] [   1794] 59000  1794   308648     2686     2655       31         0   126976        0             0 redis_exporter
[Thu Jul 16 10:42:15 2026] [   1801]    70  1801     2826     1173     1135       38         0    65536        0             0 pgbouncer
[Thu Jul 16 10:42:15 2026] [  18392]     0 18392   514935     1360     1354        6         0   245760        0          -998 containerd-shim
[Thu Jul 16 10:42:15 2026] [  18416]  1000 18416    10057     4947     4906       41         0   126976        0             0 uvicorn
[Thu Jul 16 10:42:15 2026] [  18482]  1000 18482     5286     2672     2622       50         0    77824        0             0 python3.12
[Thu Jul 16 10:42:15 2026] [  18483]  1000 18483   687732    31359    31310       49         0   835584        0             0 python3.12
[Thu Jul 16 10:42:15 2026] [  18484]  1000 18484   608957    29898    29857       41         0   630784        0             0 python3.12
[Thu Jul 16 10:42:15 2026] [  18485]  1000 18485   665068    33292    33269       23         0   757760        0             0 python3.12
[Thu Jul 16 10:42:15 2026] [  18486]  1000 18486   609217    30300    30293        7         0   622592        0             0 python3.12
[Thu Jul 16 10:42:15 2026] [  18487]  1000 18487   608955    30161    30142       19         0   622592        0             0 python3.12
[Thu Jul 16 10:42:15 2026] [  18488]  1000 18488   609215    30223    30189       34         0   634880        0             0 python3.12
[Thu Jul 16 10:42:15 2026] [  18489]  1000 18489   686716    29899    29899        0         0   811008        0             0 python3.12
[Thu Jul 16 10:42:15 2026] [  18490]  1000 18490   651159    35710    35693       17         0   749568        0             0 python3.12
[Thu Jul 16 10:42:15 2026] [  25016]     0 25016     8574      711      672       39         0   114688        0             0 sshd-session
[Thu Jul 16 10:42:16 2026] [  25041] 1674562704 25041     5503      542      512       30         0    90112        0           100 systemd
[Thu Jul 16 10:42:16 2026] [  25043] 1674562704 25043     9744      746      744        2         0   106496        0           100 (sd-pam)
[Thu Jul 16 10:42:16 2026] [  25057] 1674562704 25057     8574      797      752       45         0   114688        0             0 sshd-session
[Thu Jul 16 10:42:16 2026] [  25058] 1674562704 25058     8114      564      544       20         0   102400        0             0 sudo
[Thu Jul 16 10:42:16 2026] [  25059]     0 25059     1122      107       64       43         0    53248        0             0 bash
[Thu Jul 16 10:42:16 2026] [  25061]     0 25061      817       46       32       14         0    45056        0             0 dmesg
[Thu Jul 16 10:42:16 2026] [  25062]     0 25062     1122       39       39        0         0    53248        0             0 bash
[Thu Jul 16 10:42:16 2026] [  25063]     0 25063     1122       56       39       17         0    53248        0             0 bash
[Thu Jul 16 10:42:16 2026] [  25067]     0 25067    27003    14593      384       65     14144   233472        0         -1000 stress-ng
[Thu Jul 16 10:42:16 2026] [  25079]     0 25079    27004      914      884       30         0    94208        0         -1000 stress-ng-vm
[Thu Jul 16 10:42:16 2026] [  25080]     0 25080  1599869  1573656  1573656        0         0 12705792        0          1000 stress-ng-vm
[Thu Jul 16 10:42:16 2026] [  25155]     0 25155    27003    14602      384       74     14144   221184        0         -1000 stress-ng
[Thu Jul 16 10:42:16 2026] [  25156]     0 25156      753       43        0       43         0    45056        0             0 sleep
[Thu Jul 16 10:42:16 2026] [  25160]     0 25160    27004      373      373        0         0    77824        0         -1000 stress-ng-vm
[Thu Jul 16 10:42:16 2026] [  25232]     0 25232  2648445  1965775  1965765       10         0 15843328        0          1000 stress-ng-vm
[Thu Jul 16 10:42:16 2026] [  25233]     0 25233      127        1        0        1         0    32768        0             0 date
[Thu Jul 16 10:42:16 2026] [  25234]     0 25234      127        1        0        1         0    36864        0             0 date
[Thu Jul 16 10:42:16 2026] oom-kill:constraint=CONSTRAINT_NONE,nodemask=(null),cpuset=docker-87898cbb3aed6cc576f898ad64a8ce5b49164a9231753a164b15bdb003825798.scope,mems_allowed=0,global_oom,task_memcg=/user.slice/user-1674562704.slice/session-40.scope,task=stress-ng-vm,pid=25232,uid=0
[Thu Jul 16 10:42:16 2026] Out of memory: Killed process 25232 (stress-ng-vm) total-vm:10593780kB, anon-rss:7863060kB, file-rss:40kB, shmem-rss:0kB, UID:0 pgtables:15472kB oom_score_adj:1000
[Thu Jul 16 10:42:26 2026] grafana invoked oom-killer: gfp_mask=0x140cca(GFP_HIGHUSER_MOVABLE|__GFP_COMP), order=0, oom_score_adj=0
[Thu Jul 16 10:42:26 2026] CPU: 2 UID: 472 PID: 2190 Comm: grafana Not tainted 6.12.95+deb13-cloud-amd64 #1  Debian 6.12.95-1
[Thu Jul 16 10:42:26 2026] Hardware name: Google Google Compute Engine/Google Compute Engine, BIOS Google 05/09/2026
[Thu Jul 16 10:42:26 2026] Call Trace:
[Thu Jul 16 10:42:26 2026]  <TASK>
[Thu Jul 16 10:42:26 2026]  dump_stack_lvl+0x5d/0x80
[Thu Jul 16 10:42:26 2026]  dump_header+0x43/0x1aa
[Thu Jul 16 10:42:26 2026]  oom_kill_process.cold+0x8/0x8d
[Thu Jul 16 10:42:26 2026]  out_of_memory+0x219/0x4b0
[Thu Jul 16 10:42:26 2026]  __alloc_pages_slowpath.constprop.0+0xc27/0xdc0
[Thu Jul 16 10:42:26 2026]  __alloc_pages_noprof+0x2fb/0x310
[Thu Jul 16 10:42:26 2026]  alloc_pages_mpol_noprof+0xd7/0x1c0
[Thu Jul 16 10:42:26 2026]  folio_alloc_noprof+0x5b/0xb0
[Thu Jul 16 10:42:26 2026]  __filemap_get_folio+0x1aa/0x300
[Thu Jul 16 10:42:26 2026]  filemap_fault+0x1fb/0xd40
[Thu Jul 16 10:42:26 2026]  ? wake_page_function+0x6f/0xb0
[Thu Jul 16 10:42:26 2026]  __do_fault+0x33/0x170
[Thu Jul 16 10:42:26 2026]  do_fault+0x341/0x550
[Thu Jul 16 10:42:26 2026]  __handle_mm_fault+0x7c2/0xf70
[Thu Jul 16 10:42:26 2026]  handle_mm_fault+0xe2/0x2c0
[Thu Jul 16 10:42:26 2026]  do_user_addr_fault+0x217/0x620
[Thu Jul 16 10:42:26 2026]  exc_page_fault+0x7e/0x180
[Thu Jul 16 10:42:26 2026]  asm_exc_page_fault+0x26/0x30
[Thu Jul 16 10:42:26 2026] RIP: 0033:0x71ddd87
[Thu Jul 16 10:42:26 2026] Code: Unable to access opcode bytes at 0x71ddd5d.
[Thu Jul 16 10:42:26 2026] RSP: 002b:000000c00189f7f0 EFLAGS: 00010206
[Thu Jul 16 10:42:26 2026] RAX: 0000000005c704c0 RBX: 000000000d844c60 RCX: 0000000004655820
[Thu Jul 16 10:42:26 2026] RDX: 0000000000055524 RSI: 0000000000000001 RDI: 0000000000000000
[Thu Jul 16 10:42:26 2026] RBP: 000000c00189f8b0 R08: 0000000000f541e0 R09: 0000000000055524
[Thu Jul 16 10:42:26 2026] R10: 0000000000000000 R11: 000000c001d30d78 R12: 0000000000000015
[Thu Jul 16 10:42:26 2026] R13: 000000c001d30e28 R14: 000000c001d45a40 R15: 0000000000000000
[Thu Jul 16 10:42:26 2026]  </TASK>
[Thu Jul 16 10:42:26 2026] Mem-Info:
[Thu Jul 16 10:42:26 2026] active_anon:700482 inactive_anon:3299122 isolated_anon:0
                            active_file:128 inactive_file:906 isolated_file:0
                            unevictable:4 dirty:34 writeback:2
                            slab_reclaimable:10095 slab_unreclaimable:16625
                            mapped:28374 shmem:28648 pagetables:11281
                            sec_pagetables:0 bounce:0
                            kernel_misc_reclaimable:0
                            free:34831 free_pcp:246 free_cma:0
[Thu Jul 16 10:42:26 2026] Node 0 active_anon:1056688kB inactive_anon:14941728kB active_file:1156kB inactive_file:3240kB unevictable:16kB isolated(anon):0kB isolated(file):0kB mapped:113512kB dirty:136kB writeback:8kB shmem:114592kB shmem_thp:0kB shmem_pmdmapped:0kB anon_thp:12208128kB writeback_tmp:0kB kernel_stack:10064kB pagetables:45124kB sec_pagetables:0kB all_unreclaimable? no
[Thu Jul 16 10:42:26 2026] Node 0 DMA free:13312kB boost:0kB min:60kB low:72kB high:84kB reserved_highatomic:0KB active_anon:0kB inactive_anon:0kB active_file:0kB inactive_file:0kB unevictable:0kB writepending:0kB present:15920kB managed:15360kB mlocked:0kB bounce:0kB free_pcp:0kB local_pcp:0kB free_cma:0kB
[Thu Jul 16 10:42:26 2026] lowmem_reserve[]: 0 2923 15909 15909 15909
[Thu Jul 16 10:42:26 2026] Node 0 DMA32 free:64484kB boost:0kB min:12568kB low:15708kB high:18848kB reserved_highatomic:0KB active_anon:2988124kB inactive_anon:5812kB active_file:4kB inactive_file:0kB unevictable:0kB writepending:4kB present:3126028kB managed:3060488kB mlocked:0kB bounce:0kB free_pcp:0kB local_pcp:0kB free_cma:0kB
[Thu Jul 16 10:42:26 2026] lowmem_reserve[]: 0 0 12985 12985 12985
[Thu Jul 16 10:42:26 2026] Node 0 Normal free:60744kB boost:0kB min:54948kB low:68684kB high:82420kB reserved_highatomic:0KB active_anon:1101512kB inactive_anon:11903228kB active_file:3200kB inactive_file:1240kB unevictable:16kB writepending:140kB present:13631488kB managed:13304856kB mlocked:16kB bounce:0kB free_pcp:1264kB local_pcp:0kB free_cma:0kB
[Thu Jul 16 10:42:26 2026] lowmem_reserve[]: 0 0 0 0 0
[Thu Jul 16 10:42:26 2026] Node 0 DMA: 0*4kB 0*8kB 0*16kB 0*32kB 0*64kB 0*128kB 0*256kB 0*512kB 1*1024kB (U) 2*2048kB (UM) 2*4096kB (M) = 13312kB
[Thu Jul 16 10:42:26 2026] Node 0 DMA32: 15*4kB (UM) 51*8kB (M) 127*16kB (UM) 73*32kB (UM) 34*64kB (UM) 27*128kB (UM) 27*256kB (UM) 22*512kB (UM) 13*1024kB (UM) 1*2048kB (M) 5*4096kB (M) = 64484kB
[Thu Jul 16 10:42:26 2026] Node 0 Normal: 0*4kB 12*8kB (U) 196*16kB (U) 764*32kB (UE) 293*64kB (UE) 99*128kB (UE) 6*256kB (U) 0*512kB 0*1024kB 0*2048kB 0*4096kB = 60640kB
[Thu Jul 16 10:42:26 2026] Node 0 hugepages_total=0 hugepages_free=0 hugepages_surp=0 hugepages_size=1048576kB
[Thu Jul 16 10:42:26 2026] Node 0 hugepages_total=0 hugepages_free=0 hugepages_surp=0 hugepages_size=2048kB
[Thu Jul 16 10:42:26 2026] 29789 total pagecache pages
[Thu Jul 16 10:42:26 2026] 0 pages in swap cache
[Thu Jul 16 10:42:26 2026] Free swap  = 0kB
[Thu Jul 16 10:42:26 2026] Total swap = 0kB
[Thu Jul 16 10:42:26 2026] 4193359 pages RAM
[Thu Jul 16 10:42:26 2026] 0 pages HighMem/MovableOnly
[Thu Jul 16 10:42:26 2026] 98183 pages reserved
[Thu Jul 16 10:42:26 2026] 0 pages hwpoisoned
[Thu Jul 16 10:42:26 2026] Tasks state (memory values in pages):
[Thu Jul 16 10:42:26 2026] [  pid  ]   uid  tgid total_vm      rss rss_anon rss_file rss_shmem pgtables_bytes swapents oom_score_adj name
[Thu Jul 16 10:42:26 2026] [    301]     0   301    16900      294      288        6         0   114688        0          -250 systemd-journal
[Thu Jul 16 10:42:26 2026] [    342]   989   342     5898      693      672       21         0    94208        0             0 systemd-resolve
[Thu Jul 16 10:42:26 2026] [    343]   996   343    22971      298      256       42         0    86016        0             0 systemd-timesyn
[Thu Jul 16 10:42:26 2026] [    352]     0   352     8241      481      448       33         0    77824        0         -1000 systemd-udevd
[Thu Jul 16 10:42:26 2026] [    378]   998   378     5472      535      365      170         0    86016        0             0 systemd-network
[Thu Jul 16 10:42:26 2026] [    597]     0   597     2093      826      818        8         0    57344        0             0 haveged
[Thu Jul 16 10:42:26 2026] [    606]   995   606     7953      593      544       49         0   102400        0          -900 dbus-daemon
[Thu Jul 16 10:42:26 2026] [    611]     0   611     9641     3566     3511       55         0   114688        0             0 networkd-dispat
[Thu Jul 16 10:42:26 2026] [    612]     0   612    54921      318      288       30         0    69632        0             0 rsyslogd
[Thu Jul 16 10:42:26 2026] [    655]     0   655     1292       57       32       25         0    57344        0             0 agetty
[Thu Jul 16 10:42:26 2026] [    656]     0   656     1303       52       32       20         0    49152        0             0 agetty
[Thu Jul 16 10:42:26 2026] [    657]     0   657    29506     3389     3379       10         0   135168        0             0 unattended-upgr
[Thu Jul 16 10:42:26 2026] [    659]     0   659   597524     6221     6221        0         0   372736        0          -999 containerd
[Thu Jul 16 10:42:26 2026] [    915]     0   915   319616     2796     2786       10         0   147456        0          -999 google_guest_ag
[Thu Jul 16 10:42:26 2026] [    921]     0   921   335733     2599     2599        0         0   139264        0             0 google_guest_co
[Thu Jul 16 10:42:26 2026] [    926]     0   926   322199     4554     4554        0         0   237568        0             0 google_osconfig
[Thu Jul 16 10:42:26 2026] [    942]   100   942    11539     3583     3565       18         0   139264        0             0 exim4
[Thu Jul 16 10:42:26 2026] [    948]     0   948   945099    39723    39713       10         0  1024000        0          -500 dockerd
[Thu Jul 16 10:42:26 2026] [    952]   987   952    95109      224      224        0         0   102400        0             0 polkitd
[Thu Jul 16 10:42:26 2026] [    977]     0   977   319962     2862     2836       26         0   147456        0          -999 core_plugin
[Thu Jul 16 10:42:26 2026] [    978]     0   978   319230     3099     3053       46         0   135168        0          -999 guest_telemetry
[Thu Jul 16 10:42:26 2026] [   1142]     0  1142     2943      311      288       23         0    57344        0         -1000 sshd
[Thu Jul 16 10:42:26 2026] [   1166]     0  1166     8623      545      480       65         0   114688        0             0 systemd-logind
[Thu Jul 16 10:42:26 2026] [   1176]     0  1176     7092      473      416       57         0    98304        0             0 cron
[Thu Jul 16 10:42:26 2026] [   1391]     0  1391   436287      615      610        5         0   151552        0          -500 docker-proxy
[Thu Jul 16 10:42:26 2026] [   1410]     0  1410   436287      662      641       21         0   163840        0          -500 docker-proxy
[Thu Jul 16 10:42:26 2026] [   1428]     0  1428   417854      636      636        0         0   147456        0          -500 docker-proxy
[Thu Jul 16 10:42:26 2026] [   1434]     0  1434   473153      665      639       26         0   180224        0          -500 docker-proxy
[Thu Jul 16 10:42:26 2026] [   1452]     0  1452   436287      657      640       17         0   159744        0          -500 docker-proxy
[Thu Jul 16 10:42:26 2026] [   1458]     0  1458   436287      655      639       16         0   151552        0          -500 docker-proxy
[Thu Jul 16 10:42:26 2026] [   1476]     0  1476   436287      654      636       18         0   155648        0          -500 docker-proxy
[Thu Jul 16 10:42:26 2026] [   1484]     0  1484   436287      651      637       14         0   155648        0          -500 docker-proxy
[Thu Jul 16 10:42:26 2026] [   1565]     0  1565   514935     1362     1362        0         0   237568        0          -998 containerd-shim
[Thu Jul 16 10:42:27 2026] [   1567]     0  1567   533432     1690     1690        0         0   241664        0          -998 containerd-shim
[Thu Jul 16 10:42:27 2026] [   1568]     0  1568   514935     1436     1436        0         0   237568        0          -998 containerd-shim
[Thu Jul 16 10:42:27 2026] [   1570]     0  1570   514871     1320     1320        0         0   233472        0          -998 containerd-shim
[Thu Jul 16 10:42:27 2026] [   1576]     0  1576   514871     1674     1658       16         0   233472        0          -998 containerd-shim
[Thu Jul 16 10:42:27 2026] [   1578]     0  1578   514935     1380     1380        0         0   237568        0          -998 containerd-shim
[Thu Jul 16 10:42:27 2026] [   1579]     0  1579   514935     1364     1364        0         0   229376        0          -998 containerd-shim
[Thu Jul 16 10:42:27 2026] [   1758]     0  1758   430284    20448    20448        0         0  1134592        0             0 traefik
[Thu Jul 16 10:42:27 2026] [   1761]   472  1761   420362    24678    24678        0         0   786432        0             0 grafana
[Thu Jul 16 10:42:27 2026] [   1773] 65534  1773   309607     1811     1770       41         0   147456        0             0 postgres_export
[Thu Jul 16 10:42:27 2026] [   1780] 65534  1780   310488     2366     2360        6         0   126976        0             0 node_exporter
[Thu Jul 16 10:42:27 2026] [   1782] 65534  1782   453364    21735    21731        4         0   630784        0             0 prometheus
[Thu Jul 16 10:42:27 2026] [   1794] 59000  1794   308648     2686     2655       31         0   126976        0             0 redis_exporter
[Thu Jul 16 10:42:27 2026] [   1801]    70  1801     2826     1159     1135       24         0    65536        0             0 pgbouncer
[Thu Jul 16 10:42:27 2026] [  18392]     0 18392   514935     1283     1283        0         0   245760        0          -998 containerd-shim
[Thu Jul 16 10:42:27 2026] [  18416]  1000 18416    10057     4918     4906       12         0   126976        0             0 uvicorn
[Thu Jul 16 10:42:27 2026] [  18482]  1000 18482     5286     2672     2622       50         0    77824        0             0 python3.12
[Thu Jul 16 10:42:27 2026] [  18483]  1000 18483   687732    31345    31310       35         0   835584        0             0 python3.12
[Thu Jul 16 10:42:27 2026] [  18484]  1000 18484   608957    29877    29857       20         0   630784        0             0 python3.12
[Thu Jul 16 10:42:27 2026] [  18485]  1000 18485   665068    33269    33269        0         0   757760        0             0 python3.12
[Thu Jul 16 10:42:27 2026] [  18486]  1000 18486   609217    30293    30293        0         0   622592        0             0 python3.12
[Thu Jul 16 10:42:27 2026] [  18487]  1000 18487   608955    30142    30142        0         0   622592        0             0 python3.12
[Thu Jul 16 10:42:27 2026] [  18488]  1000 18488   609215    30212    30189       23         0   634880        0             0 python3.12
[Thu Jul 16 10:42:27 2026] [  18489]  1000 18489   686716    29899    29899        0         0   811008        0             0 python3.12
[Thu Jul 16 10:42:27 2026] [  18490]  1000 18490   651159    35723    35693       30         0   749568        0             0 python3.12
[Thu Jul 16 10:42:27 2026] [  25016]     0 25016     8574      711      672       39         0   114688        0             0 sshd-session
[Thu Jul 16 10:42:27 2026] [  25041] 1674562704 25041     5503      542      512       30         0    90112        0           100 systemd
[Thu Jul 16 10:42:27 2026] [  25043] 1674562704 25043     9744      746      744        2         0   106496        0           100 (sd-pam)
[Thu Jul 16 10:42:27 2026] [  25057] 1674562704 25057     8574      765      752       13         0   114688        0             0 sshd-session
[Thu Jul 16 10:42:27 2026] [  25058] 1674562704 25058     8114      564      544       20         0   102400        0             0 sudo
[Thu Jul 16 10:42:27 2026] [  25059]     0 25059     1122       94       64       30         0    53248        0             0 bash
[Thu Jul 16 10:42:27 2026] [  25061]     0 25061      817       32       32        0         0    45056        0             0 dmesg
[Thu Jul 16 10:42:27 2026] [  25062]     0 25062     1122       39       39        0         0    53248        0             0 bash
[Thu Jul 16 10:42:27 2026] [  25063]     0 25063     1122       74       39       35         0    53248        0             0 bash
[Thu Jul 16 10:42:27 2026] [  25067]     0 25067    27003    14593      384       65     14144   233472        0         -1000 stress-ng
[Thu Jul 16 10:42:27 2026] [  25079]     0 25079    27004      914      884       30         0    94208        0         -1000 stress-ng-vm
[Thu Jul 16 10:42:27 2026] [  25080]     0 25080  1599869  1573656  1573656        0         0 12705792        0          1000 stress-ng-vm
[Thu Jul 16 10:42:27 2026] [  25155]     0 25155    27003    14602      384       74     14144   221184        0         -1000 stress-ng
[Thu Jul 16 10:42:27 2026] [  25160]     0 25160    27004      414      373       41         0    77824        0         -1000 stress-ng-vm
[Thu Jul 16 10:42:27 2026] [  25237]     0 25237  2648445  1966437  1966423       14         0 15847424        0          1000 stress-ng-vm
[Thu Jul 16 10:42:27 2026] [  25239]     0 25239     5284        0        0        0         0    36864        0             0 stress-ng
[Thu Jul 16 10:42:27 2026] [  25240]     0 25240     7659        0        0        0         0    32768        0             0 docker
[Thu Jul 16 10:42:27 2026] [  25241]     0 25241      104        0        0        0         0    36864        0             0 free
[Thu Jul 16 10:42:27 2026] oom-kill:constraint=CONSTRAINT_NONE,nodemask=(null),cpuset=docker-37f06150085a169d0c7c1e42b4a468162f6c0a7c77dea6c701b39661a2fd76a0.scope,mems_allowed=0,global_oom,task_memcg=/user.slice/user-1674562704.slice/session-40.scope,task=stress-ng-vm,pid=25237,uid=0
[Thu Jul 16 10:42:27 2026] Out of memory: Killed process 25237 (stress-ng-vm) total-vm:10593780kB, anon-rss:7865692kB, file-rss:56kB, shmem-rss:0kB, UID:0 pgtables:15476kB oom_score_adj:1000
[Thu Jul 16 10:42:38 2026] traefik invoked oom-killer: gfp_mask=0x140cca(GFP_HIGHUSER_MOVABLE|__GFP_COMP), order=0, oom_score_adj=0
[Thu Jul 16 10:42:38 2026] CPU: 3 UID: 0 PID: 3682 Comm: traefik Not tainted 6.12.95+deb13-cloud-amd64 #1  Debian 6.12.95-1
[Thu Jul 16 10:42:38 2026] Hardware name: Google Google Compute Engine/Google Compute Engine, BIOS Google 05/09/2026
[Thu Jul 16 10:42:38 2026] Call Trace:
[Thu Jul 16 10:42:38 2026]  <TASK>
[Thu Jul 16 10:42:38 2026]  dump_stack_lvl+0x5d/0x80
[Thu Jul 16 10:42:38 2026]  dump_header+0x43/0x1aa
[Thu Jul 16 10:42:38 2026]  oom_kill_process.cold+0x8/0x8d
[Thu Jul 16 10:42:38 2026]  out_of_memory+0x219/0x4b0
[Thu Jul 16 10:42:38 2026]  __alloc_pages_slowpath.constprop.0+0xc27/0xdc0
[Thu Jul 16 10:42:38 2026]  __alloc_pages_noprof+0x2fb/0x310
[Thu Jul 16 10:42:38 2026]  alloc_pages_mpol_noprof+0xd7/0x1c0
[Thu Jul 16 10:42:38 2026]  folio_alloc_noprof+0x5b/0xb0
[Thu Jul 16 10:42:38 2026]  __filemap_get_folio+0x1aa/0x300
[Thu Jul 16 10:42:38 2026]  filemap_fault+0x1fb/0xd40
[Thu Jul 16 10:42:38 2026]  ? set_pte_range+0xcf/0x250
[Thu Jul 16 10:42:38 2026]  __do_fault+0x33/0x170
[Thu Jul 16 10:42:38 2026]  do_fault+0x341/0x550
[Thu Jul 16 10:42:38 2026]  __handle_mm_fault+0x7c2/0xf70
[Thu Jul 16 10:42:38 2026]  handle_mm_fault+0xe2/0x2c0
[Thu Jul 16 10:42:38 2026]  do_user_addr_fault+0x217/0x620
[Thu Jul 16 10:42:38 2026]  exc_page_fault+0x7e/0x180
[Thu Jul 16 10:42:38 2026]  asm_exc_page_fault+0x26/0x30
[Thu Jul 16 10:42:38 2026] RIP: 0033:0x46320e
[Thu Jul 16 10:42:38 2026] Code: Unable to access opcode bytes at 0x4631e4.
[Thu Jul 16 10:42:38 2026] RSP: 002b:000000c0015ad8c0 EFLAGS: 00010206
[Thu Jul 16 10:42:38 2026] RAX: 0000000008983478 RBX: 0000000009c13c00 RCX: 0000000000000000
[Thu Jul 16 10:42:38 2026] RDX: 0000000008687780 RSI: 0000000000039adc RDI: 0000000000a57d00
[Thu Jul 16 10:42:38 2026] RBP: 000000c0015ad8e8 R08: 0000000008687780 R09: 00000000086a39c0
[Thu Jul 16 10:42:38 2026] R10: 00007fe810f629e8 R11: 0000000000000000 R12: 000000c00210cc90
[Thu Jul 16 10:42:38 2026] R13: 0000000000000000 R14: 000000c0015d3dc0 R15: 0ffffffcffffffff
[Thu Jul 16 10:42:38 2026]  </TASK>
[Thu Jul 16 10:42:38 2026] Mem-Info:
[Thu Jul 16 10:42:38 2026] active_anon:1303760 inactive_anon:2696616 isolated_anon:0
                            active_file:360 inactive_file:482 isolated_file:0
                            unevictable:4 dirty:9 writeback:5
                            slab_reclaimable:10092 slab_unreclaimable:16622
                            mapped:28375 shmem:28648 pagetables:11292
                            sec_pagetables:0 bounce:0
                            kernel_misc_reclaimable:0
                            free:33971 free_pcp:471 free_cma:0
[Thu Jul 16 10:42:38 2026] Node 0 active_anon:7379268kB inactive_anon:8622236kB active_file:3408kB inactive_file:0kB unevictable:16kB isolated(anon):0kB isolated(file):0kB mapped:113468kB dirty:36kB writeback:20kB shmem:114592kB shmem_thp:0kB shmem_pmdmapped:0kB anon_thp:12417024kB writeback_tmp:0kB kernel_stack:10032kB pagetables:45168kB sec_pagetables:0kB all_unreclaimable? yes
[Thu Jul 16 10:42:38 2026] Node 0 DMA free:13312kB boost:0kB min:60kB low:72kB high:84kB reserved_highatomic:0KB active_anon:0kB inactive_anon:0kB active_file:0kB inactive_file:0kB unevictable:0kB writepending:0kB present:15920kB managed:15360kB mlocked:0kB bounce:0kB free_pcp:0kB local_pcp:0kB free_cma:0kB
[Thu Jul 16 10:42:38 2026] lowmem_reserve[]: 0 2923 15909 15909 15909
[Thu Jul 16 10:42:38 2026] Node 0 DMA32 free:64284kB boost:0kB min:12568kB low:15708kB high:18848kB reserved_highatomic:0KB active_anon:1227976kB inactive_anon:1766160kB active_file:12kB inactive_file:0kB unevictable:0kB writepending:0kB present:3126028kB managed:3060488kB mlocked:0kB bounce:0kB free_pcp:0kB local_pcp:0kB free_cma:0kB
[Thu Jul 16 10:42:38 2026] lowmem_reserve[]: 0 0 12985 12985 12985
[Thu Jul 16 10:42:38 2026] Node 0 Normal free:57700kB boost:0kB min:54948kB low:68684kB high:82420kB reserved_highatomic:0KB active_anon:5715676kB inactive_anon:7291832kB active_file:0kB inactive_file:3708kB unevictable:16kB writepending:56kB present:13631488kB managed:13304856kB mlocked:16kB bounce:0kB free_pcp:1952kB local_pcp:0kB free_cma:0kB
[Thu Jul 16 10:42:38 2026] lowmem_reserve[]: 0 0 0 0 0
[Thu Jul 16 10:42:38 2026] Node 0 DMA: 0*4kB 0*8kB 0*16kB 0*32kB 0*64kB 0*128kB 0*256kB 0*512kB 1*1024kB (U) 2*2048kB (UM) 2*4096kB (M) = 13312kB
[Thu Jul 16 10:42:38 2026] Node 0 DMA32: 2*4kB (M) 23*8kB (UM) 136*16kB (UM) 75*32kB (UM) 36*64kB (UM) 25*128kB (UM) 27*256kB (UM) 22*512kB (UM) 13*1024kB (UM) 1*2048kB (M) 5*4096kB (M) = 64288kB
[Thu Jul 16 10:42:38 2026] Node 0 Normal: 0*4kB 0*8kB 83*16kB (U) 767*32kB (UE) 286*64kB (UE) 97*128kB (UE) 6*256kB (U) 0*512kB 0*1024kB 0*2048kB 0*4096kB = 58128kB
[Thu Jul 16 10:42:38 2026] Node 0 hugepages_total=0 hugepages_free=0 hugepages_surp=0 hugepages_size=1048576kB
[Thu Jul 16 10:42:38 2026] Node 0 hugepages_total=0 hugepages_free=0 hugepages_surp=0 hugepages_size=2048kB
[Thu Jul 16 10:42:38 2026] 29654 total pagecache pages
[Thu Jul 16 10:42:38 2026] 0 pages in swap cache
[Thu Jul 16 10:42:38 2026] Free swap  = 0kB
[Thu Jul 16 10:42:38 2026] Total swap = 0kB
[Thu Jul 16 10:42:38 2026] 4193359 pages RAM
[Thu Jul 16 10:42:38 2026] 0 pages HighMem/MovableOnly
[Thu Jul 16 10:42:38 2026] 98183 pages reserved
[Thu Jul 16 10:42:38 2026] 0 pages hwpoisoned
[Thu Jul 16 10:42:38 2026] Tasks state (memory values in pages):
[Thu Jul 16 10:42:38 2026] [  pid  ]   uid  tgid total_vm      rss rss_anon rss_file rss_shmem pgtables_bytes swapents oom_score_adj name
[Thu Jul 16 10:42:38 2026] [    301]     0   301    16900      311      288       23         0   114688        0          -250 systemd-journal
[Thu Jul 16 10:42:38 2026] [    342]   989   342     5898      693      672       21         0    94208        0             0 systemd-resolve
[Thu Jul 16 10:42:38 2026] [    343]   996   343    22971      298      256       42         0    86016        0             0 systemd-timesyn
[Thu Jul 16 10:42:38 2026] [    352]     0   352     8241      481      448       33         0    77824        0         -1000 systemd-udevd
[Thu Jul 16 10:42:38 2026] [    378]   998   378     5472      535      365      170         0    86016        0             0 systemd-network
[Thu Jul 16 10:42:38 2026] [    597]     0   597     2093      860      818       42         0    57344        0             0 haveged
[Thu Jul 16 10:42:38 2026] [    606]   995   606     7953      593      544       49         0   102400        0          -900 dbus-daemon
[Thu Jul 16 10:42:38 2026] [    611]     0   611     9641     3566     3511       55         0   114688        0             0 networkd-dispat
[Thu Jul 16 10:42:38 2026] [    612]     0   612    54921      288      288        0         0    69632        0             0 rsyslogd
[Thu Jul 16 10:42:38 2026] [    655]     0   655     1292       57       32       25         0    57344        0             0 agetty
[Thu Jul 16 10:42:38 2026] [    656]     0   656     1303       52       32       20         0    49152        0             0 agetty
[Thu Jul 16 10:42:38 2026] [    657]     0   657    29506     3389     3379       10         0   135168        0             0 unattended-upgr
[Thu Jul 16 10:42:38 2026] [    659]     0   659   597524     6244     6221       23         0   372736        0          -999 containerd
[Thu Jul 16 10:42:38 2026] [    915]     0   915   319616     2827     2786       41         0   147456        0          -999 google_guest_ag
[Thu Jul 16 10:42:38 2026] [    921]     0   921   335733     2599     2599        0         0   139264        0             0 google_guest_co
[Thu Jul 16 10:42:38 2026] [    926]     0   926   322199     4554     4554        0         0   237568        0             0 google_osconfig
[Thu Jul 16 10:42:38 2026] [    942]   100   942    11539     3583     3565       18         0   139264        0             0 exim4
[Thu Jul 16 10:42:38 2026] [    948]     0   948   945099    39713    39713        0         0  1024000        0          -500 dockerd
[Thu Jul 16 10:42:38 2026] [    952]   987   952    95109      251      224       27         0   102400        0             0 polkitd
[Thu Jul 16 10:42:38 2026] [    977]     0   977   319962     2849     2836       13         0   147456        0          -999 core_plugin
[Thu Jul 16 10:42:38 2026] [    978]     0   978   319230     3099     3053       46         0   135168        0          -999 guest_telemetry
[Thu Jul 16 10:42:38 2026] [   1142]     0  1142     2943      311      288       23         0    57344        0         -1000 sshd
[Thu Jul 16 10:42:38 2026] [   1166]     0  1166     8623      545      480       65         0   114688        0             0 systemd-logind
[Thu Jul 16 10:42:38 2026] [   1176]     0  1176     7092      473      416       57         0    98304        0             0 cron
[Thu Jul 16 10:42:38 2026] [   1391]     0  1391   436287      615      610        5         0   151552        0          -500 docker-proxy
[Thu Jul 16 10:42:38 2026] [   1410]     0  1410   436287      662      641       21         0   163840        0          -500 docker-proxy
[Thu Jul 16 10:42:38 2026] [   1428]     0  1428   417854      636      636        0         0   147456        0          -500 docker-proxy
[Thu Jul 16 10:42:38 2026] [   1434]     0  1434   473153      665      639       26         0   180224        0          -500 docker-proxy
[Thu Jul 16 10:42:38 2026] [   1452]     0  1452   436287      657      640       17         0   159744        0          -500 docker-proxy
[Thu Jul 16 10:42:38 2026] [   1458]     0  1458   436287      655      639       16         0   151552        0          -500 docker-proxy
[Thu Jul 16 10:42:38 2026] [   1476]     0  1476   436287      654      636       18         0   155648        0          -500 docker-proxy
[Thu Jul 16 10:42:38 2026] [   1484]     0  1484   436287      651      637       14         0   155648        0          -500 docker-proxy
[Thu Jul 16 10:42:38 2026] [   1565]     0  1565   514935     1362     1362        0         0   237568        0          -998 containerd-shim
[Thu Jul 16 10:42:38 2026] [   1567]     0  1567   533432     1690     1690        0         0   241664        0          -998 containerd-shim
[Thu Jul 16 10:42:39 2026] [   1568]     0  1568   514935     1436     1436        0         0   237568        0          -998 containerd-shim
[Thu Jul 16 10:42:39 2026] [   1570]     0  1570   514871     1320     1320        0         0   233472        0          -998 containerd-shim
[Thu Jul 16 10:42:39 2026] [   1576]     0  1576   514871     1674     1658       16         0   233472        0          -998 containerd-shim
[Thu Jul 16 10:42:39 2026] [   1578]     0  1578   514935     1380     1380        0         0   237568        0          -998 containerd-shim
[Thu Jul 16 10:42:39 2026] [   1579]     0  1579   514935     1364     1364        0         0   229376        0          -998 containerd-shim
[Thu Jul 16 10:42:39 2026] [   1758]     0  1758   430284    20469    20448       21         0  1134592        0             0 traefik
[Thu Jul 16 10:42:39 2026] [   1761]   472  1761   420362    24705    24678       27         0   786432        0             0 grafana
[Thu Jul 16 10:42:39 2026] [   1773] 65534  1773   309607     1811     1770       41         0   147456        0             0 postgres_export
[Thu Jul 16 10:42:39 2026] [   1780] 65534  1780   310488     2366     2360        6         0   126976        0             0 node_exporter
[Thu Jul 16 10:42:39 2026] [   1782] 65534  1782   453364    21737    21731        6         0   630784        0             0 prometheus
[Thu Jul 16 10:42:39 2026] [   1794] 59000  1794   308648     2686     2655       31         0   126976        0             0 redis_exporter
[Thu Jul 16 10:42:39 2026] [   1801]    70  1801     2826     1136     1135        1         0    65536        0             0 pgbouncer
[Thu Jul 16 10:42:39 2026] [  18392]     0 18392   514935     1294     1283       11         0   245760        0          -998 containerd-shim
[Thu Jul 16 10:42:39 2026] [  18416]  1000 18416    10057     4944     4906       38         0   126976        0             0 uvicorn
[Thu Jul 16 10:42:39 2026] [  18482]  1000 18482     5286     2672     2622       50         0    77824        0             0 python3.12
[Thu Jul 16 10:42:39 2026] [  18483]  1000 18483   687732    31310    31310        0         0   835584        0             0 python3.12
[Thu Jul 16 10:42:39 2026] [  18484]  1000 18484   608957    29887    29857       30         0   630784        0             0 python3.12
[Thu Jul 16 10:42:39 2026] [  18485]  1000 18485   665068    33269    33269        0         0   757760        0             0 python3.12
[Thu Jul 16 10:42:39 2026] [  18486]  1000 18486   609217    30323    30293       30         0   622592        0             0 python3.12
[Thu Jul 16 10:42:39 2026] [  18487]  1000 18487   608955    30161    30142       19         0   622592        0             0 python3.12
[Thu Jul 16 10:42:39 2026] [  18488]  1000 18488   609215    30189    30189        0         0   634880        0             0 python3.12
[Thu Jul 16 10:42:39 2026] [  18489]  1000 18489   686716    29923    29899       24         0   811008        0             0 python3.12
[Thu Jul 16 10:42:39 2026] [  18490]  1000 18490   651159    35693    35693        0         0   749568        0             0 python3.12
[Thu Jul 16 10:42:39 2026] [  25016]     0 25016     8574      711      672       39         0   114688        0             0 sshd-session
[Thu Jul 16 10:42:39 2026] [  25041] 1674562704 25041     5503      542      512       30         0    90112        0           100 systemd
[Thu Jul 16 10:42:39 2026] [  25043] 1674562704 25043     9744      746      744        2         0   106496        0           100 (sd-pam)
[Thu Jul 16 10:42:39 2026] [  25057] 1674562704 25057     8574      752      752        0         0   114688        0             0 sshd-session
[Thu Jul 16 10:42:39 2026] [  25058] 1674562704 25058     8114      564      544       20         0   102400        0             0 sudo
[Thu Jul 16 10:42:39 2026] [  25059]     0 25059     1122       94       64       30         0    53248        0             0 bash
[Thu Jul 16 10:42:39 2026] [  25061]     0 25061      817       32       32        0         0    45056        0             0 dmesg
[Thu Jul 16 10:42:39 2026] [  25062]     0 25062     1122       39       39        0         0    53248        0             0 bash
[Thu Jul 16 10:42:39 2026] [  25063]     0 25063     1122       74       39       35         0    53248        0             0 bash
[Thu Jul 16 10:42:39 2026] [  25067]     0 25067    27003    14593      384       65     14144   233472        0         -1000 stress-ng
[Thu Jul 16 10:42:39 2026] [  25079]     0 25079    27004      914      884       30         0    94208        0         -1000 stress-ng-vm
[Thu Jul 16 10:42:39 2026] [  25080]     0 25080  1599869  1573656  1573656        0         0 12705792        0          1000 stress-ng-vm
[Thu Jul 16 10:42:39 2026] [  25155]     0 25155    27003    14602      384       74     14144   221184        0         -1000 stress-ng
[Thu Jul 16 10:42:39 2026] [  25160]     0 25160    27004      421      373       48         0    77824        0         -1000 stress-ng-vm
[Thu Jul 16 10:42:39 2026] [  25239]     0 25239     8759       15        0       15         0    49152        0             0 stress-ng
[Thu Jul 16 10:42:39 2026] [  25240]     0 25240     8168      416      416        0         0    53248        0             0 docker
[Thu Jul 16 10:42:39 2026] [  25241]     0 25241     1225       32       32        0         0    49152        0             0 free
[Thu Jul 16 10:42:39 2026] [  25242]     0 25242  2648445  1966246  1966229       17         0 15847424        0          1000 stress-ng-vm
[Thu Jul 16 10:42:39 2026] oom-kill:constraint=CONSTRAINT_NONE,nodemask=(null),cpuset=docker-3153a94b189bde15fdbf3d7a0c1fefa20eee263a279d46558d5d32d570a70782.scope,mems_allowed=0,global_oom,task_memcg=/user.slice/user-1674562704.slice/session-40.scope,task=stress-ng-vm,pid=25242,uid=0
[Thu Jul 16 10:42:39 2026] Out of memory: Killed process 25242 (stress-ng-vm) total-vm:10593780kB, anon-rss:7864916kB, file-rss:68kB, shmem-rss:0kB, UID:0 pgtables:15476kB oom_score_adj:1000
[Thu Jul 16 10:42:54 2026] grafana invoked oom-killer: gfp_mask=0x140cca(GFP_HIGHUSER_MOVABLE|__GFP_COMP), order=0, oom_score_adj=0
[Thu Jul 16 10:42:54 2026] CPU: 3 UID: 472 PID: 2192 Comm: grafana Not tainted 6.12.95+deb13-cloud-amd64 #1  Debian 6.12.95-1
[Thu Jul 16 10:42:54 2026] Hardware name: Google Google Compute Engine/Google Compute Engine, BIOS Google 05/09/2026
[Thu Jul 16 10:42:54 2026] Call Trace:
